Component: ARM Compiler 5.06 update 6 (build 750) Tool: armlink [4d35ed]

==============================================================================

Section Cross References

    blinky.o(i.main) refers to sysctl.o(i.SysCtlPeripheralEnable) for SysCtlPeripheralEnable
    blinky.o(i.main) refers to sysctl.o(i.SysCtlPeripheralReady) for SysCtlPeripheralReady
    blinky.o(i.main) refers to gpio.o(i.GPIOPinTypeGPIOOutput) for GPIOPinTypeGPIOOutput
    blinky.o(i.main) refers to tasks.o(i.xTaskCreateStatic) for xTaskCreateStatic
    blinky.o(i.main) refers to gpio.o(i.GPIOPinWrite) for GPIOPinWrite
    blinky.o(i.main) refers to tasks.o(i.vTaskStartScheduler) for vTaskStartScheduler
    blinky.o(i.main) refers to blinky.o(.bss) for .bss
    blinky.o(i.main) refers to blinky.o(i.vBlueLedControllerTask) for vBlueLedControllerTask
    blinky.o(i.main) refers to blinky.o(.data) for .data
    blinky.o(i.main) refers to blinky.o(i.vGreenLedControllerTask) for vGreenLedControllerTask
    blinky.o(i.main) refers to blinky.o(i.vRedLedControllerTask) for vRedLedControllerTask
    blinky.o(i.vApplicationGetIdleTaskMemory) refers to blinky.o(.bss) for .bss
    blinky.o(i.vApplicationGetTimerTaskMemory) refers to blinky.o(.bss) for .bss
    blinky.o(i.vBlueLedControllerTask) refers to gpio.o(i.GPIOPinWrite) for GPIOPinWrite
    blinky.o(i.vBlueLedControllerTask) refers to blinky.o(.data) for .data
    blinky.o(i.vGreenLedControllerTask) refers to gpio.o(i.GPIOPinWrite) for GPIOPinWrite
    blinky.o(i.vGreenLedControllerTask) refers to blinky.o(.data) for .data
    blinky.o(i.vRedLedControllerTask) refers to gpio.o(i.GPIOPinWrite) for GPIOPinWrite
    blinky.o(i.vRedLedControllerTask) refers to blinky.o(.data) for .data
    startup_tm4c123.o(RESET) refers to startup_tm4c123.o(STACK) for __initial_sp
    startup_tm4c123.o(RESET) refers to startup_tm4c123.o(.text) for Reset_Handler
    startup_tm4c123.o(RESET) refers to port.o(.emb_text) for SVC_Handler
    startup_tm4c123.o(RESET) refers to port.o(i.SysTick_Handler) for SysTick_Handler
    startup_tm4c123.o(.text) refers to system_tm4c123.o(i.SystemInit) for SystemInit
    startup_tm4c123.o(.text) refers to entry.o(.ARM.Collect$$$$00000000) for __main
    system_tm4c123.o(i.SystemCoreClockUpdate) refers to system_tm4c123.o(i.getOscClk) for getOscClk
    system_tm4c123.o(i.SystemCoreClockUpdate) refers to system_tm4c123.o(.data) for .data
    heap_4.o(i.prvHeapInit) refers to heap_4.o(.bss) for .bss
    heap_4.o(i.prvHeapInit) refers to heap_4.o(.data) for .data
    heap_4.o(i.prvInsertBlockIntoFreeList) refers to heap_4.o(.data) for .data
    heap_4.o(i.pvPortMalloc) refers to tasks.o(i.vTaskSuspendAll) for vTaskSuspendAll
    heap_4.o(i.pvPortMalloc) refers to heap_4.o(i.prvHeapInit) for prvHeapInit
    heap_4.o(i.pvPortMalloc) refers to heap_4.o(i.prvInsertBlockIntoFreeList) for prvInsertBlockIntoFreeList
    heap_4.o(i.pvPortMalloc) refers to tasks.o(i.xTaskResumeAll) for xTaskResumeAll
    heap_4.o(i.pvPortMalloc) refers to heap_4.o(.data) for .data
    heap_4.o(i.vPortFree) refers to tasks.o(i.vTaskSuspendAll) for vTaskSuspendAll
    heap_4.o(i.vPortFree) refers to heap_4.o(i.prvInsertBlockIntoFreeList) for prvInsertBlockIntoFreeList
    heap_4.o(i.vPortFree) refers to tasks.o(i.xTaskResumeAll) for xTaskResumeAll
    heap_4.o(i.vPortFree) refers to heap_4.o(.data) for .data
    heap_4.o(i.vPortGetHeapStats) refers to tasks.o(i.vTaskSuspendAll) for vTaskSuspendAll
    heap_4.o(i.vPortGetHeapStats) refers to tasks.o(i.xTaskResumeAll) for xTaskResumeAll
    heap_4.o(i.vPortGetHeapStats) refers to port.o(i.vPortEnterCritical) for vPortEnterCritical
    heap_4.o(i.vPortGetHeapStats) refers to port.o(i.vPortExitCritical) for vPortExitCritical
    heap_4.o(i.vPortGetHeapStats) refers to heap_4.o(.data) for .data
    heap_4.o(i.xPortGetFreeHeapSize) refers to heap_4.o(.data) for .data
    heap_4.o(i.xPortGetMinimumEverFreeHeapSize) refers to heap_4.o(.data) for .data
    port.o(.emb_text) refers to tasks.o(i.vTaskSwitchContext) for vTaskSwitchContext
    port.o(.emb_text) refers to tasks.o(.data) for pxCurrentTCB
    port.o(i.SysTick_Handler) refers to tasks.o(i.xTaskIncrementTick) for xTaskIncrementTick
    port.o(i.prvTaskExitError) refers to port.o(.data) for .data
    port.o(i.pxPortInitialiseStack) refers to port.o(i.prvTaskExitError) for prvTaskExitError
    port.o(i.vPortEndScheduler) refers to port.o(.data) for .data
    port.o(i.vPortEnterCritical) refers to port.o(.data) for .data
    port.o(i.vPortExitCritical) refers to port.o(.data) for .data
    port.o(i.vPortSetupTimerInterrupt) refers to system_tm4c123.o(.data) for SystemCoreClock
    port.o(i.vPortSetupTimerInterrupt) refers to port.o(.data) for .data
    port.o(i.vPortSuppressTicksAndSleep) refers to tasks.o(i.eTaskConfirmSleepModeStatus) for eTaskConfirmSleepModeStatus
    port.o(i.vPortSuppressTicksAndSleep) refers to tasks.o(i.vTaskStepTick) for vTaskStepTick
[...]
    queue.o(i.xQueueGiveFromISR) refers to port.o(i.vPortValidateInterruptPriority) for vPortValidateInterruptPriority
    queue.o(i.xQueueGiveFromISR) refers to queue.o(i.prvNotifyQueueSetContainer) for prvNotifyQueueSetContainer
    queue.o(i.xQueueGiveFromISR) refers to tasks.o(i.xTaskRemoveFromEventList) for xTaskRemoveFromEventList
    queue.o(i.xQueueGiveMutexRecursive) refers to tasks.o(i.xTaskGetCurrentTaskHandle) for xTaskGetCurrentTaskHandle
    queue.o(i.xQueueGiveMutexRecursive) refers to queue.o(i.xQueueGenericSend) for xQueueGenericSend
    queue.o(i.xQueuePeek) refers to tasks.o(i.xTaskGetSchedulerState) for xTaskGetSchedulerState
    queue.o(i.xQueuePeek) refers to port.o(i.vPortEnterCritical) for vPortEnterCritical
    queue.o(i.xQueuePeek) refers to queue.o(i.prvCopyDataFromQueue) for prvCopyDataFromQueue
    queue.o(i.xQueuePeek) refers to tasks.o(i.xTaskRemoveFromEventList) for xTaskRemoveFromEventList
    queue.o(i.xQueuePeek) refers to port.o(i.vPortExitCritical) for vPortExitCritical
    queue.o(i.xQueuePeek) refers to tasks.o(i.vTaskInternalSetTimeOutState) for vTaskInternalSetTimeOutState
    queue.o(i.xQueuePeek) refers to tasks.o(i.vTaskSuspendAll) for vTaskSuspendAll
    queue.o(i.xQueuePeek) refers to tasks.o(i.xTaskCheckForTimeOut) for xTaskCheckForTimeOut
    queue.o(i.xQueuePeek) refers to queue.o(i.prvUnlockQueue) for prvUnlockQueue
    queue.o(i.xQueuePeek) refers to tasks.o(i.xTaskResumeAll) for xTaskResumeAll
    queue.o(i.xQueuePeek) refers to queue.o(i.prvIsQueueEmpty) for prvIsQueueEmpty
    queue.o(i.xQueuePeek) refers to tasks.o(i.vTaskPlaceOnEventList) for vTaskPlaceOnEventList
    queue.o(i.xQueuePeekFromISR) refers to port.o(i.vPortValidateInterruptPriority) for vPortValidateInterruptPriority
    queue.o(i.xQueuePeekFromISR) refers to queue.o(i.prvCopyDataFromQueue) for prvCopyDataFromQueue
    queue.o(i.xQueueReceive) refers to tasks.o(i.xTaskGetSchedulerState) for xTaskGetSchedulerState
    queue.o(i.xQueueReceive) refers to port.o(i.vPortEnterCritical) for vPortEnterCritical
    queue.o(i.xQueueReceive) refers to queue.o(i.prvCopyDataFromQueue) for prvCopyDataFromQueue
    queue.o(i.xQueueReceive) refers to tasks.o(i.xTaskRemoveFromEventList) for xTaskRemoveFromEventList
    queue.o(i.xQueueReceive) refers to port.o(i.vPortExitCritical) for vPortExitCritical
    queue.o(i.xQueueReceive) refers to tasks.o(i.vTaskInternalSetTimeOutState) for vTaskInternalSetTimeOutState
    queue.o(i.xQueueReceive) refers to tasks.o(i.vTaskSuspendAll) for vTaskSuspendAll
    queue.o(i.xQueueReceive) refers to tasks.o(i.xTaskCheckForTimeOut) for xTaskCheckForTimeOut
    queue.o(i.xQueueReceive) refers to queue.o(i.prvUnlockQueue) for prvUnlockQueue
    queue.o(i.xQueueReceive) refers to tasks.o(i.xTaskResumeAll) for xTaskResumeAll
    queue.o(i.xQueueReceive) refers to queue.o(i.prvIsQueueEmpty) for prvIsQueueEmpty
    queue.o(i.xQueueReceive) refers to tasks.o(i.vTaskPlaceOnEventList) for vTaskPlaceOnEventList
    queue.o(i.xQueueReceiveFromISR) refers to port.o(i.vPortValidateInterruptPriority) for vPortValidateInterruptPriority
    queue.o(i.xQueueReceiveFromISR) refers to queue.o(i.prvCopyDataFromQueue) for prvCopyDataFromQueue
    queue.o(i.xQueueReceiveFromISR) refers to tasks.o(i.xTaskRemoveFromEventList) for xTaskRemoveFromEventList
    queue.o(i.xQueueRemoveFromSet) refers to port.o(i.vPortEnterCritical) for vPortEnterCritical
    queue.o(i.xQueueRemoveFromSet) refers to port.o(i.vPortExitCritical) for vPortExitCritical
    queue.o(i.xQueueSelectFromSet) refers to queue.o(i.xQueueReceive) for xQueueReceive
    queue.o(i.xQueueSelectFromSetFromISR) refers to queue.o(i.xQueueReceiveFromISR) for xQueueReceiveFromISR
    queue.o(i.xQueueSemaphoreTake) refers to tasks.o(i.xTaskGetSchedulerState) for xTaskGetSchedulerState
    queue.o(i.xQueueSemaphoreTake) refers to port.o(i.vPortEnterCritical) for vPortEnterCritical
    queue.o(i.xQueueSemaphoreTake) refers to tasks.o(i.pvTaskIncrementMutexHeldCount) for pvTaskIncrementMutexHeldCount
    queue.o(i.xQueueSemaphoreTake) refers to tasks.o(i.xTaskRemoveFromEventList) for xTaskRemoveFromEventList
    queue.o(i.xQueueSemaphoreTake) refers to port.o(i.vPortExitCritical) for vPortExitCritical
    queue.o(i.xQueueSemaphoreTake) refers to tasks.o(i.vTaskInternalSetTimeOutState) for vTaskInternalSetTimeOutState
    queue.o(i.xQueueSemaphoreTake) refers to tasks.o(i.vTaskSuspendAll) for vTaskSuspendAll
    queue.o(i.xQueueSemaphoreTake) refers to tasks.o(i.xTaskCheckForTimeOut) for xTaskCheckForTimeOut
    queue.o(i.xQueueSemaphoreTake) refers to queue.o(i.prvUnlockQueue) for prvUnlockQueue
    queue.o(i.xQueueSemaphoreTake) refers to tasks.o(i.xTaskResumeAll) for xTaskResumeAll
    queue.o(i.xQueueSemaphoreTake) refers to queue.o(i.prvIsQueueEmpty) for prvIsQueueEmpty
    queue.o(i.xQueueSemaphoreTake) refers to tasks.o(i.xTaskPriorityInherit) for xTaskPriorityInherit
    queue.o(i.xQueueSemaphoreTake) refers to tasks.o(i.vTaskPlaceOnEventList) for vTaskPlaceOnEventList
    queue.o(i.xQueueSemaphoreTake) refers to tasks.o(i.vTaskPriorityDisinheritAfterTimeout) for vTaskPriorityDisinheritAfterTimeout
    queue.o(i.xQueueTakeMutexRecursive) refers to tasks.o(i.xTaskGetCurrentTaskHandle) for xTaskGetCurrentTaskHandle
    queue.o(i.xQueueTakeMutexRecursive) refers to queue.o(i.xQueueSemaphoreTake) for xQueueSemaphoreTake
    tasks.o(i.eTaskConfirmSleepModeStatus) refers to tasks.o(.bss) for .bss
    tasks.o(i.eTaskConfirmSleepModeStatus) refers to tasks.o(.data) for .data
    tasks.o(i.eTaskGetState) refers to port.o(i.vPortEnterCritical) for vPortEnterCritical
    tasks.o(i.eTaskGetState) refers to port.o(i.vPortExitCritical) for vPortExitCritical
    tasks.o(i.eTaskGetState) refers to tasks.o(.data) for .data
    tasks.o(i.eTaskGetState) refers to tasks.o(.bss) for .bss
    tasks.o(i.pcTaskGetName) refers to tasks.o(.data) for .data
    tasks.o(i.prvAddCurrentTaskToDelayedList) refers to list.o(i.uxListRemove) for uxListRemove
    tasks.o(i.prvAddCurrentTaskToDelayedList) refers to list.o(i.vListInsertEnd) for vListInsertEnd
    tasks.o(i.prvAddCurrentTaskToDelayedList) refers to list.o(i.vListInsert) for vListInsert
    tasks.o(i.prvAddCurrentTaskToDelayedList) refers to tasks.o(.data) for .data
    tasks.o(i.prvAddCurrentTaskToDelayedList) refers to tasks.o(.bss) for .bss
    tasks.o(i.prvAddNewTaskToReadyList) refers to port.o(i.vPortEnterCritical) for vPortEnterCritical
    tasks.o(i.prvAddNewTaskToReadyList) refers to list.o(i.vListInitialise) for vListInitialise
    tasks.o(i.prvAddNewTaskToReadyList) refers to list.o(i.vListInsertEnd) for vListInsertEnd
    tasks.o(i.prvAddNewTaskToReadyList) refers to port.o(i.vPortExitCritical) for vPortExitCritical
    tasks.o(i.prvAddNewTaskToReadyList) refers to tasks.o(.data) for .data
    tasks.o(i.prvAddNewTaskToReadyList) refers to tasks.o(.bss) for .bss
    tasks.o(i.prvDeleteTCB) refers to heap_4.o(i.vPortFree) for vPortFree
    tasks.o(i.prvGetExpectedIdleTime) refers to tasks.o(.data) for .data
    tasks.o(i.prvGetExpectedIdleTime) refers to tasks.o(.bss) for .bss
    tasks.o(i.prvIdleTask) refers to port.o(i.vPortEnterCritical) for vPortEnterCritical
    tasks.o(i.prvIdleTask) refers to list.o(i.uxListRemove) for uxListRemove
    tasks.o(i.prvIdleTask) refers to port.o(i.vPortExitCritical) for vPortExitCritical
    tasks.o(i.prvIdleTask) refers to tasks.o(i.prvDeleteTCB) for prvDeleteTCB
    tasks.o(i.prvIdleTask) refers to tasks.o(i.prvGetExpectedIdleTime) for prvGetExpectedIdleTime
    tasks.o(i.prvIdleTask) refers to tasks.o(i.vTaskSuspendAll) for vTaskSuspendAll
    tasks.o(i.prvIdleTask) refers to port.o(i.vPortSuppressTicksAndSleep) for vPortSuppressTicksAndSleep
    tasks.o(i.prvIdleTask) refers to tasks.o(i.xTaskResumeAll) for xTaskResumeAll
    tasks.o(i.prvIdleTask) refers to tasks.o(.data) for .data
    tasks.o(i.prvIdleTask) refers to tasks.o(.bss) for .bss
    tasks.o(i.prvInitialiseNewTask) refers to memseta.o(.text) for __aeabi_memset
    tasks.o(i.prvInitialiseNewTask) refers to list.o(i.vListInitialiseItem) for vListInitialiseItem
    tasks.o(i.prvInitialiseNewTask) refers to port.o(i.pxPortInitialiseStack) for pxPortInitialiseStack
    tasks.o(i.prvListTasksWithinSingleList) refers to tasks.o(i.vTaskGetInfo) for vTaskGetInfo
    tasks.o(i.prvResetNextTaskUnblockTime) refers to tasks.o(.data) for .data
    tasks.o(i.prvTaskIsTaskSuspended) refers to tasks.o(.bss) for .bss
    tasks.o(i.pvTaskIncrementMutexHeldCount) refers to tasks.o(.data) for .data
    tasks.o(i.ulTaskNotifyTake) refers to port.o(i.vPortEnterCritical) for vPortEnterCritical
    tasks.o(i.ulTaskNotifyTake) refers to tasks.o(i.prvAddCurrentTaskToDelayedList) for prvAddCurrentTaskToDelayedList
    tasks.o(i.ulTaskNotifyTake) refers to port.o(i.vPortExitCritical) for vPortExitCritical
    tasks.o(i.ulTaskNotifyTake) refers to tasks.o(.data) for .data
    tasks.o(i.ulTaskNotifyValueClear) refers to port.o(i.vPortEnterCritical) for vPortEnterCritical
    tasks.o(i.ulTaskNotifyValueClear) refers to port.o(i.vPortExitCritical) for vPortExitCritical
    tasks.o(i.ulTaskNotifyValueClear) refers to tasks.o(.data) for .data
    tasks.o(i.uxTaskGetNumberOfTasks) refers to tasks.o(.data) for .data
    tasks.o(i.uxTaskGetStackHighWaterMark) refers to tasks.o(i.prvTaskCheckFreeStackSpace) for prvTaskCheckFreeStackSpace
    tasks.o(i.uxTaskGetStackHighWaterMark) refers to tasks.o(.data) for .data
    tasks.o(i.uxTaskGetStackHighWaterMark2) refers to tasks.o(i.prvTaskCheckFreeStackSpace) for prvTaskCheckFreeStackSpace
    tasks.o(i.uxTaskGetStackHighWaterMark2) refers to tasks.o(.data) for .data
    tasks.o(i.uxTaskGetSystemState) refers to tasks.o(i.vTaskSuspendAll) for vTaskSuspendAll
    tasks.o(i.uxTaskGetSystemState) refers to tasks.o(i.prvListTasksWithinSingleList) for prvListTasksWithinSingleList
    tasks.o(i.uxTaskGetSystemState) refers to tasks.o(i.xTaskResumeAll) for xTaskResumeAll
    tasks.o(i.uxTaskGetSystemState) refers to tasks.o(.data) for .data
    tasks.o(i.uxTaskGetSystemState) refers to tasks.o(.bss) for .bss
    tasks.o(i.uxTaskPriorityGet) refers to port.o(i.vPortEnterCritical) for vPortEnterCritical
    tasks.o(i.uxTaskPriorityGet) refers to port.o(i.vPortExitCritical) for vPortExitCritical
    tasks.o(i.uxTaskPriorityGet) refers to tasks.o(.data) for .data
    tasks.o(i.uxTaskPriorityGetFromISR) refers to port.o(i.vPortValidateInterruptPriority) for vPortValidateInterruptPriority
    tasks.o(i.uxTaskPriorityGetFromISR) refers to tasks.o(.data) for .data
    tasks.o(i.uxTaskResetEventItemValue) refers to tasks.o(.data) for .data
    tasks.o(i.vTaskDelay) refers to tasks.o(i.vTaskSuspendAll) for vTaskSuspendAll
    tasks.o(i.vTaskDelay) refers to tasks.o(i.prvAddCurrentTaskToDelayedList) for prvAddCurrentTaskToDelayedList
    tasks.o(i.vTaskDelay) refers to tasks.o(i.xTaskResumeAll) for xTaskResumeAll
    tasks.o(i.vTaskDelay) refers to tasks.o(.data) for .data
    tasks.o(i.vTaskDelayUntil) refers to tasks.o(i.vTaskSuspendAll) for vTaskSuspendAll
    tasks.o(i.vTaskDelayUntil) refers to tasks.o(i.prvAddCurrentTaskToDelayedList) for prvAddCurrentTaskToDelayedList
    tasks.o(i.vTaskDelayUntil) refers to tasks.o(i.xTaskResumeAll) for xTaskResumeAll
    tasks.o(i.vTaskDelayUntil) refers to tasks.o(.data) for .data
    tasks.o(i.vTaskDelete) refers to port.o(i.vPortEnterCritical) for vPortEnterCritical
    tasks.o(i.vTaskDelete) refers to list.o(i.uxListRemove) for uxListRemove
    tasks.o(i.vTaskDelete) refers to list.o(i.vListInsertEnd) for vListInsertEnd
    tasks.o(i.vTaskDelete) refers to tasks.o(i.prvDeleteTCB) for prvDeleteTCB
    tasks.o(i.vTaskDelete) refers to tasks.o(i.prvResetNextTaskUnblockTime) for prvResetNextTaskUnblockTime
    tasks.o(i.vTaskDelete) refers to port.o(i.vPortExitCritical) for vPortExitCritical
    tasks.o(i.vTaskDelete) refers to tasks.o(.data) for .data
    tasks.o(i.vTaskDelete) refers to tasks.o(.bss) for .bss
    tasks.o(i.vTaskEndScheduler) refers to port.o(i.vPortEndScheduler) for vPortEndScheduler
    tasks.o(i.vTaskEndScheduler) refers to tasks.o(.data) for .data
    tasks.o(i.vTaskGetInfo) refers to tasks.o(i.vTaskSuspendAll) for vTaskSuspendAll
    tasks.o(i.vTaskGetInfo) refers to tasks.o(i.xTaskResumeAll) for xTaskResumeAll
    tasks.o(i.vTaskGetInfo) refers to tasks.o(i.eTaskGetState) for eTaskGetState
    tasks.o(i.vTaskGetInfo) refers to tasks.o(i.prvTaskCheckFreeStackSpace) for prvTaskCheckFreeStackSpace
    tasks.o(i.vTaskGetInfo) refers to tasks.o(.data) for .data
    tasks.o(i.vTaskInternalSetTimeOutState) refers to tasks.o(.data) for .data
    tasks.o(i.vTaskMissedYield) refers to tasks.o(.data) for .data
    tasks.o(i.vTaskNotifyGiveFromISR) refers to port.o(i.vPortValidateInterruptPriority) for vPortValidateInterruptPriority
    tasks.o(i.vTaskNotifyGiveFromISR) refers to list.o(i.vListInsertEnd) for vListInsertEnd
    tasks.o(i.vTaskNotifyGiveFromISR) refers to list.o(i.uxListRemove) for uxListRemove
    tasks.o(i.vTaskNotifyGiveFromISR) refers to tasks.o(.data) for .data
    tasks.o(i.vTaskNotifyGiveFromISR) refers to tasks.o(.bss) for .bss
    tasks.o(i.vTaskPlaceOnEventList) refers to list.o(i.vListInsert) for vListInsert
    tasks.o(i.vTaskPlaceOnEventList) refers to tasks.o(i.prvAddCurrentTaskToDelayedList) for prvAddCurrentTaskToDelayedList
    tasks.o(i.vTaskPlaceOnEventList) refers to tasks.o(.data) for .data
    tasks.o(i.vTaskPlaceOnUnorderedEventList) refers to list.o(i.vListInsertEnd) for vListInsertEnd
    tasks.o(i.vTaskPlaceOnUnorderedEventList) refers to tasks.o(i.prvAddCurrentTaskToDelayedList) for prvAddCurrentTaskToDelayedList
    tasks.o(i.vTaskPlaceOnUnorderedEventList) refers to tasks.o(.data) for .data
    tasks.o(i.vTaskPriorityDisinheritAfterTimeout) refers to list.o(i.uxListRemove) for uxListRemove
    tasks.o(i.vTaskPriorityDisinheritAfterTimeout) refers to list.o(i.vListInsertEnd) for vListInsertEnd
    tasks.o(i.vTaskPriorityDisinheritAfterTimeout) refers to tasks.o(.data) for .data
    tasks.o(i.vTaskPriorityDisinheritAfterTimeout) refers to tasks.o(.bss) for .bss
    tasks.o(i.vTaskPrioritySet) refers to port.o(i.vPortEnterCritical) for vPortEnterCritical
    tasks.o(i.vTaskPrioritySet) refers to list.o(i.uxListRemove) for uxListRemove
    tasks.o(i.vTaskPrioritySet) refers to list.o(i.vListInsertEnd) for vListInsertEnd
    tasks.o(i.vTaskPrioritySet) refers to port.o(i.vPortExitCritical) for vPortExitCritical
    tasks.o(i.vTaskPrioritySet) refers to tasks.o(.data) for .data
    tasks.o(i.vTaskPrioritySet) refers to tasks.o(.bss) for .bss
    tasks.o(i.vTaskRemoveFromUnorderedEventList) refers to list.o(i.uxListRemove) for uxListRemove
    tasks.o(i.vTaskRemoveFromUnorderedEventList) refers to tasks.o(i.prvResetNextTaskUnblockTime) for prvResetNextTaskUnblockTime
    tasks.o(i.vTaskRemoveFromUnorderedEventList) refers to list.o(i.vListInsertEnd) for vListInsertEnd
    tasks.o(i.vTaskRemoveFromUnorderedEventList) refers to tasks.o(.data) for .data
    tasks.o(i.vTaskRemoveFromUnorderedEventList) refers to tasks.o(.bss) for .bss
    tasks.o(i.vTaskResume) refers to port.o(i.vPortEnterCritical) for vPortEnterCritical
    tasks.o(i.vTaskResume) refers to tasks.o(i.prvTaskIsTaskSuspended) for prvTaskIsTaskSuspended
    tasks.o(i.vTaskResume) refers to list.o(i.uxListRemove) for uxListRemove
    tasks.o(i.vTaskResume) refers to list.o(i.vListInsertEnd) for vListInsertEnd
    tasks.o(i.vTaskResume) refers to port.o(i.vPortExitCritical) for vPortExitCritical
    tasks.o(i.vTaskResume) refers to tasks.o(.data) for .data
    tasks.o(i.vTaskResume) refers to tasks.o(.bss) for .bss
    tasks.o(i.vTaskSetTimeOutState) refers to port.o(i.vPortEnterCritical) for vPortEnterCritical
    tasks.o(i.vTaskSetTimeOutState) refers to port.o(i.vPortExitCritical) for vPortExitCritical
    tasks.o(i.vTaskSetTimeOutState) refers to tasks.o(.data) for .data
    tasks.o(i.vTaskStartScheduler) refers to blinky.o(i.vApplicationGetIdleTaskMemory) for vApplicationGetIdleTaskMemory
    tasks.o(i.vTaskStartScheduler) refers to tasks.o(i.xTaskCreateStatic) for xTaskCreateStatic
    tasks.o(i.vTaskStartScheduler) refers to port.o(i.xPortStartScheduler) for xPortStartScheduler
    tasks.o(i.vTaskStartScheduler) refers to tasks.o(i.prvIdleTask) for prvIdleTask
    tasks.o(i.vTaskStartScheduler) refers to tasks.o(.data) for .data
    tasks.o(i.vTaskStepTick) refers to tasks.o(.data) for .data
    tasks.o(i.vTaskSuspend) refers to port.o(i.vPortEnterCritical) for vPortEnterCritical
    tasks.o(i.vTaskSuspend) refers to list.o(i.uxListRemove) for uxListRemove
    tasks.o(i.vTaskSuspend) refers to list.o(i.vListInsertEnd) for vListInsertEnd
    tasks.o(i.vTaskSuspend) refers to port.o(i.vPortExitCritical) for vPortExitCritical
    tasks.o(i.vTaskSuspend) refers to tasks.o(i.prvResetNextTaskUnblockTime) for prvResetNextTaskUnblockTime
    tasks.o(i.vTaskSuspend) refers to tasks.o(i.vTaskSwitchContext) for vTaskSwitchContext
    tasks.o(i.vTaskSuspend) refers to tasks.o(.data) for .data
    tasks.o(i.vTaskSuspend) refers to tasks.o(.bss) for .bss
    tasks.o(i.vTaskSuspendAll) refers to tasks.o(.data) for .data
    tasks.o(i.vTaskSwitchContext) refers to tasks.o(.data) for .data
    tasks.o(i.vTaskSwitchContext) refers to tasks.o(.bss) for .bss
    tasks.o(i.xTaskAbortDelay) refers to tasks.o(i.vTaskSuspendAll) for vTaskSuspendAll
    tasks.o(i.xTaskAbortDelay) refers to tasks.o(i.eTaskGetState) for eTaskGetState
    tasks.o(i.xTaskAbortDelay) refers to tasks.o(i.xTaskResumeAll) for xTaskResumeAll
    tasks.o(i.xTaskAbortDelay) refers to list.o(i.uxListRemove) for uxListRemove
    tasks.o(i.xTaskAbortDelay) refers to port.o(i.vPortEnterCritical) for vPortEnterCritical
    tasks.o(i.xTaskAbortDelay) refers to port.o(i.vPortExitCritical) for vPortExitCritical
    tasks.o(i.xTaskAbortDelay) refers to list.o(i.vListInsertEnd) for vListInsertEnd
    tasks.o(i.xTaskAbortDelay) refers to tasks.o(.data) for .data
    tasks.o(i.xTaskAbortDelay) refers to tasks.o(.bss) for .bss
    tasks.o(i.xTaskCatchUpTicks) refers to tasks.o(i.vTaskSuspendAll) for vTaskSuspendAll
    tasks.o(i.xTaskCatchUpTicks) refers to tasks.o(i.xTaskResumeAll) for xTaskResumeAll
    tasks.o(i.xTaskCatchUpTicks) refers to tasks.o(.data) for .data
    tasks.o(i.xTaskCheckForTimeOut) refers to port.o(i.vPortEnterCritical) for vPortEnterCritical
    tasks.o(i.xTaskCheckForTimeOut) refers to port.o(i.vPortExitCritical) for vPortExitCritical
    tasks.o(i.xTaskCheckForTimeOut) refers to tasks.o(i.vTaskInternalSetTimeOutState) for vTaskInternalSetTimeOutState
    tasks.o(i.xTaskCheckForTimeOut) refers to tasks.o(.data) for .data
    tasks.o(i.xTaskCreate) refers to heap_4.o(i.pvPortMalloc) for pvPortMalloc
    tasks.o(i.xTaskCreate) refers to tasks.o(i.prvInitialiseNewTask) for prvInitialiseNewTask
    tasks.o(i.xTaskCreate) refers to tasks.o(i.prvAddNewTaskToReadyList) for prvAddNewTaskToReadyList
    tasks.o(i.xTaskCreate) refers to heap_4.o(i.vPortFree) for vPortFree
    tasks.o(i.xTaskCreateStatic) refers to tasks.o(i.prvInitialiseNewTask) for prvInitialiseNewTask
    tasks.o(i.xTaskCreateStatic) refers to tasks.o(i.prvAddNewTaskToReadyList) for prvAddNewTaskToReadyList
    tasks.o(i.xTaskGenericNotify) refers to port.o(i.vPortEnterCritical) for vPortEnterCritical
    tasks.o(i.xTaskGenericNotify) refers to list.o(i.uxListRemove) for uxListRemove
    tasks.o(i.xTaskGenericNotify) refers to list.o(i.vListInsertEnd) for vListInsertEnd
    tasks.o(i.xTaskGenericNotify) refers to tasks.o(i.prvResetNextTaskUnblockTime) for prvResetNextTaskUnblockTime
    tasks.o(i.xTaskGenericNotify) refers to port.o(i.vPortExitCritical) for vPortExitCritical
    tasks.o(i.xTaskGenericNotify) refers to tasks.o(.data) for .data
    tasks.o(i.xTaskGenericNotify) refers to tasks.o(.bss) for .bss
    tasks.o(i.xTaskGenericNotifyFromISR) refers to port.o(i.vPortValidateInterruptPriority) for vPortValidateInterruptPriority
    tasks.o(i.xTaskGenericNotifyFromISR) refers to list.o(i.vListInsertEnd) for vListInsertEnd
    tasks.o(i.xTaskGenericNotifyFromISR) refers to list.o(i.uxListRemove) for uxListRemove
    tasks.o(i.xTaskGenericNotifyFromISR) refers to tasks.o(.data) for .data
    tasks.o(i.xTaskGenericNotifyFromISR) refers to tasks.o(.bss) for .bss
    tasks.o(i.xTaskGetCurrentTaskHandle) refers to tasks.o(.data) for .data
    tasks.o(i.xTaskGetHandle) refers to strlen.o(.text) for strlen
    tasks.o(i.xTaskGetHandle) refers to tasks.o(i.vTaskSuspendAll) for vTaskSuspendAll
    tasks.o(i.xTaskGetHandle) refers to tasks.o(i.prvSearchForNameWithinSingleList) for prvSearchForNameWithinSingleList
    tasks.o(i.xTaskGetHandle) refers to tasks.o(i.xTaskResumeAll) for xTaskResumeAll
    tasks.o(i.xTaskGetHandle) refers to tasks.o(.bss) for .bss
    tasks.o(i.xTaskGetHandle) refers to tasks.o(.data) for .data
    tasks.o(i.xTaskGetIdleTaskHandle) refers to tasks.o(.data) for .data
    tasks.o(i.xTaskGetSchedulerState) refers to tasks.o(.data) for .data
    tasks.o(i.xTaskGetTickCount) refers to tasks.o(.data) for .data
    tasks.o(i.xTaskGetTickCountFromISR) refers to port.o(i.vPortValidateInterruptPriority) for vPortValidateInterruptPriority
    tasks.o(i.xTaskGetTickCountFromISR) refers to tasks.o(.data) for .data
    tasks.o(i.xTaskIncrementTick) refers to tasks.o(i.prvResetNextTaskUnblockTime) for prvResetNextTaskUnblockTime
    tasks.o(i.xTaskIncrementTick) refers to list.o(i.uxListRemove) for uxListRemove
    tasks.o(i.xTaskIncrementTick) refers to list.o(i.vListInsertEnd) for vListInsertEnd
    tasks.o(i.xTaskIncrementTick) refers to tasks.o(.data) for .data
    tasks.o(i.xTaskIncrementTick) refers to tasks.o(.bss) for .bss
    tasks.o(i.xTaskNotifyStateClear) refers to port.o(i.vPortEnterCritical) for vPortEnterCritical
    tasks.o(i.xTaskNotifyStateClear) refers to port.o(i.vPortExitCritical) for vPortExitCritical
    tasks.o(i.xTaskNotifyStateClear) refers to tasks.o(.data) for .data
    tasks.o(i.xTaskNotifyWait) refers to port.o(i.vPortEnterCritical) for vPortEnterCritical
    tasks.o(i.xTaskNotifyWait) refers to tasks.o(i.prvAddCurrentTaskToDelayedList) for prvAddCurrentTaskToDelayedList
    tasks.o(i.xTaskNotifyWait) refers to port.o(i.vPortExitCritical) for vPortExitCritical
    tasks.o(i.xTaskNotifyWait) refers to tasks.o(.data) for .data
    tasks.o(i.xTaskPriorityDisinherit) refers to list.o(i.uxListRemove) for uxListRemove
    tasks.o(i.xTaskPriorityDisinherit) refers to list.o(i.vListInsertEnd) for vListInsertEnd
    tasks.o(i.xTaskPriorityDisinherit) refers to tasks.o(.data) for .data
    tasks.o(i.xTaskPriorityDisinherit) refers to tasks.o(.bss) for .bss
    tasks.o(i.xTaskPriorityInherit) refers to list.o(i.uxListRemove) for uxListRemove
    tasks.o(i.xTaskPriorityInherit) refers to list.o(i.vListInsertEnd) for vListInsertEnd
    tasks.o(i.xTaskPriorityInherit) refers to tasks.o(.data) for .data
    tasks.o(i.xTaskPriorityInherit) refers to tasks.o(.bss) for .bss
    tasks.o(i.xTaskRemoveFromEventList) refers to list.o(i.uxListRemove) for uxListRemove
    tasks.o(i.xTaskRemoveFromEventList) refers to list.o(i.vListInsertEnd) for vListInsertEnd
    tasks.o(i.xTaskRemoveFromEventList) refers to tasks.o(i.prvResetNextTaskUnblockTime) for prvResetNextTaskUnblockTime
    tasks.o(i.xTaskRemoveFromEventList) refers to tasks.o(.data) for .data
    tasks.o(i.xTaskRemoveFromEventList) refers to tasks.o(.bss) for .bss
    tasks.o(i.xTaskResumeAll) refers to port.o(i.vPortEnterCritical) for vPortEnterCritical
    tasks.o(i.xTaskResumeAll) refers to list.o(i.uxListRemove) for uxListRemove
    tasks.o(i.xTaskResumeAll) refers to list.o(i.vListInsertEnd) for vListInsertEnd
    tasks.o(i.xTaskResumeAll) refers to tasks.o(i.prvResetNextTaskUnblockTime) for prvResetNextTaskUnblockTime
    tasks.o(i.xTaskResumeAll) refers to tasks.o(i.xTaskIncrementTick) for xTaskIncrementTick
    tasks.o(i.xTaskResumeAll) refers to port.o(i.vPortExitCritical) for vPortExitCritical
    tasks.o(i.xTaskResumeAll) refers to tasks.o(.data) for .data
    tasks.o(i.xTaskResumeAll) refers to tasks.o(.bss) for .bss
    tasks.o(i.xTaskResumeFromISR) refers to port.o(i.vPortValidateInterruptPriority) for vPortValidateInterruptPriority
    tasks.o(i.xTaskResumeFromISR) refers to tasks.o(i.prvTaskIsTaskSuspended) for prvTaskIsTaskSuspended
    tasks.o(i.xTaskResumeFromISR) refers to list.o(i.uxListRemove) for uxListRemove
    tasks.o(i.xTaskResumeFromISR) refers to list.o(i.vListInsertEnd) for vListInsertEnd
    tasks.o(i.xTaskResumeFromISR) refers to tasks.o(.data) for .data
    tasks.o(i.xTaskResumeFromISR) refers to tasks.o(.bss) for .bss
    gpio.o(i.GPIOIntRegister) refers to gpio.o(i._GPIOIntNumberGet) for _GPIOIntNumberGet
    gpio.o(i.GPIOIntRegister) refers to interrupt.o(i.IntRegister) for IntRegister
    gpio.o(i.GPIOIntRegister) refers to interrupt.o(i.IntEnable) for IntEnable
    gpio.o(i.GPIOIntRegisterPin) refers to gpio.o(i._GPIOIntNumberGet) for _GPIOIntNumberGet
    gpio.o(i.GPIOIntRegisterPin) refers to interrupt.o(i.IntRegister) for IntRegister
    gpio.o(i.GPIOIntRegisterPin) refers to interrupt.o(i.IntEnable) for IntEnable
    gpio.o(i.GPIOIntUnregister) refers to gpio.o(i._GPIOIntNumberGet) for _GPIOIntNumberGet
    gpio.o(i.GPIOIntUnregister) refers to interrupt.o(i.IntDisable) for IntDisable
    gpio.o(i.GPIOIntUnregister) refers to interrupt.o(i.IntUnregister) for IntUnregister
    gpio.o(i.GPIOIntUnregisterPin) refers to gpio.o(i._GPIOIntNumberGet) for _GPIOIntNumberGet
    gpio.o(i.GPIOIntUnregisterPin) refers to interrupt.o(i.IntDisable) for IntDisable
    gpio.o(i.GPIOIntUnregisterPin) refers to interrupt.o(i.IntUnregister) for IntUnregister
    gpio.o(i.GPIOPinConfigure) refers to gpio.o(.constdata) for .constdata
    gpio.o(i.GPIOPinTypeADC) refers to gpio.o(i.GPIODirModeSet) for GPIODirModeSet
    gpio.o(i.GPIOPinTypeADC) refers to gpio.o(i.GPIOPadConfigSet) for GPIOPadConfigSet
    gpio.o(i.GPIOPinTypeCAN) refers to gpio.o(i.GPIODirModeSet) for GPIODirModeSet
    gpio.o(i.GPIOPinTypeCAN) refers to gpio.o(i.GPIOPadConfigSet) for GPIOPadConfigSet
    gpio.o(i.GPIOPinTypeComparator) refers to gpio.o(i.GPIODirModeSet) for GPIODirModeSet
    gpio.o(i.GPIOPinTypeComparator) refers to gpio.o(i.GPIOPadConfigSet) for GPIOPadConfigSet
    gpio.o(i.GPIOPinTypeComparatorOutput) refers to gpio.o(i.GPIODirModeSet) for GPIODirModeSet
    gpio.o(i.GPIOPinTypeComparatorOutput) refers to gpio.o(i.GPIOPadConfigSet) for GPIOPadConfigSet
    gpio.o(i.GPIOPinTypeDIVSCLK) refers to gpio.o(i.GPIODirModeSet) for GPIODirModeSet
    gpio.o(i.GPIOPinTypeDIVSCLK) refers to gpio.o(i.GPIOPadConfigSet) for GPIOPadConfigSet
    gpio.o(i.GPIOPinTypeEPI) refers to gpio.o(i.GPIODirModeSet) for GPIODirModeSet
    gpio.o(i.GPIOPinTypeEPI) refers to gpio.o(i.GPIOPadConfigSet) for GPIOPadConfigSet
    gpio.o(i.GPIOPinTypeEthernetLED) refers to gpio.o(i.GPIODirModeSet) for GPIODirModeSet
    gpio.o(i.GPIOPinTypeEthernetLED) refers to gpio.o(i.GPIOPadConfigSet) for GPIOPadConfigSet
    gpio.o(i.GPIOPinTypeEthernetMII) refers to gpio.o(i.GPIODirModeSet) for GPIODirModeSet
    gpio.o(i.GPIOPinTypeEthernetMII) refers to gpio.o(i.GPIOPadConfigSet) for GPIOPadConfigSet
    gpio.o(i.GPIOPinTypeGPIOInput) refers to gpio.o(i.GPIODirModeSet) for GPIODirModeSet
    gpio.o(i.GPIOPinTypeGPIOInput) refers to gpio.o(i.GPIOPadConfigSet) for GPIOPadConfigSet
    gpio.o(i.GPIOPinTypeGPIOOutput) refers to gpio.o(i.GPIOPadConfigSet) for GPIOPadConfigSet
    gpio.o(i.GPIOPinTypeGPIOOutput) refers to gpio.o(i.GPIODirModeSet) for GPIODirModeSet
    gpio.o(i.GPIOPinTypeGPIOOutputOD) refers to gpio.o(i.GPIOPadConfigSet) for GPIOPadConfigSet
    gpio.o(i.GPIOPinTypeGPIOOutputOD) refers to gpio.o(i.GPIODirModeSet) for GPIODirModeSet
    gpio.o(i.GPIOPinTypeHibernateRTCCLK) refers to gpio.o(i.GPIODirModeSet) for GPIODirModeSet
    gpio.o(i.GPIOPinTypeHibernateRTCCLK) refers to gpio.o(i.GPIOPadConfigSet) for GPIOPadConfigSet
    gpio.o(i.GPIOPinTypeI2C) refers to gpio.o(i.GPIODirModeSet) for GPIODirModeSet
    gpio.o(i.GPIOPinTypeI2C) refers to gpio.o(i.GPIOPadConfigSet) for GPIOPadConfigSet
    gpio.o(i.GPIOPinTypeI2CSCL) refers to gpio.o(i.GPIODirModeSet) for GPIODirModeSet
    gpio.o(i.GPIOPinTypeI2CSCL) refers to gpio.o(i.GPIOPadConfigSet) for GPIOPadConfigSet
    gpio.o(i.GPIOPinTypeLCD) refers to gpio.o(i.GPIODirModeSet) for GPIODirModeSet
    gpio.o(i.GPIOPinTypeLCD) refers to gpio.o(i.GPIOPadConfigSet) for GPIOPadConfigSet
    gpio.o(i.GPIOPinTypeOneWire) refers to gpio.o(i.GPIODirModeSet) for GPIODirModeSet
    gpio.o(i.GPIOPinTypeOneWire) refers to gpio.o(i.GPIOPadConfigSet) for GPIOPadConfigSet
    gpio.o(i.GPIOPinTypePWM) refers to gpio.o(i.GPIODirModeSet) for GPIODirModeSet
    gpio.o(i.GPIOPinTypePWM) refers to gpio.o(i.GPIOPadConfigSet) for GPIOPadConfigSet
    gpio.o(i.GPIOPinTypeQEI) refers to gpio.o(i.GPIODirModeSet) for GPIODirModeSet
    gpio.o(i.GPIOPinTypeQEI) refers to gpio.o(i.GPIOPadConfigSet) for GPIOPadConfigSet
    gpio.o(i.GPIOPinTypeSSI) refers to gpio.o(i.GPIODirModeSet) for GPIODirModeSet
    gpio.o(i.GPIOPinTypeSSI) refers to gpio.o(i.GPIOPadConfigSet) for GPIOPadConfigSet
    gpio.o(i.GPIOPinTypeTimer) refers to gpio.o(i.GPIODirModeSet) for GPIODirModeSet
    gpio.o(i.GPIOPinTypeTimer) refers to gpio.o(i.GPIOPadConfigSet) for GPIOPadConfigSet
    gpio.o(i.GPIOPinTypeTrace) refers to gpio.o(i.GPIODirModeSet) for GPIODirModeSet
    gpio.o(i.GPIOPinTypeTrace) refers to gpio.o(i.GPIOPadConfigSet) for GPIOPadConfigSet
    gpio.o(i.GPIOPinTypeUART) refers to gpio.o(i.GPIODirModeSet) for GPIODirModeSet
    gpio.o(i.GPIOPinTypeUART) refers to gpio.o(i.GPIOPadConfigSet) for GPIOPadConfigSet
    gpio.o(i.GPIOPinTypeUSBAnalog) refers to gpio.o(i.GPIODirModeSet) for GPIODirModeSet
    gpio.o(i.GPIOPinTypeUSBAnalog) refers to gpio.o(i.GPIOPadConfigSet) for GPIOPadConfigSet
    gpio.o(i.GPIOPinTypeUSBDigital) refers to gpio.o(i.GPIODirModeSet) for GPIODirModeSet
    gpio.o(i.GPIOPinTypeUSBDigital) refers to gpio.o(i.GPIOPadConfigSet) for GPIOPadConfigSet
    gpio.o(i.GPIOPinTypeWakeHigh) refers to gpio.o(i.GPIODirModeSet) for GPIODirModeSet
    gpio.o(i.GPIOPinTypeWakeHigh) refers to gpio.o(i.GPIOPadConfigSet) for GPIOPadConfigSet
    gpio.o(i.GPIOPinTypeWakeLow) refers to gpio.o(i.GPIODirModeSet) for GPIODirModeSet
    gpio.o(i.GPIOPinTypeWakeLow) refers to gpio.o(i.GPIOPadConfigSet) for GPIOPadConfigSet
    gpio.o(i._GPIOIntNumberGet) refers to gpio.o(.constdata) for .constdata
    sysctl.o(i.SysCtlClockFreqSet) refers to sysctl.o(.constdata) for .constdata
    sysctl.o(i.SysCtlClockGet) refers to sysctl.o(.constdata) for .constdata
    sysctl.o(i.SysCtlClockSet) refers to sysctl.o(.emb_text) for SysCtlDelay
    sysctl.o(i.SysCtlDeepSleep) refers to cpu.o(.emb_text) for CPUwfi
    sysctl.o(i.SysCtlIntRegister) refers to interrupt.o(i.IntRegister) for IntRegister
    sysctl.o(i.SysCtlIntRegister) refers to interrupt.o(i.IntEnable) for IntEnable
    sysctl.o(i.SysCtlIntUnregister) refers to interrupt.o(i.IntDisable) for IntDisable
    sysctl.o(i.SysCtlIntUnregister) refers to interrupt.o(i.IntUnregister) for IntUnregister
    sysctl.o(i.SysCtlSleep) refers to cpu.o(.emb_text) for CPUwfi
    sysctl.o(i.SysCtlVCOGet) refers to sysctl.o(.constdata) for .constdata
    interrupt.o(i.IntDisable) refers to interrupt.o(.constdata) for .constdata
    interrupt.o(i.IntEnable) refers to interrupt.o(.constdata) for .constdata
    interrupt.o(i.IntIsEnabled) refers to interrupt.o(.constdata) for .constdata
    interrupt.o(i.IntMasterDisable) refers to cpu.o(.emb_text) for CPUcpsid
    interrupt.o(i.IntMasterEnable) refers to cpu.o(.emb_text) for CPUcpsie
    interrupt.o(i.IntPendClear) refers to interrupt.o(.constdata) for .constdata
    interrupt.o(i.IntPendSet) refers to interrupt.o(.constdata) for .constdata
    interrupt.o(i.IntPriorityGet) refers to interrupt.o(.constdata) for .constdata
    interrupt.o(i.IntPriorityGroupingGet) refers to interrupt.o(.constdata) for .constdata
    interrupt.o(i.IntPriorityGroupingSet) refers to interrupt.o(.constdata) for .constdata
    interrupt.o(i.IntPriorityMaskGet) refers to cpu.o(.emb_text) for CPUbasepriGet
    interrupt.o(i.IntPriorityMaskSet) refers to cpu.o(.emb_text) for CPUbasepriSet
    interrupt.o(i.IntPrioritySet) refers to interrupt.o(.constdata) for .constdata
    interrupt.o(i.IntRegister) refers to interrupt.o(vtable) for vtable
    interrupt.o(i.IntUnregister) refers to interrupt.o(i._IntDefaultHandler) for _IntDefaultHandler
    interrupt.o(i.IntUnregister) refers to interrupt.o(vtable) for vtable
    entry.o(.ARM.Collect$$$$00000000) refers (Special) to entry10a.o(.ARM.Collect$$$$0000000D) for __rt_final_cpp
    entry.o(.ARM.Collect$$$$00000000) refers (Special) to entry11a.o(.ARM.Collect$$$$0000000F) for __rt_final_exit
    entry.o(.ARM.Collect$$$$00000000) refers (Special) to entry7b.o(.ARM.Collect$$$$00000008) for _main_clock
    entry.o(.ARM.Collect$$$$00000000) refers (Special) to entry8b.o(.ARM.Collect$$$$0000000A) for _main_cpp_init
    entry.o(.ARM.Collect$$$$00000000) refers (Special) to entry9a.o(.ARM.Collect$$$$0000000B) for _main_init
    entry.o(.ARM.Collect$$$$00000000) refers (Special) to entry5.o(.ARM.Collect$$$$00000004) for _main_scatterload
    entry.o(.ARM.Collect$$$$00000000) refers (Special) to entry2.o(.ARM.Collect$$$$00000001) for _main_stk
    entry2.o(.ARM.Collect$$$$00000001) refers to entry2.o(.ARM.Collect$$$$00002712) for __lit__00000000
    entry2.o(.ARM.Collect$$$$00002712) refers to startup_tm4c123.o(STACK) for __initial_sp
    entry2.o(__vectab_stack_and_reset_area) refers to startup_tm4c123.o(STACK) for __initial_sp
    entry2.o(__vectab_stack_and_reset_area) refers to entry.o(.ARM.Collect$$$$00000000) for __main
    entry5.o(.ARM.Collect$$$$00000004) refers to init.o(.text) for __scatterload
    entry9a.o(.ARM.Collect$$$$0000000B) refers to blinky.o(i.main) for main
    entry9b.o(.ARM.Collect$$$$0000000C) refers to blinky.o(i.main) for main
    init.o(.text) refers to entry5.o(.ARM.Collect$$$$00000004) for __main_after_scatterload


==============================================================================

Removing Unused input sections from the image.

    Removing blinky.o(i.vApplicationGetTimerTaskMemory), (24 bytes).
    Removing blinky.o(.data), (4 bytes).
    Removing blinky.o(.data), (4 bytes).
    Removing blinky.o(.data), (1 bytes).
    Removing blinky.o(.data), (4 bytes).
    Removing blinky.o(.data), (4 bytes).
    Removing blinky.o(.data), (4 bytes).
    Removing startup_tm4c123.o(HEAP), (0 bytes).
    Removing system_tm4c123.o(.rev16_text), (4 bytes).
    Removing system_tm4c123.o(.revsh_text), (4 bytes).
    Removing system_tm4c123.o(.rrx_text), (6 bytes).
    Removing system_tm4c123.o(i.SystemCoreClockUpdate), (124 bytes).
    Removing system_tm4c123.o(i.getOscClk), (220 bytes).
    Removing list.o(i.vListInsert), (48 bytes).
    Removing heap_4.o(i.prvHeapInit), (76 bytes).
    Removing heap_4.o(i.pvPortMalloc), (220 bytes).
    Removing heap_4.o(i.vPortGetHeapStats), (108 bytes).
    Removing heap_4.o(i.vPortInitialiseBlocks), (2 bytes).
    Removing heap_4.o(i.xPortGetFreeHeapSize), (12 bytes).
    Removing heap_4.o(i.xPortGetMinimumEverFreeHeapSize), (12 bytes).
    Removing heap_4.o(.bss), (4096 bytes).
    Removing port.o(i.vPortEndScheduler), (32 bytes).
    Removing port.o(i.vPortValidateInterruptPriority), (84 bytes).
    Removing queue.o(i.prvCopyDataFromQueue), (38 bytes).
    Removing queue.o(i.prvCopyDataToQueue), (108 bytes).
    Removing queue.o(i.prvInitialiseMutex), (22 bytes).
    Removing queue.o(i.prvInitialiseNewQueue), (36 bytes).
    Removing queue.o(i.prvIsQueueEmpty), (26 bytes).
    Removing queue.o(i.prvNotifyQueueSetContainer), (108 bytes).
    Removing queue.o(i.prvUnlockQueue), (118 bytes).
    Removing queue.o(i.ucQueueGetQueueType), (6 bytes).
    Removing queue.o(i.uxQueueGetQueueNumber), (4 bytes).
    Removing queue.o(i.uxQueueMessagesWaiting), (36 bytes).
    Removing queue.o(i.uxQueueMessagesWaitingFromISR), (22 bytes).
    Removing queue.o(i.uxQueueSpacesAvailable), (40 bytes).
    Removing queue.o(i.vQueueDelete), (32 bytes).
    Removing queue.o(i.vQueueSetQueueNumber), (4 bytes).
    Removing queue.o(i.xQueueAddToSet), (34 bytes).
    Removing queue.o(i.xQueueCreateCountingSemaphore), (58 bytes).
    Removing queue.o(i.xQueueCreateCountingSemaphoreStatic), (64 bytes).
    Removing queue.o(i.xQueueCreateMutex), (22 bytes).
    Removing queue.o(i.xQueueCreateMutexStatic), (26 bytes).
    Removing queue.o(i.xQueueCreateSet), (8 bytes).
    Removing queue.o(i.xQueueGenericCreate), (66 bytes).
    Removing queue.o(i.xQueueGenericCreateStatic), (102 bytes).
    Removing queue.o(i.xQueueGenericReset), (136 bytes).
    Removing queue.o(i.xQueueGenericSend), (376 bytes).
    Removing queue.o(i.xQueueGenericSendFromISR), (212 bytes).
    Removing queue.o(i.xQueueGetMutexHolder), (26 bytes).
    Removing queue.o(i.xQueueGetMutexHolderFromISR), (30 bytes).
    Removing queue.o(i.xQueueGiveFromISR), (172 bytes).
    Removing queue.o(i.xQueueGiveMutexRecursive), (62 bytes).
    Removing queue.o(i.xQueueIsQueueEmptyFromISR), (30 bytes).
    Removing queue.o(i.xQueueIsQueueFullFromISR), (34 bytes).
    Removing queue.o(i.xQueuePeek), (312 bytes).
    Removing queue.o(i.xQueuePeekFromISR), (116 bytes).
    Removing queue.o(i.xQueueReceive), (312 bytes).
    Removing queue.o(i.xQueueReceiveFromISR), (154 bytes).
    Removing queue.o(i.xQueueRemoveFromSet), (34 bytes).
    Removing queue.o(i.xQueueSelectFromSet), (18 bytes).
    Removing queue.o(i.xQueueSelectFromSetFromISR), (18 bytes).
    Removing queue.o(i.xQueueSemaphoreTake), (376 bytes).
    Removing queue.o(i.xQueueTakeMutexRecursive), (64 bytes).
    Removing tasks.o(i.eTaskGetState), (116 bytes).
    Removing tasks.o(i.pcTaskGetName), (32 bytes).
    Removing tasks.o(i.prvAddCurrentTaskToDelayedList), (120 bytes).
    Removing tasks.o(i.prvListTasksWithinSingleList), (86 bytes).
    Removing tasks.o(i.prvSearchForNameWithinSingleList), (98 bytes).
    Removing tasks.o(i.prvTaskCheckFreeStackSpace), (20 bytes).
    Removing tasks.o(i.prvTaskIsTaskSuspended), (52 bytes).
    Removing tasks.o(i.pvTaskIncrementMutexHeldCount), (24 bytes).
    Removing tasks.o(i.ulTaskNotifyTake), (104 bytes).
    Removing tasks.o(i.ulTaskNotifyValueClear), (40 bytes).
    Removing tasks.o(i.uxTaskGetNumberOfTasks), (12 bytes).
    Removing tasks.o(i.uxTaskGetStackHighWaterMark), (16 bytes).
    Removing tasks.o(i.uxTaskGetStackHighWaterMark2), (16 bytes).
    Removing tasks.o(i.uxTaskGetSystemState), (168 bytes).
    Removing tasks.o(i.uxTaskGetTaskNumber), (8 bytes).
    Removing tasks.o(i.uxTaskPriorityGet), (28 bytes).
    Removing tasks.o(i.uxTaskPriorityGetFromISR), (44 bytes).
    Removing tasks.o(i.uxTaskResetEventItemValue), (24 bytes).
    Removing tasks.o(i.vTaskDelay), (76 bytes).
    Removing tasks.o(i.vTaskDelayUntil), (144 bytes).
    Removing tasks.o(i.vTaskDelete), (172 bytes).
    Removing tasks.o(i.vTaskEndScheduler), (28 bytes).
    Removing tasks.o(i.vTaskGetInfo), (116 bytes).
    Removing tasks.o(i.vTaskInternalSetTimeOutState), (16 bytes).
    Removing tasks.o(i.vTaskMissedYield), (12 bytes).
    Removing tasks.o(i.vTaskNotifyGiveFromISR), (180 bytes).
    Removing tasks.o(i.vTaskPlaceOnEventList), (48 bytes).
    Removing tasks.o(i.vTaskPlaceOnUnorderedEventList), (76 bytes).
    Removing tasks.o(i.vTaskPriorityDisinheritAfterTimeout), (164 bytes).
    Removing tasks.o(i.vTaskPrioritySet), (196 bytes).
    Removing tasks.o(i.vTaskRemoveFromUnorderedEventList), (116 bytes).
    Removing tasks.o(i.vTaskResume), (124 bytes).
    Removing tasks.o(i.vTaskSetTaskNumber), (8 bytes).
    Removing tasks.o(i.vTaskSetTimeOutState), (48 bytes).
    Removing tasks.o(i.vTaskSuspend), (188 bytes).
    Removing tasks.o(i.xTaskAbortDelay), (136 bytes).
    Removing tasks.o(i.xTaskCatchUpTicks), (48 bytes).
    Removing tasks.o(i.xTaskCheckForTimeOut), (136 bytes).
    Removing tasks.o(i.xTaskCreate), (90 bytes).
    Removing tasks.o(i.xTaskGenericNotify), (228 bytes).
    Removing tasks.o(i.xTaskGenericNotifyFromISR), (260 bytes).
    Removing tasks.o(i.xTaskGetCurrentTaskHandle), (12 bytes).
    Removing tasks.o(i.xTaskGetHandle), (132 bytes).
    Removing tasks.o(i.xTaskGetIdleTaskHandle), (32 bytes).
    Removing tasks.o(i.xTaskGetSchedulerState), (28 bytes).
    Removing tasks.o(i.xTaskGetTickCount), (12 bytes).
    Removing tasks.o(i.xTaskGetTickCountFromISR), (16 bytes).
    Removing tasks.o(i.xTaskNotifyStateClear), (48 bytes).
    Removing tasks.o(i.xTaskNotifyWait), (140 bytes).
    Removing tasks.o(i.xTaskPriorityDisinherit), (152 bytes).
    Removing tasks.o(i.xTaskPriorityInherit), (140 bytes).
    Removing tasks.o(i.xTaskRemoveFromEventList), (124 bytes).
    Removing tasks.o(i.xTaskResumeFromISR), (136 bytes).
    Removing gpio.o(i.GPIOADCTriggerDisable), (14 bytes).
    Removing gpio.o(i.GPIOADCTriggerEnable), (12 bytes).
    Removing gpio.o(i.GPIODMATriggerDisable), (14 bytes).
    Removing gpio.o(i.GPIODMATriggerEnable), (12 bytes).
    Removing gpio.o(i.GPIODirModeGet), (34 bytes).
    Removing gpio.o(i.GPIOIntClear), (6 bytes).
    Removing gpio.o(i.GPIOIntDisable), (14 bytes).
    Removing gpio.o(i.GPIOIntEnable), (12 bytes).
    Removing gpio.o(i.GPIOIntRegister), (26 bytes).
    Removing gpio.o(i.GPIOIntRegisterPin), (30 bytes).
    Removing gpio.o(i.GPIOIntStatus), (14 bytes).
    Removing gpio.o(i.GPIOIntTypeGet), (68 bytes).
    Removing gpio.o(i.GPIOIntTypeSet), (80 bytes).
    Removing gpio.o(i.GPIOIntUnregister), (22 bytes).
    Removing gpio.o(i.GPIOIntUnregisterPin), (26 bytes).
    Removing gpio.o(i.GPIOPadConfigGet), (204 bytes).
    Removing gpio.o(i.GPIOPinConfigure), (68 bytes).
    Removing gpio.o(i.GPIOPinRead), (6 bytes).
    Removing gpio.o(i.GPIOPinTypeADC), (28 bytes).
    Removing gpio.o(i.GPIOPinTypeCAN), (28 bytes).
    Removing gpio.o(i.GPIOPinTypeComparator), (28 bytes).
    Removing gpio.o(i.GPIOPinTypeComparatorOutput), (28 bytes).
    Removing gpio.o(i.GPIOPinTypeDIVSCLK), (28 bytes).
    Removing gpio.o(i.GPIOPinTypeEPI), (28 bytes).
    Removing gpio.o(i.GPIOPinTypeEthernetLED), (28 bytes).
    Removing gpio.o(i.GPIOPinTypeEthernetMII), (28 bytes).
    Removing gpio.o(i.GPIOPinTypeGPIOInput), (28 bytes).
    Removing gpio.o(i.GPIOPinTypeGPIOOutputOD), (28 bytes).
    Removing gpio.o(i.GPIOPinTypeHibernateRTCCLK), (28 bytes).
    Removing gpio.o(i.GPIOPinTypeI2C), (28 bytes).
    Removing gpio.o(i.GPIOPinTypeI2CSCL), (28 bytes).
    Removing gpio.o(i.GPIOPinTypeLCD), (28 bytes).
    Removing gpio.o(i.GPIOPinTypeOneWire), (28 bytes).
    Removing gpio.o(i.GPIOPinTypePWM), (28 bytes).
    Removing gpio.o(i.GPIOPinTypeQEI), (28 bytes).
    Removing gpio.o(i.GPIOPinTypeSSI), (28 bytes).
    Removing gpio.o(i.GPIOPinTypeTimer), (28 bytes).
    Removing gpio.o(i.GPIOPinTypeTrace), (28 bytes).
    Removing gpio.o(i.GPIOPinTypeUART), (28 bytes).
    Removing gpio.o(i.GPIOPinTypeUSBAnalog), (28 bytes).
    Removing gpio.o(i.GPIOPinTypeUSBDigital), (28 bytes).
    Removing gpio.o(i.GPIOPinTypeWakeHigh), (30 bytes).
    Removing gpio.o(i.GPIOPinTypeWakeLow), (30 bytes).
    Removing gpio.o(i.GPIOPinWakeStatus), (6 bytes).
    Removing gpio.o(i._GPIOIntNumberGet), (80 bytes).
    Removing gpio.o(.constdata), (552 bytes).
    Removing sysctl.o(.emb_text), (6 bytes).
    Removing sysctl.o(i.SysCtlAltClkConfig), (12 bytes).
    Removing sysctl.o(i.SysCtlClockFreqSet), (748 bytes).
    Removing sysctl.o(i.SysCtlClockGet), (340 bytes).
    Removing sysctl.o(i.SysCtlClockOutConfig), (20 bytes).
    Removing sysctl.o(i.SysCtlClockSet), (288 bytes).
    Removing sysctl.o(i.SysCtlDeepSleep), (32 bytes).
    Removing sysctl.o(i.SysCtlDeepSleepClockConfigSet), (112 bytes).
    Removing sysctl.o(i.SysCtlDeepSleepClockSet), (12 bytes).
    Removing sysctl.o(i.SysCtlDeepSleepPowerSet), (12 bytes).
    Removing sysctl.o(i.SysCtlFlashSectorSizeGet), (56 bytes).
    Removing sysctl.o(i.SysCtlFlashSizeGet), (56 bytes).
    Removing sysctl.o(i.SysCtlGPIOAHBDisable), (28 bytes).
    Removing sysctl.o(i.SysCtlGPIOAHBEnable), (24 bytes).
    Removing sysctl.o(i.SysCtlIntClear), (12 bytes).
    Removing sysctl.o(i.SysCtlIntDisable), (16 bytes).
    Removing sysctl.o(i.SysCtlIntEnable), (16 bytes).
    Removing sysctl.o(i.SysCtlIntRegister), (20 bytes).
    Removing sysctl.o(i.SysCtlIntStatus), (16 bytes).
    Removing sysctl.o(i.SysCtlIntUnregister), (18 bytes).
    Removing sysctl.o(i.SysCtlLDODeepSleepGet), (12 bytes).
    Removing sysctl.o(i.SysCtlLDODeepSleepSet), (12 bytes).
    Removing sysctl.o(i.SysCtlLDOSleepGet), (12 bytes).
    Removing sysctl.o(i.SysCtlLDOSleepSet), (12 bytes).
    Removing sysctl.o(i.SysCtlMOSCConfigSet), (12 bytes).
    Removing sysctl.o(i.SysCtlNMIClear), (16 bytes).
    Removing sysctl.o(i.SysCtlNMIStatus), (12 bytes).
    Removing sysctl.o(i.SysCtlPIOSCCalibrate), (76 bytes).
    Removing sysctl.o(i.SysCtlPWMClockGet), (24 bytes).
    Removing sysctl.o(i.SysCtlPWMClockSet), (20 bytes).
    Removing sysctl.o(i.SysCtlPeripheralClockGating), (68 bytes).
    Removing sysctl.o(i.SysCtlPeripheralDeepSleepDisable), (40 bytes).
    Removing sysctl.o(i.SysCtlPeripheralDeepSleepEnable), (40 bytes).
    Removing sysctl.o(i.SysCtlPeripheralDisable), (40 bytes).
    Removing sysctl.o(i.SysCtlPeripheralPowerOff), (40 bytes).
    Removing sysctl.o(i.SysCtlPeripheralPowerOn), (40 bytes).
    Removing sysctl.o(i.SysCtlPeripheralPresent), (44 bytes).
    Removing sysctl.o(i.SysCtlPeripheralReset), (60 bytes).
    Removing sysctl.o(i.SysCtlPeripheralSleepDisable), (40 bytes).
    Removing sysctl.o(i.SysCtlPeripheralSleepEnable), (40 bytes).
    Removing sysctl.o(i.SysCtlReset), (16 bytes).
    Removing sysctl.o(i.SysCtlResetBehaviorGet), (12 bytes).
    Removing sysctl.o(i.SysCtlResetBehaviorSet), (12 bytes).
    Removing sysctl.o(i.SysCtlResetCauseClear), (16 bytes).
    Removing sysctl.o(i.SysCtlResetCauseGet), (12 bytes).
    Removing sysctl.o(i.SysCtlSRAMSizeGet), (16 bytes).
    Removing sysctl.o(i.SysCtlSleep), (4 bytes).
    Removing sysctl.o(i.SysCtlSleepPowerSet), (12 bytes).
    Removing sysctl.o(i.SysCtlUSBPLLDisable), (16 bytes).
    Removing sysctl.o(i.SysCtlUSBPLLEnable), (16 bytes).
    Removing sysctl.o(i.SysCtlVCOGet), (120 bytes).
    Removing sysctl.o(i.SysCtlVoltageEventClear), (16 bytes).
    Removing sysctl.o(i.SysCtlVoltageEventConfig), (12 bytes).
    Removing sysctl.o(i.SysCtlVoltageEventStatus), (12 bytes).
    Removing sysctl.o(.constdata), (596 bytes).
    Removing cpu.o(.emb_text), (38 bytes).
    Removing interrupt.o(i.IntDisable), (100 bytes).
    Removing interrupt.o(i.IntEnable), (100 bytes).
    Removing interrupt.o(i.IntIsEnabled), (96 bytes).
    Removing interrupt.o(i.IntMasterDisable), (14 bytes).
    Removing interrupt.o(i.IntMasterEnable), (14 bytes).
    Removing interrupt.o(i.IntPendClear), (68 bytes).
    Removing interrupt.o(i.IntPendSet), (84 bytes).
    Removing interrupt.o(i.IntPriorityGet), (28 bytes).
    Removing interrupt.o(i.IntPriorityGroupingGet), (36 bytes).
    Removing interrupt.o(i.IntPriorityGroupingSet), (28 bytes).
    Removing interrupt.o(i.IntPriorityMaskGet), (4 bytes).
    Removing interrupt.o(i.IntPriorityMaskSet), (4 bytes).
    Removing interrupt.o(i.IntPrioritySet), (40 bytes).
    Removing interrupt.o(i.IntRegister), (52 bytes).
    Removing interrupt.o(i.IntTrigger), (12 bytes).
    Removing interrupt.o(i.IntUnregister), (20 bytes).
    Removing interrupt.o(i._IntDefaultHandler), (2 bytes).
    Removing interrupt.o(.constdata), (268 bytes).
    Removing interrupt.o(vtable), (620 bytes).

237 unused section(s) (total 20169 bytes) removed from the image.

==============================================================================

Image Symbol Table

    Local Symbols

    Symbol Name                              Value     Ov Type        Size  Object(Section)

    RESET                                    0x00000000   Section      620  startup_tm4c123.o(RESET)
    ../clib/microlib/init/entry.s            0x00000000   Number         0  entry7a.o ABSOLUTE
    ../clib/microlib/init/entry.s            0x00000000   Number         0  entry5.o ABSOLUTE
    ../clib/microlib/init/entry.s            0x00000000   Number         0  entry11b.o ABSOLUTE
    ../clib/microlib/init/entry.s            0x00000000   Number         0  entry11a.o ABSOLUTE
    ../clib/microlib/init/entry.s            0x00000000   Number         0  entry10b.o ABSOLUTE
    ../clib/microlib/init/entry.s            0x00000000   Number         0  entry10a.o ABSOLUTE
    ../clib/microlib/init/entry.s            0x00000000   Number         0  entry9b.o ABSOLUTE
    ../clib/microlib/init/entry.s            0x00000000   Number         0  entry9a.o ABSOLUTE
    ../clib/microlib/init/entry.s            0x00000000   Number         0  entry8b.o ABSOLUTE
    ../clib/microlib/init/entry.s            0x00000000   Number         0  entry8a.o ABSOLUTE
    ../clib/microlib/init/entry.s            0x00000000   Number         0  entry7b.o ABSOLUTE
    ../clib/microlib/init/entry.s            0x00000000   Number         0  entry2.o ABSOLUTE
    ../clib/microlib/init/entry.s            0x00000000   Number         0  entry.o ABSOLUTE
    ../clib/microlib/string/memcpy.c         0x00000000   Number         0  memcpyb.o ABSOLUTE
    ../clib/microlib/string/memcpy.c         0x00000000   Number         0  memcpya.o ABSOLUTE
    ../clib/microlib/string/memset.c         0x00000000   Number         0  memseta.o ABSOLUTE
    ../clib/microlib/string/strlen.c         0x00000000   Number         0  strlen.o ABSOLUTE
    C:\Users\Hassan Shafiq\AppData\Local\Arm\Packs\ARM\CMSIS-FreeRTOS\10.3.1\CMSIS\RTOS2\FreeRTOS\Source\freertos_evr.c 0x00000000   Number         0  freertos_evr.o ABSOLUTE
    C:\Users\Hassan Shafiq\AppData\Local\Arm\Packs\ARM\CMSIS-FreeRTOS\10.3.1\Source\list.c 0x00000000   Number         0  list.o ABSOLUTE
    C:\Users\Hassan Shafiq\AppData\Local\Arm\Packs\ARM\CMSIS-FreeRTOS\10.3.1\Source\portable\MemMang\heap_4.c 0x00000000   Number         0  heap_4.o ABSOLUTE
    C:\Users\Hassan Shafiq\AppData\Local\Arm\Packs\ARM\CMSIS-FreeRTOS\10.3.1\Source\portable\RVDS\ARM_CM4F\port.c 0x00000000   Number         0  port.o ABSOLUTE
    C:\Users\Hassan Shafiq\AppData\Local\Arm\Packs\ARM\CMSIS-FreeRTOS\10.3.1\Source\queue.c 0x00000000   Number         0  queue.o ABSOLUTE
    C:\Users\Hassan Shafiq\AppData\Local\Arm\Packs\ARM\CMSIS-FreeRTOS\10.3.1\Source\tasks.c 0x00000000   Number         0  tasks.o ABSOLUTE
    C:\\Users\\Hassan Shafiq\\AppData\\Local\\Arm\\Packs\\ARM\\CMSIS-FreeRTOS\\10.3.1\\Source\\portable\\RVDS\\ARM_CM4F\\port.c 0x00000000   Number         0  port.o ABSOLUTE
    RTE\Device\TM4C123GH6PM\startup_TM4C123.s 0x00000000   Number         0  startup_tm4c123.o ABSOLUTE
    RTE\Device\TM4C123GH6PM\system_TM4C123.c 0x00000000   Number         0  system_tm4c123.o ABSOLUTE
    RTE\\Device\\TM4C123GH6PM\\system_TM4C123.c 0x00000000   Number         0  system_tm4c123.o ABSOLUTE
    blinky.c                                 0x00000000   Number         0  blinky.o ABSOLUTE
    cpu.c                                    0x00000000   Number         0  cpu.o ABSOLUTE
    cpu.c                                    0x00000000   Number         0  cpu.o ABSOLUTE
    dc.s                                     0x00000000   Number         0  dc.o ABSOLUTE
    gpio.c                                   0x00000000   Number         0  gpio.o ABSOLUTE
    handlers.s                               0x00000000   Number         0  handlers.o ABSOLUTE
    init.s                                   0x00000000   Number         0  init.o ABSOLUTE
    interrupt.c                              0x00000000   Number         0  interrupt.o ABSOLUTE
    sysctl.c                                 0x00000000   Number         0  sysctl.o ABSOLUTE
    sysctl.c                                 0x00000000   Number         0  sysctl.o ABSOLUTE
    .ARM.Collect$$$$00000000                 0x0000026c   Section        0  entry.o(.ARM.Collect$$$$00000000)
    .ARM.Collect$$$$00000001                 0x0000026c   Section        4  entry2.o(.ARM.Collect$$$$00000001)
    .ARM.Collect$$$$00000004                 0x00000270   Section        4  entry5.o(.ARM.Collect$$$$00000004)
    .ARM.Collect$$$$00000008                 0x00000274   Section        0  entry7b.o(.ARM.Collect$$$$00000008)
    .ARM.Collect$$$$0000000A                 0x00000274   Section        0  entry8b.o(.ARM.Collect$$$$0000000A)
    .ARM.Collect$$$$0000000B                 0x00000274   Section        8  entry9a.o(.ARM.Collect$$$$0000000B)
    .ARM.Collect$$$$0000000D                 0x0000027c   Section        0  entry10a.o(.ARM.Collect$$$$0000000D)
    .ARM.Collect$$$$0000000F                 0x0000027c   Section        0  entry11a.o(.ARM.Collect$$$$0000000F)
    .ARM.Collect$$$$00002712                 0x0000027c   Section        4  entry2.o(.ARM.Collect$$$$00002712)
    __lit__00000000                          0x0000027c   Data           4  entry2.o(.ARM.Collect$$$$00002712)
    .emb_text                                0x00000280   Section      190  port.o(.emb_text)
    $v0                                      0x00000280   Number         0  port.o(.emb_text)
    .text                                    0x00000340   Section      252  startup_tm4c123.o(.text)
    $v0                                      0x00000340   Number         0  startup_tm4c123.o(.text)
    .text                                    0x0000043c   Section        0  memseta.o(.text)
    .text                                    0x00000460   Section       36  init.o(.text)
    i.GPIODirModeSet                         0x00000484   Section        0  gpio.o(i.GPIODirModeSet)
    i.GPIOPadConfigSet                       0x000004ac   Section        0  gpio.o(i.GPIOPadConfigSet)
    i.GPIOPinTypeGPIOOutput                  0x000005e4   Section        0  gpio.o(i.GPIOPinTypeGPIOOutput)
    i.GPIOPinWrite                           0x00000600   Section        0  gpio.o(i.GPIOPinWrite)
    i.SysCtlPeripheralEnable                 0x00000608   Section        0  sysctl.o(i.SysCtlPeripheralEnable)
    i.SysCtlPeripheralReady                  0x00000630   Section        0  sysctl.o(i.SysCtlPeripheralReady)
    i.SysTick_Handler                        0x0000065c   Section        0  port.o(i.SysTick_Handler)
    i.SystemInit                             0x00000688   Section        0  system_tm4c123.o(i.SystemInit)
    i.__scatterload_copy                     0x0000070c   Section       14  handlers.o(i.__scatterload_copy)
    i.__scatterload_null                     0x0000071a   Section        2  handlers.o(i.__scatterload_null)
    i.__scatterload_zeroinit                 0x0000071c   Section       14  handlers.o(i.__scatterload_zeroinit)
    i.eTaskConfirmSleepModeStatus            0x0000072c   Section        0  tasks.o(i.eTaskConfirmSleepModeStatus)
    i.main                                   0x0000075c   Section        0  blinky.o(i.main)
    i.prvAddNewTaskToReadyList               0x00000930   Section        0  tasks.o(i.prvAddNewTaskToReadyList)
    prvAddNewTaskToReadyList                 0x00000931   Thumb Code   196  tasks.o(i.prvAddNewTaskToReadyList)
    i.prvDeleteTCB                           0x00000a00   Section        0  tasks.o(i.prvDeleteTCB)
    prvDeleteTCB                             0x00000a01   Thumb Code    52  tasks.o(i.prvDeleteTCB)
    i.prvGetExpectedIdleTime                 0x00000a34   Section        0  tasks.o(i.prvGetExpectedIdleTime)
    prvGetExpectedIdleTime                   0x00000a35   Thumb Code    42  tasks.o(i.prvGetExpectedIdleTime)
    i.prvIdleTask                            0x00000a68   Section        0  tasks.o(i.prvIdleTask)
    prvIdleTask                              0x00000a69   Thumb Code   128  tasks.o(i.prvIdleTask)
    i.prvInitialiseNewTask                   0x00000af4   Section        0  tasks.o(i.prvInitialiseNewTask)
    prvInitialiseNewTask                     0x00000af5   Thumb Code   174  tasks.o(i.prvInitialiseNewTask)
    i.prvInsertBlockIntoFreeList             0x00000ba4   Section        0  heap_4.o(i.prvInsertBlockIntoFreeList)
    prvInsertBlockIntoFreeList               0x00000ba5   Thumb Code    72  heap_4.o(i.prvInsertBlockIntoFreeList)
    i.prvResetNextTaskUnblockTime            0x00000bf0   Section        0  tasks.o(i.prvResetNextTaskUnblockTime)
    prvResetNextTaskUnblockTime              0x00000bf1   Thumb Code    26  tasks.o(i.prvResetNextTaskUnblockTime)
    i.prvTaskExitError                       0x00000c10   Section        0  port.o(i.prvTaskExitError)
    prvTaskExitError                         0x00000c11   Thumb Code    36  port.o(i.prvTaskExitError)
    i.pxPortInitialiseStack                  0x00000c38   Section        0  port.o(i.pxPortInitialiseStack)
    i.uxListRemove                           0x00000c64   Section        0  list.o(i.uxListRemove)
    i.vApplicationGetIdleTaskMemory          0x00000c8c   Section        0  blinky.o(i.vApplicationGetIdleTaskMemory)
    i.vBlueLedControllerTask                 0x00000ca4   Section        0  blinky.o(i.vBlueLedControllerTask)
    i.vGreenLedControllerTask                0x00000ce4   Section        0  blinky.o(i.vGreenLedControllerTask)
    i.vListInitialise                        0x00000d24   Section        0  list.o(i.vListInitialise)
    i.vListInitialiseItem                    0x00000d3a   Section        0  list.o(i.vListInitialiseItem)
    i.vListInsertEnd                         0x00000d40   Section        0  list.o(i.vListInsertEnd)
    i.vPortEnterCritical                     0x00000d58   Section        0  port.o(i.vPortEnterCritical)
    i.vPortExitCritical                      0x00000d98   Section        0  port.o(i.vPortExitCritical)
    i.vPortFree                              0x00000dc0   Section        0  heap_4.o(i.vPortFree)
    i.vPortSetupTimerInterrupt               0x00000e24   Section        0  port.o(i.vPortSetupTimerInterrupt)
    i.vPortSuppressTicksAndSleep             0x00000e6c   Section        0  port.o(i.vPortSuppressTicksAndSleep)
    i.vRedLedControllerTask                  0x00000f40   Section        0  blinky.o(i.vRedLedControllerTask)
    i.vTaskStartScheduler                    0x00000f80   Section        0  tasks.o(i.vTaskStartScheduler)
    i.vTaskStepTick                          0x00000fec   Section        0  tasks.o(i.vTaskStepTick)
    i.vTaskSuspendAll                        0x00001014   Section        0  tasks.o(i.vTaskSuspendAll)
    i.vTaskSwitchContext                     0x00001024   Section        0  tasks.o(i.vTaskSwitchContext)
    i.xPortStartScheduler                    0x00001080   Section        0  port.o(i.xPortStartScheduler)
    i.xTaskCreateStatic                      0x00001174   Section        0  tasks.o(i.xTaskCreateStatic)
    i.xTaskIncrementTick                     0x000011d0   Section        0  tasks.o(i.xTaskIncrementTick)
    i.xTaskResumeAll                         0x0000129c   Section        0  tasks.o(i.xTaskResumeAll)
    .data                                    0x20000000   Section        8  blinky.o(.data)
    .data                                    0x20000008   Section        4  system_tm4c123.o(.data)
    .data                                    0x2000000c   Section       32  heap_4.o(.data)
    pxEnd                                    0x2000000c   Data           4  heap_4.o(.data)
    xFreeBytesRemaining                      0x20000010   Data           4  heap_4.o(.data)
    xMinimumEverFreeBytesRemaining           0x20000014   Data           4  heap_4.o(.data)
    xNumberOfSuccessfulAllocations           0x20000018   Data           4  heap_4.o(.data)
    xNumberOfSuccessfulFrees                 0x2000001c   Data           4  heap_4.o(.data)
    xBlockAllocatedBit                       0x20000020   Data           4  heap_4.o(.data)
    xStart                                   0x20000024   Data           8  heap_4.o(.data)
    .data                                    0x2000002c   Section       24  port.o(.data)
    ucMaxSysCallPriority                     0x2000002c   Data           1  port.o(.data)
    uxCriticalNesting                        0x20000030   Data           4  port.o(.data)
    ulTimerCountsForOneTick                  0x20000034   Data           4  port.o(.data)
    xMaximumPossibleSuppressedTicks          0x20000038   Data           4  port.o(.data)
    ulStoppedTimerCompensation               0x2000003c   Data           4  port.o(.data)
    ulMaxPRIGROUPValue                       0x20000040   Data           4  port.o(.data)
    .data                                    0x20000044   Section       60  tasks.o(.data)
    uxDeletedTasksWaitingCleanUp             0x20000048   Data           4  tasks.o(.data)
    uxCurrentNumberOfTasks                   0x2000004c   Data           4  tasks.o(.data)
    xTickCount                               0x20000050   Data           4  tasks.o(.data)
    uxTopReadyPriority                       0x20000054   Data           4  tasks.o(.data)
    xSchedulerRunning                        0x20000058   Data           4  tasks.o(.data)
    xPendedTicks                             0x2000005c   Data           4  tasks.o(.data)
    xYieldPending                            0x20000060   Data           4  tasks.o(.data)
    xNumOfOverflows                          0x20000064   Data           4  tasks.o(.data)
    uxTaskNumber                             0x20000068   Data           4  tasks.o(.data)
    xNextTaskUnblockTime                     0x2000006c   Data           4  tasks.o(.data)
    xIdleTaskHandle                          0x20000070   Data           4  tasks.o(.data)
    uxSchedulerSuspended                     0x20000074   Data           4  tasks.o(.data)
    pxDelayedTaskList                        0x20000078   Data           4  tasks.o(.data)
    pxOverflowDelayedTaskList                0x2000007c   Data           4  tasks.o(.data)
    .bss                                     0x20000080   Section     4712  blinky.o(.bss)
    xIdleTaskTCB                             0x20000080   Data          88  blinky.o(.bss)
    uxIdleTaskStack                          0x200000d8   Data        1024  blinky.o(.bss)
    xTimerTaskTCB                            0x200004d8   Data          88  blinky.o(.bss)
    uxTimerTaskStack                         0x20000530   Data        2048  blinky.o(.bss)
    .bss                                     0x200012e8   Section      200  tasks.o(.bss)
    pxReadyTasksLists                        0x200012e8   Data         100  tasks.o(.bss)
    xDelayedTaskList1                        0x2000134c   Data          20  tasks.o(.bss)
    xDelayedTaskList2                        0x20001360   Data          20  tasks.o(.bss)
    xPendingReadyList                        0x20001374   Data          20  tasks.o(.bss)
    xTasksWaitingTermination                 0x20001388   Data          20  tasks.o(.bss)
    xSuspendedTaskList                       0x2000139c   Data          20  tasks.o(.bss)
    STACK                                    0x200013b0   Section      512  startup_tm4c123.o(STACK)

    Global Symbols

    Symbol Name                              Value     Ov Type        Size  Object(Section)

    BuildAttributes$$THM_ISAv4$E$P$D$K$B$S$7EM$VFPi3$EXTD16$VFPS$VFMA$PE$A:L22UL41UL21$X:L11$S22US41US21$IEEE1$IW$USESV6$~STKCKD$USESV7$~SHL$OTIME$EBA8$MICROLIB$REQ8$PRES8$EABIv2 0x00000000   Number         0  anon$$obj.o ABSOLUTE
    __ARM_use_no_argv                        0x00000000   Number         0  blinky.o ABSOLUTE
    __Vectors                                0x00000000   Data           4  startup_tm4c123.o(RESET)
    __cpp_initialize__aeabi_                  - Undefined Weak Reference
    __cxa_finalize                            - Undefined Weak Reference
    __decompress                              - Undefined Weak Reference
    _clock_init                               - Undefined Weak Reference
    _microlib_exit                            - Undefined Weak Reference
    __Vectors_End                            0x0000026c   Data           0  startup_tm4c123.o(RESET)
    __Vectors_Size                           0x0000026c   Number         0  startup_tm4c123.o ABSOLUTE
    __main                                   0x0000026d   Thumb Code     0  entry.o(.ARM.Collect$$$$00000000)
    _main_stk                                0x0000026d   Thumb Code     0  entry2.o(.ARM.Collect$$$$00000001)
    _main_scatterload                        0x00000271   Thumb Code     0  entry5.o(.ARM.Collect$$$$00000004)
    __main_after_scatterload                 0x00000275   Thumb Code     0  entry5.o(.ARM.Collect$$$$00000004)
    _main_clock                              0x00000275   Thumb Code     0  entry7b.o(.ARM.Collect$$$$00000008)
    _main_cpp_init                           0x00000275   Thumb Code     0  entry8b.o(.ARM.Collect$$$$0000000A)
    _main_init                               0x00000275   Thumb Code     0  entry9a.o(.ARM.Collect$$$$0000000B)
    __rt_final_cpp                           0x0000027d   Thumb Code     0  entry10a.o(.ARM.Collect$$$$0000000D)
    __rt_final_exit                          0x0000027d   Thumb Code     0  entry11a.o(.ARM.Collect$$$$0000000F)
    SVC_Handler                              0x00000281   Thumb Code    28  port.o(.emb_text)
    __asm___6_port_c_39a90d8d__prvStartFirstTask 0x000002a1   Thumb Code    36  port.o(.emb_text)
    __asm___6_port_c_39a90d8d__prvEnableVFP  0x000002c9   Thumb Code    16  port.o(.emb_text)
    PendSV_Handler                           0x000002dd   Thumb Code    88  port.o(.emb_text)
    vPortGetIPSR                             0x00000339   Thumb Code     6  port.o(.emb_text)
    Reset_Handler                            0x00000341   Thumb Code     8  startup_tm4c123.o(.text)
    NMI_Handler                              0x00000349   Thumb Code     2  startup_tm4c123.o(.text)
    HardFault_Handler                        0x0000034b   Thumb Code     2  startup_tm4c123.o(.text)
    MemManage_Handler                        0x0000034d   Thumb Code     2  startup_tm4c123.o(.text)
    BusFault_Handler                         0x0000034f   Thumb Code     2  startup_tm4c123.o(.text)
    UsageFault_Handler                       0x00000351   Thumb Code     2  startup_tm4c123.o(.text)
    DebugMon_Handler                         0x00000355   Thumb Code     2  startup_tm4c123.o(.text)
    GPIOA_Handler                            0x0000035b   Thumb Code     2  startup_tm4c123.o(.text)
    GPIOB_Handler                            0x0000035d   Thumb Code     2  startup_tm4c123.o(.text)
    GPIOC_Handler                            0x0000035f   Thumb Code     2  startup_tm4c123.o(.text)
    GPIOD_Handler                            0x00000361   Thumb Code     2  startup_tm4c123.o(.text)
    GPIOE_Handler                            0x00000363   Thumb Code     2  startup_tm4c123.o(.text)
    UART0_Handler                            0x00000365   Thumb Code     2  startup_tm4c123.o(.text)
    UART1_Handler                            0x00000367   Thumb Code     2  startup_tm4c123.o(.text)
    SSI0_Handler                             0x00000369   Thumb Code     2  startup_tm4c123.o(.text)
    I2C0_Handler                             0x0000036b   Thumb Code     2  startup_tm4c123.o(.text)
    PMW0_FAULT_Handler                       0x0000036d   Thumb Code     2  startup_tm4c123.o(.text)
    PWM0_0_Handler                           0x0000036f   Thumb Code     2  startup_tm4c123.o(.text)
    PWM0_1_Handler                           0x00000371   Thumb Code     2  startup_tm4c123.o(.text)
    PWM0_2_Handler                           0x00000373   Thumb Code     2  startup_tm4c123.o(.text)
    QEI0_Handler                             0x00000375   Thumb Code     2  startup_tm4c123.o(.text)
    ADC0SS0_Handler                          0x00000377   Thumb Code     2  startup_tm4c123.o(.text)
    ADC0SS1_Handler                          0x00000379   Thumb Code     2  startup_tm4c123.o(.text)
    ADC0SS2_Handler                          0x0000037b   Thumb Code     2  startup_tm4c123.o(.text)
    ADC0SS3_Handler                          0x0000037d   Thumb Code     2  startup_tm4c123.o(.text)
    WDT0_Handler                             0x0000037f   Thumb Code     2  startup_tm4c123.o(.text)
    TIMER0A_Handler                          0x00000381   Thumb Code     2  startup_tm4c123.o(.text)
    TIMER0B_Handler                          0x00000383   Thumb Code     2  startup_tm4c123.o(.text)
    TIMER1A_Handler                          0x00000385   Thumb Code     2  startup_tm4c123.o(.text)
    TIMER1B_Handler                          0x00000387   Thumb Code     2  startup_tm4c123.o(.text)
    TIMER2A_Handler                          0x00000389   Thumb Code     2  startup_tm4c123.o(.text)
    TIMER2B_Handler                          0x0000038b   Thumb Code     2  startup_tm4c123.o(.text)
    COMP0_Handler                            0x0000038d   Thumb Code     2  startup_tm4c123.o(.text)
    COMP1_Handler                            0x0000038f   Thumb Code     2  startup_tm4c123.o(.text)
    COMP2_Handler                            0x00000391   Thumb Code     2  startup_tm4c123.o(.text)
    SYSCTL_Handler                           0x00000393   Thumb Code     2  startup_tm4c123.o(.text)
    FLASH_Handler                            0x00000395   Thumb Code     2  startup_tm4c123.o(.text)
    GPIOF_Handler                            0x00000397   Thumb Code     2  startup_tm4c123.o(.text)
    GPIOG_Handler                            0x00000399   Thumb Code     2  startup_tm4c123.o(.text)
    GPIOH_Handler                            0x0000039b   Thumb Code     2  startup_tm4c123.o(.text)
    UART2_Handler                            0x0000039d   Thumb Code     2  startup_tm4c123.o(.text)
    SSI1_Handler                             0x0000039f   Thumb Code     2  startup_tm4c123.o(.text)
    TIMER3A_Handler                          0x000003a1   Thumb Code     2  startup_tm4c123.o(.text)
    TIMER3B_Handler                          0x000003a3   Thumb Code     2  startup_tm4c123.o(.text)
    I2C1_Handler                             0x000003a5   Thumb Code     2  startup_tm4c123.o(.text)
    QEI1_Handler                             0x000003a7   Thumb Code     2  startup_tm4c123.o(.text)
    CAN0_Handler                             0x000003a9   Thumb Code     2  startup_tm4c123.o(.text)
    CAN1_Handler                             0x000003ab   Thumb Code     2  startup_tm4c123.o(.text)
    CAN2_Handler                             0x000003ad   Thumb Code     2  startup_tm4c123.o(.text)
    HIB_Handler                              0x000003af   Thumb Code     2  startup_tm4c123.o(.text)
    USB0_Handler                             0x000003b1   Thumb Code     2  startup_tm4c123.o(.text)
    PWM0_3_Handler                           0x000003b3   Thumb Code     2  startup_tm4c123.o(.text)
    UDMA_Handler                             0x000003b5   Thumb Code     2  startup_tm4c123.o(.text)
    UDMAERR_Handler                          0x000003b7   Thumb Code     2  startup_tm4c123.o(.text)
    ADC1SS0_Handler                          0x000003b9   Thumb Code     2  startup_tm4c123.o(.text)
    ADC1SS1_Handler                          0x000003bb   Thumb Code     2  startup_tm4c123.o(.text)
    ADC1SS2_Handler                          0x000003bd   Thumb Code     2  startup_tm4c123.o(.text)
    ADC1SS3_Handler                          0x000003bf   Thumb Code     2  startup_tm4c123.o(.text)
    GPIOJ_Handler                            0x000003c1   Thumb Code     2  startup_tm4c123.o(.text)
    GPIOK_Handler                            0x000003c3   Thumb Code     2  startup_tm4c123.o(.text)
    GPIOL_Handler                            0x000003c5   Thumb Code     2  startup_tm4c123.o(.text)
    SSI2_Handler                             0x000003c7   Thumb Code     2  startup_tm4c123.o(.text)
    SSI3_Handler                             0x000003c9   Thumb Code     2  startup_tm4c123.o(.text)
    UART3_Handler                            0x000003cb   Thumb Code     2  startup_tm4c123.o(.text)
    UART4_Handler                            0x000003cd   Thumb Code     2  startup_tm4c123.o(.text)
    UART5_Handler                            0x000003cf   Thumb Code     2  startup_tm4c123.o(.text)
    UART6_Handler                            0x000003d1   Thumb Code     2  startup_tm4c123.o(.text)
    UART7_Handler                            0x000003d3   Thumb Code     2  startup_tm4c123.o(.text)
    I2C2_Handler                             0x000003d5   Thumb Code     2  startup_tm4c123.o(.text)
    I2C3_Handler                             0x000003d7   Thumb Code     2  startup_tm4c123.o(.text)
    TIMER4A_Handler                          0x000003d9   Thumb Code     2  startup_tm4c123.o(.text)
    TIMER4B_Handler                          0x000003db   Thumb Code     2  startup_tm4c123.o(.text)
    TIMER5A_Handler                          0x000003dd   Thumb Code     2  startup_tm4c123.o(.text)
    TIMER5B_Handler                          0x000003df   Thumb Code     2  startup_tm4c123.o(.text)
    WTIMER0A_Handler                         0x000003e1   Thumb Code     2  startup_tm4c123.o(.text)
    WTIMER0B_Handler                         0x000003e3   Thumb Code     2  startup_tm4c123.o(.text)
    WTIMER1A_Handler                         0x000003e5   Thumb Code     2  startup_tm4c123.o(.text)
    WTIMER1B_Handler                         0x000003e7   Thumb Code     2  startup_tm4c123.o(.text)
    WTIMER2A_Handler                         0x000003e9   Thumb Code     2  startup_tm4c123.o(.text)
    WTIMER2B_Handler                         0x000003eb   Thumb Code     2  startup_tm4c123.o(.text)
    WTIMER3A_Handler                         0x000003ed   Thumb Code     2  startup_tm4c123.o(.text)
    WTIMER3B_Handler                         0x000003ef   Thumb Code     2  startup_tm4c123.o(.text)
    WTIMER4A_Handler                         0x000003f1   Thumb Code     2  startup_tm4c123.o(.text)
    WTIMER4B_Handler                         0x000003f3   Thumb Code     2  startup_tm4c123.o(.text)
    WTIMER5A_Handler                         0x000003f5   Thumb Code     2  startup_tm4c123.o(.text)
    WTIMER5B_Handler                         0x000003f7   Thumb Code     2  startup_tm4c123.o(.text)
    FPU_Handler                              0x000003f9   Thumb Code     2  startup_tm4c123.o(.text)
    I2C4_Handler                             0x000003fb   Thumb Code     2  startup_tm4c123.o(.text)
    I2C5_Handler                             0x000003fd   Thumb Code     2  startup_tm4c123.o(.text)
    GPIOM_Handler                            0x000003ff   Thumb Code     2  startup_tm4c123.o(.text)
    GPION_Handler                            0x00000401   Thumb Code     2  startup_tm4c123.o(.text)
    QEI2_Handler                             0x00000403   Thumb Code     2  startup_tm4c123.o(.text)
    GPIOP0_Handler                           0x00000405   Thumb Code     2  startup_tm4c123.o(.text)
    GPIOP1_Handler                           0x00000407   Thumb Code     2  startup_tm4c123.o(.text)
    GPIOP2_Handler                           0x00000409   Thumb Code     2  startup_tm4c123.o(.text)
    GPIOP3_Handler                           0x0000040b   Thumb Code     2  startup_tm4c123.o(.text)
    GPIOP4_Handler                           0x0000040d   Thumb Code     2  startup_tm4c123.o(.text)
    GPIOP5_Handler                           0x0000040f   Thumb Code     2  startup_tm4c123.o(.text)
    GPIOP6_Handler                           0x00000411   Thumb Code     2  startup_tm4c123.o(.text)
    GPIOP7_Handler                           0x00000413   Thumb Code     2  startup_tm4c123.o(.text)
    GPIOQ0_Handler                           0x00000415   Thumb Code     2  startup_tm4c123.o(.text)
    GPIOQ1_Handler                           0x00000417   Thumb Code     2  startup_tm4c123.o(.text)
    GPIOQ2_Handler                           0x00000419   Thumb Code     2  startup_tm4c123.o(.text)
    GPIOQ3_Handler                           0x0000041b   Thumb Code     2  startup_tm4c123.o(.text)
    GPIOQ4_Handler                           0x0000041d   Thumb Code     2  startup_tm4c123.o(.text)
    GPIOQ5_Handler                           0x0000041f   Thumb Code     2  startup_tm4c123.o(.text)
    GPIOQ6_Handler                           0x00000421   Thumb Code     2  startup_tm4c123.o(.text)
    GPIOQ7_Handler                           0x00000423   Thumb Code     2  startup_tm4c123.o(.text)
    GPIOR_Handler                            0x00000425   Thumb Code     2  startup_tm4c123.o(.text)
    GPIOS_Handler                            0x00000427   Thumb Code     2  startup_tm4c123.o(.text)
    PMW1_0_Handler                           0x00000429   Thumb Code     2  startup_tm4c123.o(.text)
    PWM1_1_Handler                           0x0000042b   Thumb Code     2  startup_tm4c123.o(.text)
    PWM1_2_Handler                           0x0000042d   Thumb Code     2  startup_tm4c123.o(.text)
    PWM1_3_Handler                           0x0000042f   Thumb Code     2  startup_tm4c123.o(.text)
    PWM1_FAULT_Handler                       0x00000431   Thumb Code     2  startup_tm4c123.o(.text)
    __aeabi_memset                           0x0000043d   Thumb Code    14  memseta.o(.text)
    __aeabi_memset4                          0x0000043d   Thumb Code     0  memseta.o(.text)
    __aeabi_memset8                          0x0000043d   Thumb Code     0  memseta.o(.text)
    __aeabi_memclr                           0x0000044b   Thumb Code     4  memseta.o(.text)
    __aeabi_memclr4                          0x0000044b   Thumb Code     0  memseta.o(.text)
    __aeabi_memclr8                          0x0000044b   Thumb Code     0  memseta.o(.text)
    _memset$wrapper                          0x0000044f   Thumb Code    18  memseta.o(.text)
    __scatterload                            0x00000461   Thumb Code    28  init.o(.text)
    __scatterload_rt2                        0x00000461   Thumb Code     0  init.o(.text)
    GPIODirModeSet                           0x00000485   Thumb Code    40  gpio.o(i.GPIODirModeSet)
    GPIOPadConfigSet                         0x000004ad   Thumb Code   312  gpio.o(i.GPIOPadConfigSet)
    GPIOPinTypeGPIOOutput                    0x000005e5   Thumb Code    28  gpio.o(i.GPIOPinTypeGPIOOutput)
    GPIOPinWrite                             0x00000601   Thumb Code     6  gpio.o(i.GPIOPinWrite)
    SysCtlPeripheralEnable                   0x00000609   Thumb Code    36  sysctl.o(i.SysCtlPeripheralEnable)
    SysCtlPeripheralReady                    0x00000631   Thumb Code    40  sysctl.o(i.SysCtlPeripheralReady)
    SysTick_Handler                          0x0000065d   Thumb Code    38  port.o(i.SysTick_Handler)
    SystemInit                               0x00000689   Thumb Code    90  system_tm4c123.o(i.SystemInit)
    __scatterload_copy                       0x0000070d   Thumb Code    14  handlers.o(i.__scatterload_copy)
    __scatterload_null                       0x0000071b   Thumb Code     2  handlers.o(i.__scatterload_null)
    __scatterload_zeroinit                   0x0000071d   Thumb Code    14  handlers.o(i.__scatterload_zeroinit)
    eTaskConfirmSleepModeStatus              0x0000072d   Thumb Code    38  tasks.o(i.eTaskConfirmSleepModeStatus)
    main                                     0x0000075d   Thumb Code   358  blinky.o(i.main)
    pxPortInitialiseStack                    0x00000c39   Thumb Code    40  port.o(i.pxPortInitialiseStack)
    uxListRemove                             0x00000c65   Thumb Code    38  list.o(i.uxListRemove)
    vApplicationGetIdleTaskMemory            0x00000c8d   Thumb Code    18  blinky.o(i.vApplicationGetIdleTaskMemory)
    vBlueLedControllerTask                   0x00000ca5   Thumb Code    54  blinky.o(i.vBlueLedControllerTask)
    vGreenLedControllerTask                  0x00000ce5   Thumb Code    54  blinky.o(i.vGreenLedControllerTask)
    vListInitialise                          0x00000d25   Thumb Code    22  list.o(i.vListInitialise)
    vListInitialiseItem                      0x00000d3b   Thumb Code     6  list.o(i.vListInitialiseItem)
    vListInsertEnd                           0x00000d41   Thumb Code    24  list.o(i.vListInsertEnd)
    vPortEnterCritical                       0x00000d59   Thumb Code    54  port.o(i.vPortEnterCritical)
    vPortExitCritical                        0x00000d99   Thumb Code    34  port.o(i.vPortExitCritical)
    vPortFree                                0x00000dc1   Thumb Code    94  heap_4.o(i.vPortFree)
    vPortSetupTimerInterrupt                 0x00000e25   Thumb Code    64  port.o(i.vPortSetupTimerInterrupt)
    vPortSuppressTicksAndSleep               0x00000e6d   Thumb Code   206  port.o(i.vPortSuppressTicksAndSleep)
    vRedLedControllerTask                    0x00000f41   Thumb Code    54  blinky.o(i.vRedLedControllerTask)
    vTaskStartScheduler                      0x00000f81   Thumb Code    90  tasks.o(i.vTaskStartScheduler)
    vTaskStepTick                            0x00000fed   Thumb Code    36  tasks.o(i.vTaskStepTick)
    vTaskSuspendAll                          0x00001015   Thumb Code    10  tasks.o(i.vTaskSuspendAll)
    vTaskSwitchContext                       0x00001025   Thumb Code    82  tasks.o(i.vTaskSwitchContext)
    xPortStartScheduler                      0x00001081   Thumb Code   224  port.o(i.xPortStartScheduler)
    xTaskCreateStatic                        0x00001175   Thumb Code    90  tasks.o(i.xTaskCreateStatic)
    xTaskIncrementTick                       0x000011d1   Thumb Code   194  tasks.o(i.xTaskIncrementTick)
    xTaskResumeAll                           0x0000129d   Thumb Code   182  tasks.o(i.xTaskResumeAll)
    Region$$Table$$Base                      0x00001360   Number         0  anon$$obj.o(Region$$Table)
    Region$$Table$$Limit                     0x00001380   Number         0  anon$$obj.o(Region$$Table)
    CNTRL_DELAY                              0x20000000   Data           4  blinky.o(.data)
    task_created                             0x20000004   Data           4  blinky.o(.data)
    SystemCoreClock                          0x20000008   Data           4  system_tm4c123.o(.data)
    pxCurrentTCB                             0x20000044   Data           4  tasks.o(.data)
    xBlueLedControllerTaskBuffer             0x20000d30   Data          88  blinky.o(.bss)
    xBlueLedControllerStack                  0x20000d88   Data         400  blinky.o(.bss)
    xGreenLedControllerTaskBuffer            0x20000f18   Data          88  blinky.o(.bss)
    xGreenLedControllerStack                 0x20000f70   Data         400  blinky.o(.bss)
    xRedLedControllerTaskBuffer              0x20001100   Data          88  blinky.o(.bss)
    xRedLedControllerStack                   0x20001158   Data         400  blinky.o(.bss)
    __initial_sp                             0x200015b0   Data           0  startup_tm4c123.o(STACK)



==============================================================================

Memory Map of the image

  Image Entry point : 0x00000341

  Load Region LR_IROM (Base: 0x00000000, Size: 0x00001400, Max: 0x00040000, ABSOLUTE)

    Execution Region ER_IROM (Exec base: 0x00000000, Load base: 0x00000000, Size: 0x00001380, Max: 0x00040000, ABSOLUTE)

    Exec Addr    Load Addr    Size         Type   Attr      Idx    E Section Name        Object

    0x00000000   0x00000000   0x0000026c   Data   RO          115    RESET               startup_tm4c123.o
    0x0000026c   0x0000026c   0x00000000   Code   RO         1865  * .ARM.Collect$$$$00000000  mc_w.l(entry.o)
    0x0000026c   0x0000026c   0x00000004   Code   RO         1876    .ARM.Collect$$$$00000001  mc_w.l(entry2.o)
    0x00000270   0x00000270   0x00000004   Code   RO         1879    .ARM.Collect$$$$00000004  mc_w.l(entry5.o)
    0x00000274   0x00000274   0x00000000   Code   RO         1881    .ARM.Collect$$$$00000008  mc_w.l(entry7b.o)
    0x00000274   0x00000274   0x00000000   Code   RO         1883    .ARM.Collect$$$$0000000A  mc_w.l(entry8b.o)
    0x00000274   0x00000274   0x00000008   Code   RO         1884    .ARM.Collect$$$$0000000B  mc_w.l(entry9a.o)
    0x0000027c   0x0000027c   0x00000000   Code   RO         1886    .ARM.Collect$$$$0000000D  mc_w.l(entry10a.o)
    0x0000027c   0x0000027c   0x00000000   Code   RO         1888    .ARM.Collect$$$$0000000F  mc_w.l(entry11a.o)
    0x0000027c   0x0000027c   0x00000004   Code   RO         1877    .ARM.Collect$$$$00002712  mc_w.l(entry2.o)
    0x00000280   0x00000280   0x000000be   Code   RO          323    .emb_text           port.o
    0x0000033e   0x0000033e   0x00000002   PAD
    0x00000340   0x00000340   0x000000fc   Code   RO          116  * .text               startup_tm4c123.o
    0x0000043c   0x0000043c   0x00000024   Code   RO         1870    .text               mc_w.l(memseta.o)
    0x00000460   0x00000460   0x00000024   Code   RO         1890    .text               mc_w.l(init.o)
    0x00000484   0x00000484   0x00000028   Code   RO         1071    i.GPIODirModeSet    driverlib.lib(gpio.o)
    0x000004ac   0x000004ac   0x00000138   Code   RO         1083    i.GPIOPadConfigSet  driverlib.lib(gpio.o)
    0x000005e4   0x000005e4   0x0000001c   Code   RO         1095    i.GPIOPinTypeGPIOOutput  driverlib.lib(gpio.o)
    0x00000600   0x00000600   0x00000006   Code   RO         1113    i.GPIOPinWrite      driverlib.lib(gpio.o)
    0x00000606   0x00000606   0x00000002   PAD
    0x00000608   0x00000608   0x00000028   Code   RO         1425    i.SysCtlPeripheralEnable  driverlib.lib(sysctl.o)
    0x00000630   0x00000630   0x0000002c   Code   RO         1429    i.SysCtlPeripheralReady  driverlib.lib(sysctl.o)
    0x0000065c   0x0000065c   0x0000002c   Code   RO          324    i.SysTick_Handler   port.o
    0x00000688   0x00000688   0x00000084   Code   RO          125    i.SystemInit        system_tm4c123.o
    0x0000070c   0x0000070c   0x0000000e   Code   RO         1894    i.__scatterload_copy  mc_w.l(handlers.o)
    0x0000071a   0x0000071a   0x00000002   Code   RO         1895    i.__scatterload_null  mc_w.l(handlers.o)
    0x0000071c   0x0000071c   0x0000000e   Code   RO         1896    i.__scatterload_zeroinit  mc_w.l(handlers.o)
    0x0000072a   0x0000072a   0x00000002   PAD
    0x0000072c   0x0000072c   0x00000030   Code   RO          660    i.eTaskConfirmSleepModeStatus  tasks.o
    0x0000075c   0x0000075c   0x000001d4   Code   RO            1    i.main              blinky.o
    0x00000930   0x00000930   0x000000d0   Code   RO          664    i.prvAddNewTaskToReadyList  tasks.o
    0x00000a00   0x00000a00   0x00000034   Code   RO          665    i.prvDeleteTCB      tasks.o
    0x00000a34   0x00000a34   0x00000034   Code   RO          666    i.prvGetExpectedIdleTime  tasks.o
    0x00000a68   0x00000a68   0x0000008c   Code   RO          667    i.prvIdleTask       tasks.o
    0x00000af4   0x00000af4   0x000000ae   Code   RO          668    i.prvInitialiseNewTask  tasks.o
    0x00000ba2   0x00000ba2   0x00000002   PAD
    0x00000ba4   0x00000ba4   0x0000004c   Code   RO          257    i.prvInsertBlockIntoFreeList  heap_4.o
    0x00000bf0   0x00000bf0   0x00000020   Code   RO          670    i.prvResetNextTaskUnblockTime  tasks.o
    0x00000c10   0x00000c10   0x00000028   Code   RO          325    i.prvTaskExitError  port.o
    0x00000c38   0x00000c38   0x0000002c   Code   RO          326    i.pxPortInitialiseStack  port.o
    0x00000c64   0x00000c64   0x00000026   Code   RO          205    i.uxListRemove      list.o
    0x00000c8a   0x00000c8a   0x00000002   PAD
    0x00000c8c   0x00000c8c   0x00000018   Code   RO            2    i.vApplicationGetIdleTaskMemory  blinky.o
    0x00000ca4   0x00000ca4   0x00000040   Code   RO            4    i.vBlueLedControllerTask  blinky.o
    0x00000ce4   0x00000ce4   0x00000040   Code   RO            5    i.vGreenLedControllerTask  blinky.o
    0x00000d24   0x00000d24   0x00000016   Code   RO          206    i.vListInitialise   list.o
    0x00000d3a   0x00000d3a   0x00000006   Code   RO          207    i.vListInitialiseItem  list.o
    0x00000d40   0x00000d40   0x00000018   Code   RO          209    i.vListInsertEnd    list.o
    0x00000d58   0x00000d58   0x00000040   Code   RO          328    i.vPortEnterCritical  port.o
    0x00000d98   0x00000d98   0x00000028   Code   RO          329    i.vPortExitCritical  port.o
    0x00000dc0   0x00000dc0   0x00000064   Code   RO          259    i.vPortFree         heap_4.o
    0x00000e24   0x00000e24   0x00000048   Code   RO          330    i.vPortSetupTimerInterrupt  port.o
    0x00000e6c   0x00000e6c   0x000000d4   Code   RO          331    i.vPortSuppressTicksAndSleep  port.o
    0x00000f40   0x00000f40   0x00000040   Code   RO            6    i.vRedLedControllerTask  blinky.o
    0x00000f80   0x00000f80   0x0000006c   Code   RO          701    i.vTaskStartScheduler  tasks.o
    0x00000fec   0x00000fec   0x00000028   Code   RO          702    i.vTaskStepTick     tasks.o
    0x00001014   0x00001014   0x00000010   Code   RO          704    i.vTaskSuspendAll   tasks.o
    0x00001024   0x00001024   0x0000005c   Code   RO          705    i.vTaskSwitchContext  tasks.o
    0x00001080   0x00001080   0x000000f4   Code   RO          333    i.xPortStartScheduler  port.o
    0x00001174   0x00001174   0x0000005a   Code   RO          710    i.xTaskCreateStatic  tasks.o
    0x000011ce   0x000011ce   0x00000002   PAD
    0x000011d0   0x000011d0   0x000000cc   Code   RO          719    i.xTaskIncrementTick  tasks.o
    0x0000129c   0x0000129c   0x000000c4   Code   RO          725    i.xTaskResumeAll    tasks.o
    0x00001360   0x00001360   0x00000020   Data   RO         1892    Region$$Table       anon$$obj.o


    Execution Region RW_IRAM (Exec base: 0x20000000, Load base: 0x00001380, Size: 0x000015b0, Max: 0x00008000, ABSOLUTE)

    Exec Addr    Load Addr    Size         Type   Attr      Idx    E Section Name        Object

    0x20000000   0x00001380   0x00000008   Data   RW           11    .data               blinky.o
    0x20000008   0x00001388   0x00000004   Data   RW          127    .data               system_tm4c123.o
    0x2000000c   0x0000138c   0x00000020   Data   RW          265    .data               heap_4.o
    0x2000002c   0x000013ac   0x00000018   Data   RW          334    .data               port.o
    0x20000044   0x000013c4   0x0000003c   Data   RW          728    .data               tasks.o
    0x20000080        -       0x00001268   Zero   RW            7    .bss                blinky.o
    0x200012e8        -       0x000000c8   Zero   RW          727    .bss                tasks.o
    0x200013b0        -       0x00000200   Zero   RW          113    STACK               startup_tm4c123.o


==============================================================================

Image component sizes


      Code (inc. data)   RO Data    RW Data    ZI Data      Debug   Object Name

       684        146          0          8       4712      30305   blinky.o
       176         10          0         32          0       5828   heap_4.o
        90          0          0          0          0       5508   list.o
       950         80          0         24          0      12841   port.o
         0          0          0          0          0      13948   queue.o
       252         10        620          0        512       5524   startup_tm4c123.o
       132         42          0          4          0        987   system_tm4c123.o
      1452        112          0         60        200      20193   tasks.o

    ----------------------------------------------------------------------
      3744        400        652        128       5424      95134   Object Totals
         0          0         32          0          0          0   (incl. Generated)
         8          0          0          0          0          0   (incl. Padding)

    ----------------------------------------------------------------------

      Code (inc. data)   RO Data    RW Data    ZI Data      Debug   Library Member Name

       386          0          0          0          0       3587   gpio.o
        84          8          0          0          0       1053   sysctl.o
         0          0          0          0          0          0   entry.o
         0          0          0          0          0          0   entry10a.o
         0          0          0          0          0          0   entry11a.o
         8          4          0          0          0          0   entry2.o
         4          0          0          0          0          0   entry5.o
         0          0          0          0          0          0   entry7b.o
         0          0          0          0          0          0   entry8b.o
         8          4          0          0          0          0   entry9a.o
        30          0          0          0          0          0   handlers.o
        36          8          0          0          0         68   init.o
        36          0          0          0          0        108   memseta.o

    ----------------------------------------------------------------------
       596         24          0          0          0       4816   Library Totals
         4          0          0          0          0          0   (incl. Padding)

    ----------------------------------------------------------------------

      Code (inc. data)   RO Data    RW Data    ZI Data      Debug   Library Name

       470          8          0          0          0       4640   driverlib.lib
       122         16          0          0          0        176   mc_w.l

    ----------------------------------------------------------------------
       596         24          0          0          0       4816   Library Totals

    ----------------------------------------------------------------------

==============================================================================


      Code (inc. data)   RO Data    RW Data    ZI Data      Debug   

      4340        424        652        128       5424      96554   Grand Totals
      4340        424        652        128       5424      96554   ELF Image Totals
      4340        424        652        128          0          0   ROM Totals

==============================================================================

    Total RO  Size (Code + RO Data)                 4992 (   4.88kB)
    Total RW  Size (RW Data + ZI Data)              5552 (   5.42kB)
    Total ROM Size (Code + RO Data + RW Data)       5120 (   5.00kB)

==============================================================================

