Component: ARM Compiler 5.06 update 6 (build 750) Tool: armlink [4d35ed]

==============================================================================

Section Cross References

    oskernel.o(i.osKernelAddThreads) refers to oskernel.o(i.osKernelStackInit) for osKernelStackInit
    oskernel.o(i.osKernelAddThreads) refers to oskernel.o(.bss) for tcbs
    oskernel.o(i.osKernelAddThreads) refers to oskernel.o(.data) for currentPt
    oskernel.o(i.osKernelInit) refers to oskernel.o(.data) for MILLIS_PRESCALER
    oskernel.o(i.osKernelLaunch) refers to oskernel_1.o(.text) for osSchedulerLaunch
    oskernel.o(i.osKernelLaunch) refers to oskernel.o(.data) for MILLIS_PRESCALER
    oskernel.o(i.osKernelStackInit) refers to oskernel.o(.bss) for TCB_STACK
    oskernel.o(i.osSchedulerRoundRobin) refers to main.o(i.Task3) for Task3
    oskernel.o(i.osSchedulerRoundRobin) refers to oskernel.o(.data) for periodic_tick
    oskernel_1.o(.text) refers to oskernel.o(i.osSchedulerRoundRobin) for osSchedulerRoundRobin
    oskernel_1.o(.text) refers to oskernel.o(.data) for currentPt
    main.o(i.Task0) refers to main.o(.data) for count1
    main.o(i.Task1) refers to main.o(.data) for count2
    main.o(i.Task2) refers to main.o(.data) for count3
    main.o(i.main) refers to oskernel.o(i.osKernelInit) for osKernelInit
    main.o(i.main) refers to oskernel.o(i.osKernelAddThreads) for osKernelAddThreads
    main.o(i.main) refers to oskernel.o(i.osKernelLaunch) for osKernelLaunch
    main.o(i.main) refers to main.o(i.Task2) for Task2
    main.o(i.main) refers to main.o(i.Task1) for Task1
    main.o(i.main) refers to main.o(i.Task0) for Task0
    tm4c123_rtos_bsp.o(i.ADC0_getResult) refers to tm4c123_rtos_bsp.o(.data) for _result
    tm4c123_rtos_bsp.o(i.SystemClock_Config80Mhz) refers to tm4c123_rtos_bsp.o(i.DelayMs) for DelayMs
    startup_tm4c123.o(STACK) refers (Special) to heapauxi.o(.text) for __use_two_region_memory
    startup_tm4c123.o(HEAP) refers (Special) to heapauxi.o(.text) for __use_two_region_memory
    startup_tm4c123.o(RESET) refers (Special) to heapauxi.o(.text) for __use_two_region_memory
    startup_tm4c123.o(RESET) refers to startup_tm4c123.o(STACK) for __initial_sp
    startup_tm4c123.o(RESET) refers to startup_tm4c123.o(.text) for Reset_Handler
    startup_tm4c123.o(RESET) refers to oskernel_1.o(.text) for SysTick_Handler
    startup_tm4c123.o(RESET) refers to tm4c123_rtos_bsp.o(i.TIMER2A_Handler) for TIMER2A_Handler
    startup_tm4c123.o(RESET) refers to tm4c123_rtos_bsp.o(i.TIMER3A_Handler) for TIMER3A_Handler
    startup_tm4c123.o(.text) refers (Special) to heapauxi.o(.text) for __use_two_region_memory
    startup_tm4c123.o(.text) refers to system_tm4c123.o(i.SystemInit) for SystemInit
    startup_tm4c123.o(.text) refers to __main.o(!!!main) for __main
    startup_tm4c123.o(.text) refers to startup_tm4c123.o(HEAP) for Heap_Mem
    startup_tm4c123.o(.text) refers to startup_tm4c123.o(STACK) for Stack_Mem
    system_tm4c123.o(i.SystemCoreClockUpdate) refers to system_tm4c123.o(i.getOscClk) for getOscClk
    system_tm4c123.o(i.SystemCoreClockUpdate) refers to system_tm4c123.o(.data) for SystemCoreClock
    __main.o(!!!main) refers to __rtentry.o(.ARM.Collect$$rtentry$$00000000) for __rt_entry
    __rtentry.o(.ARM.Collect$$rtentry$$00000000) refers (Special) to __rtentry2.o(.ARM.Collect$$rtentry$$0000000A) for __rt_entry_li
    __rtentry.o(.ARM.Collect$$rtentry$$00000000) refers (Special) to __rtentry2.o(.ARM.Collect$$rtentry$$0000000D) for __rt_entry_main
    __rtentry.o(.ARM.Collect$$rtentry$$00000000) refers (Special) to __rtentry2.o(.ARM.Collect$$rtentry$$0000000C) for __rt_entry_postli_1
    __rtentry.o(.ARM.Collect$$rtentry$$00000000) refers (Special) to __rtentry2.o(.ARM.Collect$$rtentry$$00000009) for __rt_entry_postsh_1
    __rtentry.o(.ARM.Collect$$rtentry$$00000000) refers (Special) to __rtentry2.o(.ARM.Collect$$rtentry$$00000002) for __rt_entry_presh_1
    __rtentry.o(.ARM.Collect$$rtentry$$00000000) refers (Special) to __rtentry4.o(.ARM.Collect$$rtentry$$00000004) for __rt_entry_sh
    __rtentry2.o(.ARM.Collect$$rtentry$$00000008) refers to boardinit2.o(.text) for _platform_post_stackheap_init
    __rtentry2.o(.ARM.Collect$$rtentry$$0000000A) refers to libinit.o(.ARM.Collect$$libinit$$00000000) for __rt_lib_init
    __rtentry2.o(.ARM.Collect$$rtentry$$0000000B) refers to boardinit3.o(.text) for _platform_post_lib_init
    __rtentry2.o(.ARM.Collect$$rtentry$$0000000D) refers to main.o(i.main) for main
    __rtentry2.o(.ARM.Collect$$rtentry$$0000000D) refers to exit.o(.text) for exit
    __rtentry2.o(.ARM.exidx) refers to __rtentry2.o(.ARM.Collect$$rtentry$$00000001) for .ARM.Collect$$rtentry$$00000001
    __rtentry2.o(.ARM.exidx) refers to __rtentry2.o(.ARM.Collect$$rtentry$$00000008) for .ARM.Collect$$rtentry$$00000008
    __rtentry2.o(.ARM.exidx) refers to __rtentry2.o(.ARM.Collect$$rtentry$$0000000A) for .ARM.Collect$$rtentry$$0000000A
    __rtentry2.o(.ARM.exidx) refers to __rtentry2.o(.ARM.Collect$$rtentry$$0000000B) for .ARM.Collect$$rtentry$$0000000B
    __rtentry2.o(.ARM.exidx) refers to __rtentry2.o(.ARM.Collect$$rtentry$$0000000D) for .ARM.Collect$$rtentry$$0000000D
    __rtentry4.o(.ARM.Collect$$rtentry$$00000004) refers to sys_stackheap_outer.o(.text) for __user_setup_stackheap
    __rtentry4.o(.ARM.exidx) refers to __rtentry4.o(.ARM.Collect$$rtentry$$00000004) for .ARM.Collect$$rtentry$$00000004
    sys_stackheap_outer.o(.text) refers to libspace.o(.text) for __user_perproc_libspace
    sys_stackheap_outer.o(.text) refers to startup_tm4c123.o(.text) for __user_initial_stackheap
    exit.o(.text) refers to rtexit.o(.ARM.Collect$$rtexit$$00000000) for __rt_exit
    libinit.o(.ARM.Collect$$libinit$$00000000) refers (Special) to libinit2.o(.ARM.Collect$$libinit$$0000002E) for __rt_lib_init_alloca_1
    libinit.o(.ARM.Collect$$libinit$$00000000) refers (Special) to libinit2.o(.ARM.Collect$$libinit$$0000002C) for __rt_lib_init_argv_1
    libinit.o(.ARM.Collect$$libinit$$00000000) refers (Special) to libinit2.o(.ARM.Collect$$libinit$$0000001B) for __rt_lib_init_atexit_1
    libinit.o(.ARM.Collect$$libinit$$00000000) refers (Special) to libinit2.o(.ARM.Collect$$libinit$$00000021) for __rt_lib_init_clock_1
    libinit.o(.ARM.Collect$$libinit$$00000000) refers (Special) to libinit2.o(.ARM.Collect$$libinit$$00000032) for __rt_lib_init_cpp_1
    libinit.o(.ARM.Collect$$libinit$$00000000) refers (Special) to libinit2.o(.ARM.Collect$$libinit$$00000030) for __rt_lib_init_exceptions_1
    libinit.o(.ARM.Collect$$libinit$$00000000) refers (Special) to libinit2.o(.ARM.Collect$$libinit$$00000001) for __rt_lib_init_fp_1
    libinit.o(.ARM.Collect$$libinit$$00000000) refers (Special) to libinit2.o(.ARM.Collect$$libinit$$0000001F) for __rt_lib_init_fp_trap_1
    libinit.o(.ARM.Collect$$libinit$$00000000) refers (Special) to libinit2.o(.ARM.Collect$$libinit$$00000023) for __rt_lib_init_getenv_1
    libinit.o(.ARM.Collect$$libinit$$00000000) refers (Special) to libinit2.o(.ARM.Collect$$libinit$$0000000A) for __rt_lib_init_heap_1
    libinit.o(.ARM.Collect$$libinit$$00000000) refers (Special) to libinit2.o(.ARM.Collect$$libinit$$00000011) for __rt_lib_init_lc_collate_1
    libinit.o(.ARM.Collect$$libinit$$00000000) refers (Special) to libinit2.o(.ARM.Collect$$libinit$$00000013) for __rt_lib_init_lc_ctype_1
    libinit.o(.ARM.Collect$$libinit$$00000000) refers (Special) to libinit2.o(.ARM.Collect$$libinit$$00000015) for __rt_lib_init_lc_monetary_1
    libinit.o(.ARM.Collect$$libinit$$00000000) refers (Special) to libinit2.o(.ARM.Collect$$libinit$$00000017) for __rt_lib_init_lc_numeric_1
    libinit.o(.ARM.Collect$$libinit$$00000000) refers (Special) to libinit2.o(.ARM.Collect$$libinit$$00000019) for __rt_lib_init_lc_time_1
    libinit.o(.ARM.Collect$$libinit$$00000000) refers (Special) to libinit2.o(.ARM.Collect$$libinit$$00000004) for __rt_lib_init_preinit_1
    libinit.o(.ARM.Collect$$libinit$$00000000) refers (Special) to libinit2.o(.ARM.Collect$$libinit$$0000000E) for __rt_lib_init_rand_1
    libinit.o(.ARM.Collect$$libinit$$00000000) refers (Special) to libinit2.o(.ARM.Collect$$libinit$$00000033) for __rt_lib_init_return
    libinit.o(.ARM.Collect$$libinit$$00000000) refers (Special) to libinit2.o(.ARM.Collect$$libinit$$0000001D) for __rt_lib_init_signal_1
    libinit.o(.ARM.Collect$$libinit$$00000000) refers (Special) to libinit2.o(.ARM.Collect$$libinit$$00000025) for __rt_lib_init_stdio_1
    libinit.o(.ARM.Collect$$libinit$$00000000) refers (Special) to libinit2.o(.ARM.Collect$$libinit$$0000000C) for __rt_lib_init_user_alloc_1
    libspace.o(.text) refers to libspace.o(.bss) for __libspace_start
    rtexit.o(.ARM.Collect$$rtexit$$00000000) refers (Special) to rtexit2.o(.ARM.Collect$$rtexit$$00000004) for __rt_exit_exit
    rtexit.o(.ARM.Collect$$rtexit$$00000000) refers (Special) to rtexit2.o(.ARM.Collect$$rtexit$$00000003) for __rt_exit_ls
    rtexit.o(.ARM.Collect$$rtexit$$00000000) refers (Special) to rtexit2.o(.ARM.Collect$$rtexit$$00000002) for __rt_exit_prels_1
    rtexit.o(.ARM.exidx) refers (Special) to rtexit2.o(.ARM.Collect$$rtexit$$00000004) for __rt_exit_exit
    rtexit.o(.ARM.exidx) refers (Special) to rtexit2.o(.ARM.Collect$$rtexit$$00000003) for __rt_exit_ls
    rtexit.o(.ARM.exidx) refers (Special) to rtexit2.o(.ARM.Collect$$rtexit$$00000002) for __rt_exit_prels_1
    rtexit.o(.ARM.exidx) refers to rtexit.o(.ARM.Collect$$rtexit$$00000000) for .ARM.Collect$$rtexit$$00000000
    libinit2.o(.ARM.Collect$$libinit$$00000001) refers to fpinit.o(x$fpl$fpinit) for _fp_init
    libinit2.o(.ARM.Collect$$libinit$$00000010) refers to libinit2.o(.ARM.Collect$$libinit$$0000000F) for .ARM.Collect$$libinit$$0000000F
    libinit2.o(.ARM.Collect$$libinit$$00000012) refers to libinit2.o(.ARM.Collect$$libinit$$0000000F) for .ARM.Collect$$libinit$$0000000F
    libinit2.o(.ARM.Collect$$libinit$$00000014) refers to libinit2.o(.ARM.Collect$$libinit$$0000000F) for .ARM.Collect$$libinit$$0000000F
    libinit2.o(.ARM.Collect$$libinit$$00000016) refers to libinit2.o(.ARM.Collect$$libinit$$0000000F) for .ARM.Collect$$libinit$$0000000F
    libinit2.o(.ARM.Collect$$libinit$$00000018) refers to libinit2.o(.ARM.Collect$$libinit$$0000000F) for .ARM.Collect$$libinit$$0000000F
    libinit2.o(.ARM.Collect$$libinit$$00000026) refers to argv_veneer.o(.emb_text) for __ARM_argv_veneer
    libinit2.o(.ARM.Collect$$libinit$$00000027) refers to argv_veneer.o(.emb_text) for __ARM_argv_veneer
    rtexit2.o(.ARM.Collect$$rtexit$$00000003) refers to libshutdown.o(.ARM.Collect$$libshutdown$$00000000) for __rt_lib_shutdown
    rtexit2.o(.ARM.Collect$$rtexit$$00000004) refers to sys_exit.o(.text) for _sys_exit
    rtexit2.o(.ARM.exidx) refers to rtexit2.o(.ARM.Collect$$rtexit$$00000001) for .ARM.Collect$$rtexit$$00000001
    rtexit2.o(.ARM.exidx) refers to rtexit2.o(.ARM.Collect$$rtexit$$00000003) for .ARM.Collect$$rtexit$$00000003
    rtexit2.o(.ARM.exidx) refers to rtexit2.o(.ARM.Collect$$rtexit$$00000004) for .ARM.Collect$$rtexit$$00000004
    argv_veneer.o(.emb_text) refers to no_argv.o(.text) for __ARM_get_argv
    sys_exit.o(.text) refers (Special) to use_no_semi.o(.text) for __I$use$semihosting
    sys_exit.o(.text) refers (Special) to indicate_semi.o(.text) for __semihosting_library_function
    _get_argv_nomalloc.o(.text) refers (Special) to hrguard.o(.text) for __heap_region$guard
    _get_argv_nomalloc.o(.text) refers to defsig_rtmem_outer.o(.text) for __rt_SIGRTMEM
    _get_argv_nomalloc.o(.text) refers to sys_command.o(.text) for _sys_command_string
    libshutdown.o(.ARM.Collect$$libshutdown$$00000000) refers (Special) to libshutdown2.o(.ARM.Collect$$libshutdown$$00000002) for __rt_lib_shutdown_cpp_1
    libshutdown.o(.ARM.Collect$$libshutdown$$00000000) refers (Special) to libshutdown2.o(.ARM.Collect$$libshutdown$$00000007) for __rt_lib_shutdown_fp_trap_1
    libshutdown.o(.ARM.Collect$$libshutdown$$00000000) refers (Special) to libshutdown2.o(.ARM.Collect$$libshutdown$$0000000F) for __rt_lib_shutdown_heap_1
    libshutdown.o(.ARM.Collect$$libshutdown$$00000000) refers (Special) to libshutdown2.o(.ARM.Collect$$libshutdown$$00000010) for __rt_lib_shutdown_return
    libshutdown.o(.ARM.Collect$$libshutdown$$00000000) refers (Special) to libshutdown2.o(.ARM.Collect$$libshutdown$$0000000A) for __rt_lib_shutdown_signal_1
    libshutdown.o(.ARM.Collect$$libshutdown$$00000000) refers (Special) to libshutdown2.o(.ARM.Collect$$libshutdown$$00000004) for __rt_lib_shutdown_stdio_1
    libshutdown.o(.ARM.Collect$$libshutdown$$00000000) refers (Special) to libshutdown2.o(.ARM.Collect$$libshutdown$$0000000C) for __rt_lib_shutdown_user_alloc_1
    sys_command.o(.text) refers (Special) to use_no_semi.o(.text) for __I$use$semihosting
    sys_command.o(.text) refers (Special) to indicate_semi.o(.text) for __semihosting_library_function
    defsig_rtmem_outer.o(.text) refers to defsig_rtmem_inner.o(.text) for __rt_SIGRTMEM_inner
    defsig_rtmem_outer.o(.text) refers to defsig_exit.o(.text) for __sig_exit
    defsig_rtmem_formal.o(.text) refers to rt_raise.o(.text) for __rt_raise
    rt_raise.o(.text) refers to __raise.o(.text) for __raise
    rt_raise.o(.text) refers to sys_exit.o(.text) for _sys_exit
    defsig_exit.o(.text) refers to sys_exit.o(.text) for _sys_exit
    defsig_rtmem_inner.o(.text) refers to defsig_general.o(.text) for __default_signal_display
    __raise.o(.text) refers to defsig.o(CL$$defsig) for __default_signal_handler
    defsig_general.o(.text) refers to sys_wrch.o(.text) for _ttywrch
    sys_wrch.o(.text) refers (Special) to use_no_semi.o(.text) for __I$use$semihosting
    sys_wrch.o(.text) refers (Special) to indicate_semi.o(.text) for __semihosting_library_function
    defsig.o(CL$$defsig) refers to defsig_rtmem_inner.o(.text) for __rt_SIGRTMEM_inner
    defsig_abrt_inner.o(.text) refers to defsig_general.o(.text) for __default_signal_display
    defsig_fpe_inner.o(.text) refers to defsig_general.o(.text) for __default_signal_display
    defsig_rtred_inner.o(.text) refers to defsig_general.o(.text) for __default_signal_display
    defsig_stak_inner.o(.text) refers to defsig_general.o(.text) for __default_signal_display
    defsig_pvfn_inner.o(.text) refers to defsig_general.o(.text) for __default_signal_display
    defsig_cppl_inner.o(.text) refers to defsig_general.o(.text) for __default_signal_display
    defsig_segv_inner.o(.text) refers to defsig_general.o(.text) for __default_signal_display
    defsig_other.o(.text) refers to defsig_general.o(.text) for __default_signal_display


==============================================================================

Removing Unused input sections from the image.

    Removing oskernel.o(.rev16_text), (4 bytes).
    Removing oskernel.o(.revsh_text), (4 bytes).
    Removing oskernel.o(.rrx_text), (6 bytes).
    Removing main.o(.rev16_text), (4 bytes).
    Removing main.o(.revsh_text), (4 bytes).
    Removing main.o(.rrx_text), (6 bytes).
    Removing tm4c123_rtos_bsp.o(.rev16_text), (4 bytes).
    Removing tm4c123_rtos_bsp.o(.revsh_text), (4 bytes).
    Removing tm4c123_rtos_bsp.o(.rrx_text), (6 bytes).
    Removing tm4c123_rtos_bsp.o(i.ADC0_Init), (144 bytes).
    Removing tm4c123_rtos_bsp.o(i.ADC0_getResult), (56 bytes).
    Removing tm4c123_rtos_bsp.o(i.DelayMs), (88 bytes).
    Removing tm4c123_rtos_bsp.o(i.Probe_CH0), (24 bytes).
    Removing tm4c123_rtos_bsp.o(i.Probe_CH1), (24 bytes).
    Removing tm4c123_rtos_bsp.o(i.Probe_CH2), (24 bytes).
    Removing tm4c123_rtos_bsp.o(i.Probe_CH3), (2 bytes).
    Removing tm4c123_rtos_bsp.o(i.Probe_Init), (44 bytes).
    Removing tm4c123_rtos_bsp.o(i.SystemClock_Config80Mhz), (136 bytes).
    Removing tm4c123_rtos_bsp.o(i.Timer2A_Init), (92 bytes).
    Removing tm4c123_rtos_bsp.o(i.Timer3A_Init500HzInt), (124 bytes).
    Removing tm4c123_rtos_bsp.o(i.WTimer5_Init), (92 bytes).
    Removing tm4c123_rtos_bsp.o(i.getMicro), (16 bytes).
    Removing tm4c123_rtos_bsp.o(.data), (4 bytes).
    Removing system_tm4c123.o(.rev16_text), (4 bytes).
    Removing system_tm4c123.o(.revsh_text), (4 bytes).
    Removing system_tm4c123.o(.rrx_text), (6 bytes).
    Removing system_tm4c123.o(i.SystemCoreClockUpdate), (196 bytes).
    Removing system_tm4c123.o(i.getOscClk), (244 bytes).
    Removing system_tm4c123.o(.data), (4 bytes).

29 unused section(s) (total 1370 bytes) removed from the image.

==============================================================================

Image Symbol Table

    Local Symbols

    Symbol Name                              Value     Ov Type        Size  Object(Section)

    RESET                                    0x00000000   Section      620  startup_tm4c123.o(RESET)
    ../clib/angel/boardlib.s                 0x00000000   Number         0  boardinit3.o ABSOLUTE
    ../clib/angel/boardlib.s                 0x00000000   Number         0  boardinit2.o ABSOLUTE
    ../clib/angel/boardlib.s                 0x00000000   Number         0  boardshut.o ABSOLUTE
    ../clib/angel/boardlib.s                 0x00000000   Number         0  boardinit1.o ABSOLUTE
    ../clib/angel/handlers.s                 0x00000000   Number         0  __scatter_zi.o ABSOLUTE
    ../clib/angel/handlers.s                 0x00000000   Number         0  __scatter_copy.o ABSOLUTE
    ../clib/angel/kernel.s                   0x00000000   Number         0  rtexit.o ABSOLUTE
    ../clib/angel/kernel.s                   0x00000000   Number         0  __rtentry2.o ABSOLUTE
    ../clib/angel/kernel.s                   0x00000000   Number         0  __rtentry.o ABSOLUTE
    ../clib/angel/kernel.s                   0x00000000   Number         0  __rtentry4.o ABSOLUTE
    ../clib/angel/kernel.s                   0x00000000   Number         0  rtexit2.o ABSOLUTE
    ../clib/angel/rt.s                       0x00000000   Number         0  rt_raise.o ABSOLUTE
    ../clib/angel/scatter.s                  0x00000000   Number         0  __scatter.o ABSOLUTE
    ../clib/angel/startup.s                  0x00000000   Number         0  __main.o ABSOLUTE
    ../clib/angel/sys.s                      0x00000000   Number         0  libspace.o ABSOLUTE
    ../clib/angel/sys.s                      0x00000000   Number         0  use_no_semi.o ABSOLUTE
    ../clib/angel/sys.s                      0x00000000   Number         0  sys_stackheap_outer.o ABSOLUTE
    ../clib/angel/sys.s                      0x00000000   Number         0  indicate_semi.o ABSOLUTE
    ../clib/angel/sysapp.c                   0x00000000   Number         0  sys_wrch.o ABSOLUTE
    ../clib/angel/sysapp.c                   0x00000000   Number         0  sys_exit.o ABSOLUTE
    ../clib/angel/sysapp.c                   0x00000000   Number         0  sys_command.o ABSOLUTE
    ../clib/armsys.c                         0x00000000   Number         0  argv_veneer.o ABSOLUTE
    ../clib/armsys.c                         0x00000000   Number         0  argv_veneer.o ABSOLUTE
    ../clib/armsys.c                         0x00000000   Number         0  no_argv.o ABSOLUTE
    ../clib/armsys.c                         0x00000000   Number         0  _get_argv_nomalloc.o ABSOLUTE
    ../clib/heapalloc.c                      0x00000000   Number         0  hrguard.o ABSOLUTE
    ../clib/heapaux.c                        0x00000000   Number         0  heapauxi.o ABSOLUTE
    ../clib/libinit.s                        0x00000000   Number         0  libinit.o ABSOLUTE
    ../clib/libinit.s                        0x00000000   Number         0  libshutdown.o ABSOLUTE
    ../clib/libinit.s                        0x00000000   Number         0  libinit2.o ABSOLUTE
    ../clib/libinit.s                        0x00000000   Number         0  libshutdown2.o ABSOLUTE
    ../clib/signal.c                         0x00000000   Number         0  defsig_fpe_inner.o ABSOLUTE
    ../clib/signal.c                         0x00000000   Number         0  defsig_stak_inner.o ABSOLUTE
    ../clib/signal.c                         0x00000000   Number         0  defsig_abrt_inner.o ABSOLUTE
    ../clib/signal.c                         0x00000000   Number         0  defsig_pvfn_inner.o ABSOLUTE
    ../clib/signal.c                         0x00000000   Number         0  defsig_rtmem_inner.o ABSOLUTE
    ../clib/signal.c                         0x00000000   Number         0  defsig_cppl_inner.o ABSOLUTE
    ../clib/signal.c                         0x00000000   Number         0  defsig_exit.o ABSOLUTE
    ../clib/signal.c                         0x00000000   Number         0  defsig_segv_inner.o ABSOLUTE
    ../clib/signal.c                         0x00000000   Number         0  defsig_other.o ABSOLUTE
    ../clib/signal.c                         0x00000000   Number         0  defsig_rtmem_formal.o ABSOLUTE
    ../clib/signal.c                         0x00000000   Number         0  defsig_rtmem_outer.o ABSOLUTE
    ../clib/signal.c                         0x00000000   Number         0  defsig_rtred_inner.o ABSOLUTE
    ../clib/signal.c                         0x00000000   Number         0  defsig_general.o ABSOLUTE
    ../clib/signal.c                         0x00000000   Number         0  __raise.o ABSOLUTE
    ../clib/signal.s                         0x00000000   Number         0  defsig.o ABSOLUTE
    ../clib/stdlib.c                         0x00000000   Number         0  exit.o ABSOLUTE
    ../fplib/fpinit.s                        0x00000000   Number         0  fpinit.o ABSOLUTE
    RTE\Device\TM4C123GH6PM\startup_TM4C123.s 0x00000000   Number         0  startup_tm4c123.o ABSOLUTE
    RTE\Device\TM4C123GH6PM\system_TM4C123.c 0x00000000   Number         0  system_tm4c123.o ABSOLUTE
    RTE\\Device\\TM4C123GH6PM\\system_TM4C123.c 0x00000000   Number         0  system_tm4c123.o ABSOLUTE
    TM4C123_RTOS_BSP.c                       0x00000000   Number         0  tm4c123_rtos_bsp.o ABSOLUTE
    TM4C123_RTOS_BSP.c                       0x00000000   Number         0  tm4c123_rtos_bsp.o ABSOLUTE
    dc.s                                     0x00000000   Number         0  dc.o ABSOLUTE
    main.c                                   0x00000000   Number         0  main.o ABSOLUTE
    main.c                                   0x00000000   Number         0  main.o ABSOLUTE
    osKernel.c                               0x00000000   Number         0  oskernel.o ABSOLUTE
    osKernel.c                               0x00000000   Number         0  oskernel.o ABSOLUTE
    osKernel.s                               0x00000000   Number         0  oskernel_1.o ABSOLUTE
    !!!main                                  0x0000026c   Section        8  __main.o(!!!main)
    !!!scatter                               0x00000274   Section       52  __scatter.o(!!!scatter)
    !!handler_copy                           0x000002a8   Section       26  __scatter_copy.o(!!handler_copy)
    !!handler_zi                             0x000002c4   Section       28  __scatter_zi.o(!!handler_zi)
    .ARM.Collect$$libinit$$00000000          0x000002e0   Section        2  libinit.o(.ARM.Collect$$libinit$$00000000)
    .ARM.Collect$$libinit$$00000001          0x000002e2   Section        4  libinit2.o(.ARM.Collect$$libinit$$00000001)
    .ARM.Collect$$libinit$$00000004          0x000002e6   Section        0  libinit2.o(.ARM.Collect$$libinit$$00000004)
    .ARM.Collect$$libinit$$0000000A          0x000002e6   Section        0  libinit2.o(.ARM.Collect$$libinit$$0000000A)
    .ARM.Collect$$libinit$$0000000C          0x000002e6   Section        0  libinit2.o(.ARM.Collect$$libinit$$0000000C)
    .ARM.Collect$$libinit$$0000000E          0x000002e6   Section        0  libinit2.o(.ARM.Collect$$libinit$$0000000E)
    .ARM.Collect$$libinit$$00000011          0x000002e6   Section        0  libinit2.o(.ARM.Collect$$libinit$$00000011)
    .ARM.Collect$$libinit$$00000013          0x000002e6   Section        0  libinit2.o(.ARM.Collect$$libinit$$00000013)
    .ARM.Collect$$libinit$$00000015          0x000002e6   Section        0  libinit2.o(.ARM.Collect$$libinit$$00000015)
    .ARM.Collect$$libinit$$00000017          0x000002e6   Section        0  libinit2.o(.ARM.Collect$$libinit$$00000017)
    .ARM.Collect$$libinit$$00000019          0x000002e6   Section        0  libinit2.o(.ARM.Collect$$libinit$$00000019)
    .ARM.Collect$$libinit$$0000001B          0x000002e6   Section        0  libinit2.o(.ARM.Collect$$libinit$$0000001B)
    .ARM.Collect$$libinit$$0000001D          0x000002e6   Section        0  libinit2.o(.ARM.Collect$$libinit$$0000001D)
    .ARM.Collect$$libinit$$0000001F          0x000002e6   Section        0  libinit2.o(.ARM.Collect$$libinit$$0000001F)
    .ARM.Collect$$libinit$$00000021          0x000002e6   Section        0  libinit2.o(.ARM.Collect$$libinit$$00000021)
    .ARM.Collect$$libinit$$00000023          0x000002e6   Section        0  libinit2.o(.ARM.Collect$$libinit$$00000023)
    .ARM.Collect$$libinit$$00000025          0x000002e6   Section        0  libinit2.o(.ARM.Collect$$libinit$$00000025)
    .ARM.Collect$$libinit$$0000002C          0x000002e6   Section        0  libinit2.o(.ARM.Collect$$libinit$$0000002C)
    .ARM.Collect$$libinit$$0000002E          0x000002e6   Section        0  libinit2.o(.ARM.Collect$$libinit$$0000002E)
    .ARM.Collect$$libinit$$00000030          0x000002e6   Section        0  libinit2.o(.ARM.Collect$$libinit$$00000030)
    .ARM.Collect$$libinit$$00000032          0x000002e6   Section        0  libinit2.o(.ARM.Collect$$libinit$$00000032)
    .ARM.Collect$$libinit$$00000033          0x000002e6   Section        2  libinit2.o(.ARM.Collect$$libinit$$00000033)
    .ARM.Collect$$libshutdown$$00000000      0x000002e8   Section        2  libshutdown.o(.ARM.Collect$$libshutdown$$00000000)
    .ARM.Collect$$libshutdown$$00000002      0x000002ea   Section        0  libshutdown2.o(.ARM.Collect$$libshutdown$$00000002)
    .ARM.Collect$$libshutdown$$00000004      0x000002ea   Section        0  libshutdown2.o(.ARM.Collect$$libshutdown$$00000004)
    .ARM.Collect$$libshutdown$$00000007      0x000002ea   Section        0  libshutdown2.o(.ARM.Collect$$libshutdown$$00000007)
    .ARM.Collect$$libshutdown$$0000000A      0x000002ea   Section        0  libshutdown2.o(.ARM.Collect$$libshutdown$$0000000A)
    .ARM.Collect$$libshutdown$$0000000C      0x000002ea   Section        0  libshutdown2.o(.ARM.Collect$$libshutdown$$0000000C)
    .ARM.Collect$$libshutdown$$0000000F      0x000002ea   Section        0  libshutdown2.o(.ARM.Collect$$libshutdown$$0000000F)
    .ARM.Collect$$libshutdown$$00000010      0x000002ea   Section        2  libshutdown2.o(.ARM.Collect$$libshutdown$$00000010)
    .ARM.Collect$$rtentry$$00000000          0x000002ec   Section        0  __rtentry.o(.ARM.Collect$$rtentry$$00000000)
    .ARM.Collect$$rtentry$$00000002          0x000002ec   Section        0  __rtentry2.o(.ARM.Collect$$rtentry$$00000002)
    .ARM.Collect$$rtentry$$00000004          0x000002ec   Section        6  __rtentry4.o(.ARM.Collect$$rtentry$$00000004)
    .ARM.Collect$$rtentry$$00000009          0x000002f2   Section        0  __rtentry2.o(.ARM.Collect$$rtentry$$00000009)
    .ARM.Collect$$rtentry$$0000000A          0x000002f2   Section        4  __rtentry2.o(.ARM.Collect$$rtentry$$0000000A)
    .ARM.Collect$$rtentry$$0000000C          0x000002f6   Section        0  __rtentry2.o(.ARM.Collect$$rtentry$$0000000C)
    .ARM.Collect$$rtentry$$0000000D          0x000002f6   Section        8  __rtentry2.o(.ARM.Collect$$rtentry$$0000000D)
    .ARM.Collect$$rtexit$$00000000           0x000002fe   Section        2  rtexit.o(.ARM.Collect$$rtexit$$00000000)
    .ARM.Collect$$rtexit$$00000002           0x00000300   Section        0  rtexit2.o(.ARM.Collect$$rtexit$$00000002)
    .ARM.Collect$$rtexit$$00000003           0x00000300   Section        4  rtexit2.o(.ARM.Collect$$rtexit$$00000003)
    .ARM.Collect$$rtexit$$00000004           0x00000304   Section        6  rtexit2.o(.ARM.Collect$$rtexit$$00000004)
    .text                                    0x0000030c   Section       68  oskernel_1.o(.text)
    $v0                                      0x0000030c   Number         0  oskernel_1.o(.text)
    .text                                    0x00000350   Section      276  startup_tm4c123.o(.text)
    $v0                                      0x00000350   Number         0  startup_tm4c123.o(.text)
    .text                                    0x00000464   Section        0  heapauxi.o(.text)
    .text                                    0x0000046a   Section       74  sys_stackheap_outer.o(.text)
    .text                                    0x000004b4   Section        0  exit.o(.text)
    .text                                    0x000004c8   Section        8  libspace.o(.text)
    .text                                    0x000004d0   Section        0  sys_exit.o(.text)
    .text                                    0x000004dc   Section        2  use_no_semi.o(.text)
    .text                                    0x000004de   Section        0  indicate_semi.o(.text)
    i.SystemInit                             0x000004e0   Section        0  system_tm4c123.o(i.SystemInit)
    i.TIMER2A_Handler                        0x00000578   Section        0  tm4c123_rtos_bsp.o(i.TIMER2A_Handler)
    i.TIMER3A_Handler                        0x000005a8   Section        0  tm4c123_rtos_bsp.o(i.TIMER3A_Handler)
    i.Task0                                  0x000005d8   Section        0  main.o(i.Task0)
    i.Task1                                  0x000005ec   Section        0  main.o(i.Task1)
    i.Task2                                  0x00000600   Section        0  main.o(i.Task2)
    i.Task3                                  0x00000614   Section        0  main.o(i.Task3)
    i.main                                   0x00000618   Section        0  main.o(i.main)
    i.osKernelAddThreads                     0x0000063c   Section        0  oskernel.o(i.osKernelAddThreads)
    i.osKernelInit                           0x00000694   Section        0  oskernel.o(i.osKernelInit)
    i.osKernelLaunch                         0x000006a4   Section        0  oskernel.o(i.osKernelLaunch)
    i.osKernelStackInit                      0x000006ec   Section        0  oskernel.o(i.osKernelStackInit)
    i.osSchedulerRoundRobin                  0x00000724   Section        0  oskernel.o(i.osSchedulerRoundRobin)
    x$fpl$fpinit                             0x00000754   Section       10  fpinit.o(x$fpl$fpinit)
    $v0                                      0x00000754   Number         0  fpinit.o(x$fpl$fpinit)
    .data                                    0x20000000   Section       12  oskernel.o(.data)
    .data                                    0x2000000c   Section       12  main.o(.data)
    .bss                                     0x20000018   Section     1224  oskernel.o(.bss)
    .bss                                     0x200004e0   Section       96  libspace.o(.bss)
    HEAP                                     0x20000540   Section        0  startup_tm4c123.o(HEAP)
    STACK                                    0x20000540   Section      512  startup_tm4c123.o(STACK)
    Heap_Mem                                 0x20000540   Data           0  startup_tm4c123.o(HEAP)
    Stack_Mem                                0x20000540   Data         512  startup_tm4c123.o(STACK)
    __initial_sp                             0x20000740   Data           0  startup_tm4c123.o(STACK)

    Global Symbols

    Symbol Name                              Value     Ov Type        Size  Object(Section)

    BuildAttributes$$THM_ISAv4$E$P$D$K$B$S$7EM$VFPi3$EXTD16$VFPS$VFMA$PE$A:L22UL41UL21$X:L11$S22US41US21$IEEE1$IW$USESV6$~STKCKD$USESV7$~SHL$OSPACE$ROPI$EBA8$UX$STANDARDLIB$REQ8$PRES8$EABIv2 0x00000000   Number         0  anon$$obj.o ABSOLUTE
    __ARM_use_no_argv                        0x00000000   Number         0  main.o ABSOLUTE
    __Vectors                                0x00000000   Data           4  startup_tm4c123.o(RESET)
    __ARM_exceptions_init                     - Undefined Weak Reference
    __alloca_initialize                       - Undefined Weak Reference
    __arm_preinit_                            - Undefined Weak Reference
    __cpp_initialize__aeabi_                  - Undefined Weak Reference
    __cxa_finalize                            - Undefined Weak Reference
    __rt_locale                               - Undefined Weak Reference
    __sigvec_lookup                           - Undefined Weak Reference
    _atexit_init                              - Undefined Weak Reference
    _call_atexit_fns                          - Undefined Weak Reference
    _clock_init                               - Undefined Weak Reference
    _fp_trap_init                             - Undefined Weak Reference
    _fp_trap_shutdown                         - Undefined Weak Reference
    _get_lc_collate                           - Undefined Weak Reference
    _get_lc_ctype                             - Undefined Weak Reference
    _get_lc_monetary                          - Undefined Weak Reference
    _get_lc_numeric                           - Undefined Weak Reference
    _get_lc_time                              - Undefined Weak Reference
    _getenv_init                              - Undefined Weak Reference
    _handle_redirection                       - Undefined Weak Reference
    _init_alloc                               - Undefined Weak Reference
    _init_user_alloc                          - Undefined Weak Reference
    _initio                                   - Undefined Weak Reference
    _rand_init                                - Undefined Weak Reference
    _signal_finish                            - Undefined Weak Reference
    _signal_init                              - Undefined Weak Reference
    _terminate_alloc                          - Undefined Weak Reference
    _terminate_user_alloc                     - Undefined Weak Reference
    _terminateio                              - Undefined Weak Reference
    __Vectors_End                            0x0000026c   Data           0  startup_tm4c123.o(RESET)
    __Vectors_Size                           0x0000026c   Number         0  startup_tm4c123.o ABSOLUTE
    __main                                   0x0000026d   Thumb Code     8  __main.o(!!!main)
    __scatterload                            0x00000275   Thumb Code     0  __scatter.o(!!!scatter)
    __scatterload_rt2                        0x00000275   Thumb Code    44  __scatter.o(!!!scatter)
    __scatterload_rt2_thumb_only             0x00000275   Thumb Code     0  __scatter.o(!!!scatter)
    __scatterload_null                       0x00000283   Thumb Code     0  __scatter.o(!!!scatter)
    __scatterload_copy                       0x000002a9   Thumb Code    26  __scatter_copy.o(!!handler_copy)
    __scatterload_zeroinit                   0x000002c5   Thumb Code    28  __scatter_zi.o(!!handler_zi)
    __rt_lib_init                            0x000002e1   Thumb Code     0  libinit.o(.ARM.Collect$$libinit$$00000000)
    __rt_lib_init_fp_1                       0x000002e3   Thumb Code     0  libinit2.o(.ARM.Collect$$libinit$$00000001)
    __rt_lib_init_alloca_1                   0x000002e7   Thumb Code     0  libinit2.o(.ARM.Collect$$libinit$$0000002E)
    __rt_lib_init_argv_1                     0x000002e7   Thumb Code     0  libinit2.o(.ARM.Collect$$libinit$$0000002C)
    __rt_lib_init_atexit_1                   0x000002e7   Thumb Code     0  libinit2.o(.ARM.Collect$$libinit$$0000001B)
    __rt_lib_init_clock_1                    0x000002e7   Thumb Code     0  libinit2.o(.ARM.Collect$$libinit$$00000021)
    __rt_lib_init_cpp_1                      0x000002e7   Thumb Code     0  libinit2.o(.ARM.Collect$$libinit$$00000032)
    __rt_lib_init_exceptions_1               0x000002e7   Thumb Code     0  libinit2.o(.ARM.Collect$$libinit$$00000030)
    __rt_lib_init_fp_trap_1                  0x000002e7   Thumb Code     0  libinit2.o(.ARM.Collect$$libinit$$0000001F)
    __rt_lib_init_getenv_1                   0x000002e7   Thumb Code     0  libinit2.o(.ARM.Collect$$libinit$$00000023)
    __rt_lib_init_heap_1                     0x000002e7   Thumb Code     0  libinit2.o(.ARM.Collect$$libinit$$0000000A)
    __rt_lib_init_lc_collate_1               0x000002e7   Thumb Code     0  libinit2.o(.ARM.Collect$$libinit$$00000011)
    __rt_lib_init_lc_ctype_1                 0x000002e7   Thumb Code     0  libinit2.o(.ARM.Collect$$libinit$$00000013)
    __rt_lib_init_lc_monetary_1              0x000002e7   Thumb Code     0  libinit2.o(.ARM.Collect$$libinit$$00000015)
    __rt_lib_init_lc_numeric_1               0x000002e7   Thumb Code     0  libinit2.o(.ARM.Collect$$libinit$$00000017)
    __rt_lib_init_lc_time_1                  0x000002e7   Thumb Code     0  libinit2.o(.ARM.Collect$$libinit$$00000019)
    __rt_lib_init_preinit_1                  0x000002e7   Thumb Code     0  libinit2.o(.ARM.Collect$$libinit$$00000004)
    __rt_lib_init_rand_1                     0x000002e7   Thumb Code     0  libinit2.o(.ARM.Collect$$libinit$$0000000E)
    __rt_lib_init_return                     0x000002e7   Thumb Code     0  libinit2.o(.ARM.Collect$$libinit$$00000033)
    __rt_lib_init_signal_1                   0x000002e7   Thumb Code     0  libinit2.o(.ARM.Collect$$libinit$$0000001D)
    __rt_lib_init_stdio_1                    0x000002e7   Thumb Code     0  libinit2.o(.ARM.Collect$$libinit$$00000025)
    __rt_lib_init_user_alloc_1               0x000002e7   Thumb Code     0  libinit2.o(.ARM.Collect$$libinit$$0000000C)
    __rt_lib_shutdown                        0x000002e9   Thumb Code     0  libshutdown.o(.ARM.Collect$$libshutdown$$00000000)
    __rt_lib_shutdown_cpp_1                  0x000002eb   Thumb Code     0  libshutdown2.o(.ARM.Collect$$libshutdown$$00000002)
    __rt_lib_shutdown_fp_trap_1              0x000002eb   Thumb Code     0  libshutdown2.o(.ARM.Collect$$libshutdown$$00000007)
    __rt_lib_shutdown_heap_1                 0x000002eb   Thumb Code     0  libshutdown2.o(.ARM.Collect$$libshutdown$$0000000F)
    __rt_lib_shutdown_return                 0x000002eb   Thumb Code     0  libshutdown2.o(.ARM.Collect$$libshutdown$$00000010)
    __rt_lib_shutdown_signal_1               0x000002eb   Thumb Code     0  libshutdown2.o(.ARM.Collect$$libshutdown$$0000000A)
    __rt_lib_shutdown_stdio_1                0x000002eb   Thumb Code     0  libshutdown2.o(.ARM.Collect$$libshutdown$$00000004)
    __rt_lib_shutdown_user_alloc_1           0x000002eb   Thumb Code     0  libshutdown2.o(.ARM.Collect$$libshutdown$$0000000C)
    __rt_entry                               0x000002ed   Thumb Code     0  __rtentry.o(.ARM.Collect$$rtentry$$00000000)
    __rt_entry_presh_1                       0x000002ed   Thumb Code     0  __rtentry2.o(.ARM.Collect$$rtentry$$00000002)
    __rt_entry_sh                            0x000002ed   Thumb Code     0  __rtentry4.o(.ARM.Collect$$rtentry$$00000004)
    __rt_entry_li                            0x000002f3   Thumb Code     0  __rtentry2.o(.ARM.Collect$$rtentry$$0000000A)
    __rt_entry_postsh_1                      0x000002f3   Thumb Code     0  __rtentry2.o(.ARM.Collect$$rtentry$$00000009)
    __rt_entry_main                          0x000002f7   Thumb Code     0  __rtentry2.o(.ARM.Collect$$rtentry$$0000000D)
    __rt_entry_postli_1                      0x000002f7   Thumb Code     0  __rtentry2.o(.ARM.Collect$$rtentry$$0000000C)
    __rt_exit                                0x000002ff   Thumb Code     0  rtexit.o(.ARM.Collect$$rtexit$$00000000)
    __rt_exit_ls                             0x00000301   Thumb Code     0  rtexit2.o(.ARM.Collect$$rtexit$$00000003)
    __rt_exit_prels_1                        0x00000301   Thumb Code     0  rtexit2.o(.ARM.Collect$$rtexit$$00000002)
    __rt_exit_exit                           0x00000305   Thumb Code     0  rtexit2.o(.ARM.Collect$$rtexit$$00000004)
    SysTick_Handler                          0x0000030d   Thumb Code     0  oskernel_1.o(.text)
    osSchedulerLaunch                        0x0000032d   Thumb Code     0  oskernel_1.o(.text)
    Reset_Handler                            0x00000351   Thumb Code     8  startup_tm4c123.o(.text)
    NMI_Handler                              0x00000359   Thumb Code     2  startup_tm4c123.o(.text)
    HardFault_Handler                        0x0000035b   Thumb Code     2  startup_tm4c123.o(.text)
    MemManage_Handler                        0x0000035d   Thumb Code     2  startup_tm4c123.o(.text)
    BusFault_Handler                         0x0000035f   Thumb Code     2  startup_tm4c123.o(.text)
    UsageFault_Handler                       0x00000361   Thumb Code     2  startup_tm4c123.o(.text)
    SVC_Handler                              0x00000363   Thumb Code     2  startup_tm4c123.o(.text)
    DebugMon_Handler                         0x00000365   Thumb Code     2  startup_tm4c123.o(.text)
    PendSV_Handler                           0x00000367   Thumb Code     2  startup_tm4c123.o(.text)
    GPIOA_Handler                            0x0000036b   Thumb Code     2  startup_tm4c123.o(.text)
    GPIOB_Handler                            0x0000036d   Thumb Code     2  startup_tm4c123.o(.text)
    GPIOC_Handler                            0x0000036f   Thumb Code     2  startup_tm4c123.o(.text)
    GPIOD_Handler                            0x00000371   Thumb Code     2  startup_tm4c123.o(.text)
    GPIOE_Handler                            0x00000373   Thumb Code     2  startup_tm4c123.o(.text)
    UART0_Handler                            0x00000375   Thumb Code     2  startup_tm4c123.o(.text)
    UART1_Handler                            0x00000377   Thumb Code     2  startup_tm4c123.o(.text)
    SSI0_Handler                             0x00000379   Thumb Code     2  startup_tm4c123.o(.text)
    I2C0_Handler                             0x0000037b   Thumb Code     2  startup_tm4c123.o(.text)
    PMW0_FAULT_Handler                       0x0000037d   Thumb Code     2  startup_tm4c123.o(.text)
    PWM0_0_Handler                           0x0000037f   Thumb Code     2  startup_tm4c123.o(.text)
    PWM0_1_Handler                           0x00000381   Thumb Code     2  startup_tm4c123.o(.text)
    PWM0_2_Handler                           0x00000383   Thumb Code     2  startup_tm4c123.o(.text)
    QEI0_Handler                             0x00000385   Thumb Code     2  startup_tm4c123.o(.text)
    ADC0SS0_Handler                          0x00000387   Thumb Code     2  startup_tm4c123.o(.text)
    ADC0SS1_Handler                          0x00000389   Thumb Code     2  startup_tm4c123.o(.text)
    ADC0SS2_Handler                          0x0000038b   Thumb Code     2  startup_tm4c123.o(.text)
    ADC0SS3_Handler                          0x0000038d   Thumb Code     2  startup_tm4c123.o(.text)
    WDT0_Handler                             0x0000038f   Thumb Code     2  startup_tm4c123.o(.text)
    TIMER0A_Handler                          0x00000391   Thumb Code     2  startup_tm4c123.o(.text)
    TIMER0B_Handler                          0x00000393   Thumb Code     2  startup_tm4c123.o(.text)
    TIMER1A_Handler                          0x00000395   Thumb Code     2  startup_tm4c123.o(.text)
    TIMER1B_Handler                          0x00000397   Thumb Code     2  startup_tm4c123.o(.text)
    TIMER2B_Handler                          0x0000039b   Thumb Code     2  startup_tm4c123.o(.text)
    COMP0_Handler                            0x0000039d   Thumb Code     2  startup_tm4c123.o(.text)
    COMP1_Handler                            0x0000039f   Thumb Code     2  startup_tm4c123.o(.text)
    COMP2_Handler                            0x000003a1   Thumb Code     2  startup_tm4c123.o(.text)
    SYSCTL_Handler                           0x000003a3   Thumb Code     2  startup_tm4c123.o(.text)
    FLASH_Handler                            0x000003a5   Thumb Code     2  startup_tm4c123.o(.text)
    GPIOF_Handler                            0x000003a7   Thumb Code     2  startup_tm4c123.o(.text)
    GPIOG_Handler                            0x000003a9   Thumb Code     2  startup_tm4c123.o(.text)
    GPIOH_Handler                            0x000003ab   Thumb Code     2  startup_tm4c123.o(.text)
    UART2_Handler                            0x000003ad   Thumb Code     2  startup_tm4c123.o(.text)
    SSI1_Handler                             0x000003af   Thumb Code     2  startup_tm4c123.o(.text)
    TIMER3B_Handler                          0x000003b3   Thumb Code     2  startup_tm4c123.o(.text)
    I2C1_Handler                             0x000003b5   Thumb Code     2  startup_tm4c123.o(.text)
    QEI1_Handler                             0x000003b7   Thumb Code     2  startup_tm4c123.o(.text)
    CAN0_Handler                             0x000003b9   Thumb Code     2  startup_tm4c123.o(.text)
    CAN1_Handler                             0x000003bb   Thumb Code     2  startup_tm4c123.o(.text)
    CAN2_Handler                             0x000003bd   Thumb Code     2  startup_tm4c123.o(.text)
    HIB_Handler                              0x000003bf   Thumb Code     2  startup_tm4c123.o(.text)
    USB0_Handler                             0x000003c1   Thumb Code     2  startup_tm4c123.o(.text)
    PWM0_3_Handler                           0x000003c3   Thumb Code     2  startup_tm4c123.o(.text)
    UDMA_Handler                             0x000003c5   Thumb Code     2  startup_tm4c123.o(.text)
    UDMAERR_Handler                          0x000003c7   Thumb Code     2  startup_tm4c123.o(.text)
    ADC1SS0_Handler                          0x000003c9   Thumb Code     2  startup_tm4c123.o(.text)
    ADC1SS1_Handler                          0x000003cb   Thumb Code     2  startup_tm4c123.o(.text)
    ADC1SS2_Handler                          0x000003cd   Thumb Code     2  startup_tm4c123.o(.text)
    ADC1SS3_Handler                          0x000003cf   Thumb Code     2  startup_tm4c123.o(.text)
    GPIOJ_Handler                            0x000003d1   Thumb Code     2  startup_tm4c123.o(.text)
    GPIOK_Handler                            0x000003d3   Thumb Code     2  startup_tm4c123.o(.text)
    GPIOL_Handler                            0x000003d5   Thumb Code     2  startup_tm4c123.o(.text)
    SSI2_Handler                             0x000003d7   Thumb Code     2  startup_tm4c123.o(.text)
    SSI3_Handler                             0x000003d9   Thumb Code     2  startup_tm4c123.o(.text)
    UART3_Handler                            0x000003db   Thumb Code     2  startup_tm4c123.o(.text)
    UART4_Handler                            0x000003dd   Thumb Code     2  startup_tm4c123.o(.text)
    UART5_Handler                            0x000003df   Thumb Code     2  startup_tm4c123.o(.text)
    UART6_Handler                            0x000003e1   Thumb Code     2  startup_tm4c123.o(.text)
    UART7_Handler                            0x000003e3   Thumb Code     2  startup_tm4c123.o(.text)
    I2C2_Handler                             0x000003e5   Thumb Code     2  startup_tm4c123.o(.text)
    I2C3_Handler                             0x000003e7   Thumb Code     2  startup_tm4c123.o(.text)
    TIMER4A_Handler                          0x000003e9   Thumb Code     2  startup_tm4c123.o(.text)
    TIMER4B_Handler                          0x000003eb   Thumb Code     2  startup_tm4c123.o(.text)
    TIMER5A_Handler                          0x000003ed   Thumb Code     2  startup_tm4c123.o(.text)
    TIMER5B_Handler                          0x000003ef   Thumb Code     2  startup_tm4c123.o(.text)
    WTIMER0A_Handler                         0x000003f1   Thumb Code     2  startup_tm4c123.o(.text)
    WTIMER0B_Handler                         0x000003f3   Thumb Code     2  startup_tm4c123.o(.text)
    WTIMER1A_Handler                         0x000003f5   Thumb Code     2  startup_tm4c123.o(.text)
    WTIMER1B_Handler                         0x000003f7   Thumb Code     2  startup_tm4c123.o(.text)
    WTIMER2A_Handler                         0x000003f9   Thumb Code     2  startup_tm4c123.o(.text)
    WTIMER2B_Handler                         0x000003fb   Thumb Code     2  startup_tm4c123.o(.text)
    WTIMER3A_Handler                         0x000003fd   Thumb Code     2  startup_tm4c123.o(.text)
    WTIMER3B_Handler                         0x000003ff   Thumb Code     2  startup_tm4c123.o(.text)
    WTIMER4A_Handler                         0x00000401   Thumb Code     2  startup_tm4c123.o(.text)
    WTIMER4B_Handler                         0x00000403   Thumb Code     2  startup_tm4c123.o(.text)
    WTIMER5A_Handler                         0x00000405   Thumb Code     2  startup_tm4c123.o(.text)
    WTIMER5B_Handler                         0x00000407   Thumb Code     2  startup_tm4c123.o(.text)
    FPU_Handler                              0x00000409   Thumb Code     2  startup_tm4c123.o(.text)
    I2C4_Handler                             0x0000040b   Thumb Code     2  startup_tm4c123.o(.text)
    I2C5_Handler                             0x0000040d   Thumb Code     2  startup_tm4c123.o(.text)
    GPIOM_Handler                            0x0000040f   Thumb Code     2  startup_tm4c123.o(.text)
    GPION_Handler                            0x00000411   Thumb Code     2  startup_tm4c123.o(.text)
    QEI2_Handler                             0x00000413   Thumb Code     2  startup_tm4c123.o(.text)
    GPIOP0_Handler                           0x00000415   Thumb Code     2  startup_tm4c123.o(.text)
    GPIOP1_Handler                           0x00000417   Thumb Code     2  startup_tm4c123.o(.text)
    GPIOP2_Handler                           0x00000419   Thumb Code     2  startup_tm4c123.o(.text)
    GPIOP3_Handler                           0x0000041b   Thumb Code     2  startup_tm4c123.o(.text)
    GPIOP4_Handler                           0x0000041d   Thumb Code     2  startup_tm4c123.o(.text)
    GPIOP5_Handler                           0x0000041f   Thumb Code     2  startup_tm4c123.o(.text)
    GPIOP6_Handler                           0x00000421   Thumb Code     2  startup_tm4c123.o(.text)
    GPIOP7_Handler                           0x00000423   Thumb Code     2  startup_tm4c123.o(.text)
    GPIOQ0_Handler                           0x00000425   Thumb Code     2  startup_tm4c123.o(.text)
    GPIOQ1_Handler                           0x00000427   Thumb Code     2  startup_tm4c123.o(.text)
    GPIOQ2_Handler                           0x00000429   Thumb Code     2  startup_tm4c123.o(.text)
    GPIOQ3_Handler                           0x0000042b   Thumb Code     2  startup_tm4c123.o(.text)
    GPIOQ4_Handler                           0x0000042d   Thumb Code     2  startup_tm4c123.o(.text)
    GPIOQ5_Handler                           0x0000042f   Thumb Code     2  startup_tm4c123.o(.text)
    GPIOQ6_Handler                           0x00000431   Thumb Code     2  startup_tm4c123.o(.text)
    GPIOQ7_Handler                           0x00000433   Thumb Code     2  startup_tm4c123.o(.text)
    GPIOR_Handler                            0x00000435   Thumb Code     2  startup_tm4c123.o(.text)
    GPIOS_Handler                            0x00000437   Thumb Code     2  startup_tm4c123.o(.text)
    PMW1_0_Handler                           0x00000439   Thumb Code     2  startup_tm4c123.o(.text)
    PWM1_1_Handler                           0x0000043b   Thumb Code     2  startup_tm4c123.o(.text)
    PWM1_2_Handler                           0x0000043d   Thumb Code     2  startup_tm4c123.o(.text)
    PWM1_3_Handler                           0x0000043f   Thumb Code     2  startup_tm4c123.o(.text)
    PWM1_FAULT_Handler                       0x00000441   Thumb Code     2  startup_tm4c123.o(.text)
    __user_initial_stackheap                 0x00000445   Thumb Code     0  startup_tm4c123.o(.text)
    __use_two_region_memory                  0x00000465   Thumb Code     2  heapauxi.o(.text)
    __rt_heap_escrow$2region                 0x00000467   Thumb Code     2  heapauxi.o(.text)
    __rt_heap_expand$2region                 0x00000469   Thumb Code     2  heapauxi.o(.text)
    __user_setup_stackheap                   0x0000046b   Thumb Code    74  sys_stackheap_outer.o(.text)
    exit                                     0x000004b5   Thumb Code    18  exit.o(.text)
    __user_libspace                          0x000004c9   Thumb Code     8  libspace.o(.text)
    __user_perproc_libspace                  0x000004c9   Thumb Code     0  libspace.o(.text)
    __user_perthread_libspace                0x000004c9   Thumb Code     0  libspace.o(.text)
    _sys_exit                                0x000004d1   Thumb Code     8  sys_exit.o(.text)
    __I$use$semihosting                      0x000004dd   Thumb Code     0  use_no_semi.o(.text)
    __use_no_semihosting_swi                 0x000004dd   Thumb Code     2  use_no_semi.o(.text)
    __semihosting_library_function           0x000004df   Thumb Code     0  indicate_semi.o(.text)
    SystemInit                               0x000004e1   Thumb Code   112  system_tm4c123.o(i.SystemInit)
    TIMER2A_Handler                          0x00000579   Thumb Code    42  tm4c123_rtos_bsp.o(i.TIMER2A_Handler)
    TIMER3A_Handler                          0x000005a9   Thumb Code    42  tm4c123_rtos_bsp.o(i.TIMER3A_Handler)
    Task0                                    0x000005d9   Thumb Code    14  main.o(i.Task0)
    Task1                                    0x000005ed   Thumb Code    14  main.o(i.Task1)
    Task2                                    0x00000601   Thumb Code    14  main.o(i.Task2)
    Task3                                    0x00000615   Thumb Code     2  main.o(i.Task3)
    main                                     0x00000619   Thumb Code    24  main.o(i.main)
    osKernelAddThreads                       0x0000063d   Thumb Code    76  oskernel.o(i.osKernelAddThreads)
    osKernelInit                             0x00000695   Thumb Code    12  oskernel.o(i.osKernelInit)
    osKernelLaunch                           0x000006a5   Thumb Code    62  oskernel.o(i.osKernelLaunch)
    osKernelStackInit                        0x000006ed   Thumb Code    48  oskernel.o(i.osKernelStackInit)
    osSchedulerRoundRobin                    0x00000725   Thumb Code    38  oskernel.o(i.osSchedulerRoundRobin)
    _fp_init                                 0x00000755   Thumb Code    10  fpinit.o(x$fpl$fpinit)
    __fplib_config_fpu_vfp                   0x0000075d   Thumb Code     0  fpinit.o(x$fpl$fpinit)
    __fplib_config_pureend_doubles           0x0000075d   Thumb Code     0  fpinit.o(x$fpl$fpinit)
    Region$$Table$$Base                      0x00000760   Number         0  anon$$obj.o(Region$$Table)
    Region$$Table$$Limit                     0x00000780   Number         0  anon$$obj.o(Region$$Table)
    MILLIS_PRESCALER                         0x20000000   Data           4  oskernel.o(.data)
    periodic_tick                            0x20000004   Data           4  oskernel.o(.data)
    currentPt                                0x20000008   Data           4  oskernel.o(.data)
    count1                                   0x2000000c   Data           4  main.o(.data)
    count2                                   0x20000010   Data           4  main.o(.data)
    count3                                   0x20000014   Data           4  main.o(.data)
    tcbs                                     0x20000018   Data          24  oskernel.o(.bss)
    TCB_STACK                                0x20000030   Data        1200  oskernel.o(.bss)
    __libspace_start                         0x200004e0   Data          96  libspace.o(.bss)
    __temporary_stack_top$libspace           0x20000540   Data           0  libspace.o(.bss)



==============================================================================

Memory Map of the image

  Image Entry point : 0x00000351

  Load Region LR_1 (Base: 0x00000000, Size: 0x00000798, Max: 0xffffffff, ABSOLUTE)

    Execution Region ER_RO (Exec base: 0x00000000, Load base: 0x00000000, Size: 0x00000780, Max: 0xffffffff, ABSOLUTE)

    Exec Addr    Load Addr    Size         Type   Attr      Idx    E Section Name        Object

    0x00000000   0x00000000   0x0000026c   Data   RO          262    RESET               startup_tm4c123.o
    0x0000026c   0x0000026c   0x00000008   Code   RO          312  * !!!main             c_w.l(__main.o)
    0x00000274   0x00000274   0x00000034   Code   RO          469    !!!scatter          c_w.l(__scatter.o)
    0x000002a8   0x000002a8   0x0000001a   Code   RO          471    !!handler_copy      c_w.l(__scatter_copy.o)
    0x000002c2   0x000002c2   0x00000002   PAD
    0x000002c4   0x000002c4   0x0000001c   Code   RO          473    !!handler_zi        c_w.l(__scatter_zi.o)
    0x000002e0   0x000002e0   0x00000002   Code   RO          339    .ARM.Collect$$libinit$$00000000  c_w.l(libinit.o)
    0x000002e2   0x000002e2   0x00000004   Code   RO          345    .ARM.Collect$$libinit$$00000001  c_w.l(libinit2.o)
    0x000002e6   0x000002e6   0x00000000   Code   RO          348    .ARM.Collect$$libinit$$00000004  c_w.l(libinit2.o)
    0x000002e6   0x000002e6   0x00000000   Code   RO          351    .ARM.Collect$$libinit$$0000000A  c_w.l(libinit2.o)
    0x000002e6   0x000002e6   0x00000000   Code   RO          353    .ARM.Collect$$libinit$$0000000C  c_w.l(libinit2.o)
    0x000002e6   0x000002e6   0x00000000   Code   RO          355    .ARM.Collect$$libinit$$0000000E  c_w.l(libinit2.o)
    0x000002e6   0x000002e6   0x00000000   Code   RO          358    .ARM.Collect$$libinit$$00000011  c_w.l(libinit2.o)
    0x000002e6   0x000002e6   0x00000000   Code   RO          360    .ARM.Collect$$libinit$$00000013  c_w.l(libinit2.o)
    0x000002e6   0x000002e6   0x00000000   Code   RO          362    .ARM.Collect$$libinit$$00000015  c_w.l(libinit2.o)
    0x000002e6   0x000002e6   0x00000000   Code   RO          364    .ARM.Collect$$libinit$$00000017  c_w.l(libinit2.o)
    0x000002e6   0x000002e6   0x00000000   Code   RO          366    .ARM.Collect$$libinit$$00000019  c_w.l(libinit2.o)
    0x000002e6   0x000002e6   0x00000000   Code   RO          368    .ARM.Collect$$libinit$$0000001B  c_w.l(libinit2.o)
    0x000002e6   0x000002e6   0x00000000   Code   RO          370    .ARM.Collect$$libinit$$0000001D  c_w.l(libinit2.o)
    0x000002e6   0x000002e6   0x00000000   Code   RO          372    .ARM.Collect$$libinit$$0000001F  c_w.l(libinit2.o)
    0x000002e6   0x000002e6   0x00000000   Code   RO          374    .ARM.Collect$$libinit$$00000021  c_w.l(libinit2.o)
    0x000002e6   0x000002e6   0x00000000   Code   RO          376    .ARM.Collect$$libinit$$00000023  c_w.l(libinit2.o)
    0x000002e6   0x000002e6   0x00000000   Code   RO          378    .ARM.Collect$$libinit$$00000025  c_w.l(libinit2.o)
    0x000002e6   0x000002e6   0x00000000   Code   RO          382    .ARM.Collect$$libinit$$0000002C  c_w.l(libinit2.o)
    0x000002e6   0x000002e6   0x00000000   Code   RO          384    .ARM.Collect$$libinit$$0000002E  c_w.l(libinit2.o)
    0x000002e6   0x000002e6   0x00000000   Code   RO          386    .ARM.Collect$$libinit$$00000030  c_w.l(libinit2.o)
    0x000002e6   0x000002e6   0x00000000   Code   RO          388    .ARM.Collect$$libinit$$00000032  c_w.l(libinit2.o)
    0x000002e6   0x000002e6   0x00000002   Code   RO          389    .ARM.Collect$$libinit$$00000033  c_w.l(libinit2.o)
    0x000002e8   0x000002e8   0x00000002   Code   RO          409    .ARM.Collect$$libshutdown$$00000000  c_w.l(libshutdown.o)
    0x000002ea   0x000002ea   0x00000000   Code   RO          422    .ARM.Collect$$libshutdown$$00000002  c_w.l(libshutdown2.o)
    0x000002ea   0x000002ea   0x00000000   Code   RO          424    .ARM.Collect$$libshutdown$$00000004  c_w.l(libshutdown2.o)
    0x000002ea   0x000002ea   0x00000000   Code   RO          427    .ARM.Collect$$libshutdown$$00000007  c_w.l(libshutdown2.o)
    0x000002ea   0x000002ea   0x00000000   Code   RO          430    .ARM.Collect$$libshutdown$$0000000A  c_w.l(libshutdown2.o)
    0x000002ea   0x000002ea   0x00000000   Code   RO          432    .ARM.Collect$$libshutdown$$0000000C  c_w.l(libshutdown2.o)
    0x000002ea   0x000002ea   0x00000000   Code   RO          435    .ARM.Collect$$libshutdown$$0000000F  c_w.l(libshutdown2.o)
    0x000002ea   0x000002ea   0x00000002   Code   RO          436    .ARM.Collect$$libshutdown$$00000010  c_w.l(libshutdown2.o)
    0x000002ec   0x000002ec   0x00000000   Code   RO          314    .ARM.Collect$$rtentry$$00000000  c_w.l(__rtentry.o)
    0x000002ec   0x000002ec   0x00000000   Code   RO          316    .ARM.Collect$$rtentry$$00000002  c_w.l(__rtentry2.o)
    0x000002ec   0x000002ec   0x00000006   Code   RO          328    .ARM.Collect$$rtentry$$00000004  c_w.l(__rtentry4.o)
    0x000002f2   0x000002f2   0x00000000   Code   RO          318    .ARM.Collect$$rtentry$$00000009  c_w.l(__rtentry2.o)
    0x000002f2   0x000002f2   0x00000004   Code   RO          319    .ARM.Collect$$rtentry$$0000000A  c_w.l(__rtentry2.o)
    0x000002f6   0x000002f6   0x00000000   Code   RO          321    .ARM.Collect$$rtentry$$0000000C  c_w.l(__rtentry2.o)
    0x000002f6   0x000002f6   0x00000008   Code   RO          322    .ARM.Collect$$rtentry$$0000000D  c_w.l(__rtentry2.o)
    0x000002fe   0x000002fe   0x00000002   Code   RO          343    .ARM.Collect$$rtexit$$00000000  c_w.l(rtexit.o)
    0x00000300   0x00000300   0x00000000   Code   RO          391    .ARM.Collect$$rtexit$$00000002  c_w.l(rtexit2.o)
    0x00000300   0x00000300   0x00000004   Code   RO          392    .ARM.Collect$$rtexit$$00000003  c_w.l(rtexit2.o)
    0x00000304   0x00000304   0x00000006   Code   RO          393    .ARM.Collect$$rtexit$$00000004  c_w.l(rtexit2.o)
    0x0000030a   0x0000030a   0x00000002   PAD
    0x0000030c   0x0000030c   0x00000044   Code   RO           88    .text               oskernel_1.o
    0x00000350   0x00000350   0x00000114   Code   RO          263  * .text               startup_tm4c123.o
    0x00000464   0x00000464   0x00000006   Code   RO          310    .text               c_w.l(heapauxi.o)
    0x0000046a   0x0000046a   0x0000004a   Code   RO          330    .text               c_w.l(sys_stackheap_outer.o)
    0x000004b4   0x000004b4   0x00000012   Code   RO          332    .text               c_w.l(exit.o)
    0x000004c6   0x000004c6   0x00000002   PAD
    0x000004c8   0x000004c8   0x00000008   Code   RO          340    .text               c_w.l(libspace.o)
    0x000004d0   0x000004d0   0x0000000c   Code   RO          401    .text               c_w.l(sys_exit.o)
    0x000004dc   0x000004dc   0x00000002   Code   RO          412    .text               c_w.l(use_no_semi.o)
    0x000004de   0x000004de   0x00000000   Code   RO          414    .text               c_w.l(indicate_semi.o)
    0x000004de   0x000004de   0x00000002   PAD
    0x000004e0   0x000004e0   0x00000098   Code   RO          271    i.SystemInit        system_tm4c123.o
    0x00000578   0x00000578   0x00000030   Code   RO          154    i.TIMER2A_Handler   tm4c123_rtos_bsp.o
    0x000005a8   0x000005a8   0x00000030   Code   RO          155    i.TIMER3A_Handler   tm4c123_rtos_bsp.o
    0x000005d8   0x000005d8   0x00000014   Code   RO           94    i.Task0             main.o
    0x000005ec   0x000005ec   0x00000014   Code   RO           95    i.Task1             main.o
    0x00000600   0x00000600   0x00000014   Code   RO           96    i.Task2             main.o
    0x00000614   0x00000614   0x00000002   Code   RO           97    i.Task3             main.o
    0x00000616   0x00000616   0x00000002   PAD
    0x00000618   0x00000618   0x00000024   Code   RO           98    i.main              main.o
    0x0000063c   0x0000063c   0x00000058   Code   RO            4    i.osKernelAddThreads  oskernel.o
    0x00000694   0x00000694   0x00000010   Code   RO            5    i.osKernelInit      oskernel.o
    0x000006a4   0x000006a4   0x00000048   Code   RO            6    i.osKernelLaunch    oskernel.o
    0x000006ec   0x000006ec   0x00000038   Code   RO            7    i.osKernelStackInit  oskernel.o
    0x00000724   0x00000724   0x00000030   Code   RO            8    i.osSchedulerRoundRobin  oskernel.o
    0x00000754   0x00000754   0x0000000a   Code   RO          399    x$fpl$fpinit        fz_wm.l(fpinit.o)
    0x0000075e   0x0000075e   0x00000002   PAD
    0x00000760   0x00000760   0x00000020   Data   RO          467    Region$$Table       anon$$obj.o


    Execution Region ER_RW (Exec base: 0x20000000, Load base: 0x00000780, Size: 0x00000018, Max: 0xffffffff, ABSOLUTE)

    Exec Addr    Load Addr    Size         Type   Attr      Idx    E Section Name        Object

    0x20000000   0x00000780   0x0000000c   Data   RW           10    .data               oskernel.o
    0x2000000c   0x0000078c   0x0000000c   Data   RW           99    .data               main.o


    Execution Region ER_ZI (Exec base: 0x20000018, Load base: 0x00000798, Size: 0x00000728, Max: 0xffffffff, ABSOLUTE)

    Exec Addr    Load Addr    Size         Type   Attr      Idx    E Section Name        Object

    0x20000018        -       0x000004c8   Zero   RW            9    .bss                oskernel.o
    0x200004e0        -       0x00000060   Zero   RW          341    .bss                c_w.l(libspace.o)
    0x20000540        -       0x00000000   Zero   RW          261    HEAP                startup_tm4c123.o
    0x20000540        -       0x00000200   Zero   RW          260    STACK               startup_tm4c123.o


==============================================================================

Image component sizes


      Code (inc. data)   RO Data    RW Data    ZI Data      Debug   Object Name

        98         30          0         12          0       2410   main.o
       280         44          0         12       1224       8279   oskernel.o
        68          6          0          0          0        252   oskernel_1.o
       276         24        620          0        512       5460   startup_tm4c123.o
       152         40          0          0          0        609   system_tm4c123.o
        96         12          0          0          0       1068   tm4c123_rtos_bsp.o

    ----------------------------------------------------------------------
       972        156        652         24       1736      18078   Object Totals
         0          0         32          0          0          0   (incl. Generated)
         2          0          0          0          0          0   (incl. Padding)

    ----------------------------------------------------------------------

      Code (inc. data)   RO Data    RW Data    ZI Data      Debug   Library Member Name

         8          0          0          0          0         68   __main.o
         0          0          0          0          0          0   __rtentry.o
        12          0          0          0          0          0   __rtentry2.o
         6          0          0          0          0          0   __rtentry4.o
        52          8          0          0          0          0   __scatter.o
        26          0          0          0          0          0   __scatter_copy.o
        28          0          0          0          0          0   __scatter_zi.o
        18          0          0          0          0         80   exit.o
         6          0          0          0          0        152   heapauxi.o
         0          0          0          0          0          0   indicate_semi.o
         2          0          0          0          0          0   libinit.o
         6          0          0          0          0          0   libinit2.o
         2          0          0          0          0          0   libshutdown.o
         2          0          0          0          0          0   libshutdown2.o
         8          4          0          0         96         68   libspace.o
         2          0          0          0          0          0   rtexit.o
        10          0          0          0          0          0   rtexit2.o
        12          4          0          0          0         68   sys_exit.o
        74          0          0          0          0         80   sys_stackheap_outer.o
         2          0          0          0          0         68   use_no_semi.o
        10          0          0          0          0        116   fpinit.o

    ----------------------------------------------------------------------
       296         16          0          0         96        700   Library Totals
        10          0          0          0          0          0   (incl. Padding)

    ----------------------------------------------------------------------

      Code (inc. data)   RO Data    RW Data    ZI Data      Debug   Library Name

       276         16          0          0         96        584   c_w.l
        10          0          0          0          0        116   fz_wm.l

    ----------------------------------------------------------------------
       296         16          0          0         96        700   Library Totals

    ----------------------------------------------------------------------

==============================================================================


      Code (inc. data)   RO Data    RW Data    ZI Data      Debug   

      1268        172        652         24       1832      17922   Grand Totals
      1268        172        652         24       1832      17922   ELF Image Totals
      1268        172        652         24          0          0   ROM Totals

==============================================================================

    Total RO  Size (Code + RO Data)                 1920 (   1.88kB)
    Total RW  Size (RW Data + ZI Data)              1856 (   1.81kB)
    Total ROM Size (Code + RO Data + RW Data)       1944 (   1.90kB)

==============================================================================

