Component: ARM Compiler 5.06 update 6 (build 750) Tool: armlink [4d35ed]

==============================================================================

Section Cross References

    blinky.o(i.main) refers to sysctl.o(i.SysCtlPeripheralEnable) for SysCtlPeripheralEnable
    blinky.o(i.main) refers to sysctl.o(i.SysCtlPeripheralReady) for SysCtlPeripheralReady
    blinky.o(i.main) refers to gpio.o(i.GPIOPinTypeGPIOOutput) for GPIOPinTypeGPIOOutput
    blinky.o(i.main) refers to tasks.o(i.xTaskCreate) for xTaskCreate
    blinky.o(i.main) refers to gpio.o(i.GPIOPinWrite) for GPIOPinWrite
    blinky.o(i.main) refers to tasks.o(i.vTaskStartScheduler) for vTaskStartScheduler
    blinky.o(i.main) refers to blinky.o(.data) for .data
    blinky.o(i.main) refers to blinky.o(i.vGreenLedControllerTask) for vGreenLedControllerTask
    blinky.o(i.vApplicationIdleHook) refers to gpio.o(i.GPIOPinWrite) for GPIOPinWrite
    blinky.o(i.vApplicationIdleHook) refers to blinky.o(.data) for .data
    blinky.o(i.vGreenLedControllerTask) refers to gpio.o(i.GPIOPinWrite) for GPIOPinWrite
    blinky.o(i.vGreenLedControllerTask) refers to blinky.o(.data) for .data
    startup_tm4c123.o(RESET) refers to startup_tm4c123.o(STACK) for __initial_sp
    startup_tm4c123.o(RESET) refers to startup_tm4c123.o(.text) for Reset_Handler
    startup_tm4c123.o(RESET) refers to port.o(.emb_text) for SVC_Handler
    startup_tm4c123.o(RESET) refers to port.o(i.SysTick_Handler) for SysTick_Handler
    startup_tm4c123.o(.text) refers to system_tm4c123.o(i.SystemInit) for SystemInit
    startup_tm4c123.o(.text) refers to entry.o(.ARM.Collect$$$$00000000) for __main
    system_tm4c123.o(i.SystemCoreClockUpdate) refers to system_tm4c123.o(i.getOscClk) for getOscClk
    system_tm4c123.o(i.SystemCoreClockUpdate) refers to system_tm4c123.o(.data) for .data
    heap_4.o(i.prvHeapInit) refers to heap_4.o(.bss) for .bss
    heap_4.o(i.prvHeapInit) refers to heap_4.o(.data) for .data
    heap_4.o(i.prvInsertBlockIntoFreeList) refers to heap_4.o(.data) for .data
    heap_4.o(i.pvPortMalloc) refers to tasks.o(i.vTaskSuspendAll) for vTaskSuspendAll
    heap_4.o(i.pvPortMalloc) refers to heap_4.o(i.prvHeapInit) for prvHeapInit
    heap_4.o(i.pvPortMalloc) refers to heap_4.o(i.prvInsertBlockIntoFreeList) for prvInsertBlockIntoFreeList
    heap_4.o(i.pvPortMalloc) refers to tasks.o(i.xTaskResumeAll) for xTaskResumeAll
    heap_4.o(i.pvPortMalloc) refers to heap_4.o(.data) for .data
    heap_4.o(i.vPortFree) refers to tasks.o(i.vTaskSuspendAll) for vTaskSuspendAll
    heap_4.o(i.vPortFree) refers to heap_4.o(i.prvInsertBlockIntoFreeList) for prvInsertBlockIntoFreeList
    heap_4.o(i.vPortFree) refers to tasks.o(i.xTaskResumeAll) for xTaskResumeAll
    heap_4.o(i.vPortFree) refers to heap_4.o(.data) for .data
    heap_4.o(i.vPortGetHeapStats) refers to tasks.o(i.vTaskSuspendAll) for vTaskSuspendAll
    heap_4.o(i.vPortGetHeapStats) refers to tasks.o(i.xTaskResumeAll) for xTaskResumeAll
    heap_4.o(i.vPortGetHeapStats) refers to port.o(i.vPortEnterCritical) for vPortEnterCritical
    heap_4.o(i.vPortGetHeapStats) refers to port.o(i.vPortExitCritical) for vPortExitCritical
    heap_4.o(i.vPortGetHeapStats) refers to heap_4.o(.data) for .data
    heap_4.o(i.xPortGetFreeHeapSize) refers to heap_4.o(.data) for .data
    heap_4.o(i.xPortGetMinimumEverFreeHeapSize) refers to heap_4.o(.data) for .data
    port.o(.emb_text) refers to tasks.o(i.vTaskSwitchContext) for vTaskSwitchContext
    port.o(.emb_text) refers to tasks.o(.data) for pxCurrentTCB
    port.o(i.SysTick_Handler) refers to tasks.o(i.xTaskIncrementTick) for xTaskIncrementTick
    port.o(i.prvTaskExitError) refers to port.o(.data) for .data
    port.o(i.pxPortInitialiseStack) refers to port.o(i.prvTaskExitError) for prvTaskExitError
    port.o(i.vPortEndScheduler) refers to port.o(.data) for .data
    port.o(i.vPortEnterCritical) refers to port.o(.data) for .data
    port.o(i.vPortExitCritical) refers to port.o(.data) for .data
    port.o(i.vPortSetupTimerInterrupt) refers to system_tm4c123.o(.data) for SystemCoreClock
    port.o(i.vPortSetupTimerInterrupt) refers to port.o(.data) for .data
    port.o(i.vPortSuppressTicksAndSleep) refers to tasks.o(i.eTaskConfirmSleepModeStatus) for eTaskConfirmSleepModeStatus
    port.o(i.vPortSuppressTicksAndSleep) refers to tasks.o(i.vTaskStepTick) for vTaskStepTick
    port.o(i.vPortSuppressTicksAndSleep) refers to port.o(.data) for .data
    port.o(i.vPortValidateInterruptPriority) refers to port.o(.emb_text) for vPortGetIPSR
    port.o(i.vPortValidateInterruptPriority) refers to port.o(.data) for .data
    port.o(i.xPortStartScheduler) refers to port.o(i.vPortSetupTimerInterrupt) for vPortSetupTimerInterrupt
    port.o(i.xPortStartScheduler) refers to port.o(.emb_text) for __asm___6_port_c_39a90d8d__prvEnableVFP
    port.o(i.xPortStartScheduler) refers to port.o(.data) for .data
    queue.o(i.prvCopyDataFromQueue) refers to memcpya.o(.text) for __aeabi_memcpy
[...]
    queue.o(i.xQueueGenericSend) refers to queue.o(i.prvCopyDataToQueue) for prvCopyDataToQueue
    queue.o(i.xQueueGenericSend) refers to queue.o(i.prvNotifyQueueSetContainer) for prvNotifyQueueSetContainer
    queue.o(i.xQueueGenericSend) refers to tasks.o(i.xTaskRemoveFromEventList) for xTaskRemoveFromEventList
    queue.o(i.xQueueGenericSend) refers to port.o(i.vPortExitCritical) for vPortExitCritical
    queue.o(i.xQueueGenericSend) refers to tasks.o(i.vTaskInternalSetTimeOutState) for vTaskInternalSetTimeOutState
    queue.o(i.xQueueGenericSend) refers to tasks.o(i.vTaskSuspendAll) for vTaskSuspendAll
    queue.o(i.xQueueGenericSend) refers to tasks.o(i.xTaskCheckForTimeOut) for xTaskCheckForTimeOut
    queue.o(i.xQueueGenericSend) refers to queue.o(i.prvUnlockQueue) for prvUnlockQueue
    queue.o(i.xQueueGenericSend) refers to tasks.o(i.xTaskResumeAll) for xTaskResumeAll
    queue.o(i.xQueueGenericSend) refers to tasks.o(i.vTaskPlaceOnEventList) for vTaskPlaceOnEventList
    queue.o(i.xQueueGenericSendFromISR) refers to port.o(i.vPortValidateInterruptPriority) for vPortValidateInterruptPriority
    queue.o(i.xQueueGenericSendFromISR) refers to queue.o(i.prvCopyDataToQueue) for prvCopyDataToQueue
    queue.o(i.xQueueGenericSendFromISR) refers to queue.o(i.prvNotifyQueueSetContainer) for prvNotifyQueueSetContainer
    queue.o(i.xQueueGenericSendFromISR) refers to tasks.o(i.xTaskRemoveFromEventList) for xTaskRemoveFromEventList
    queue.o(i.xQueueGetMutexHolder) refers to port.o(i.vPortEnterCritical) for vPortEnterCritical
    queue.o(i.xQueueGetMutexHolder) refers to port.o(i.vPortExitCritical) for vPortExitCritical
    queue.o(i.xQueueGiveFromISR) refers to port.o(i.vPortValidateInterruptPriority) for vPortValidateInterruptPriority
    queue.o(i.xQueueGiveFromISR) refers to queue.o(i.prvNotifyQueueSetContainer) for prvNotifyQueueSetContainer
    queue.o(i.xQueueGiveFromISR) refers to tasks.o(i.xTaskRemoveFromEventList) for xTaskRemoveFromEventList
    queue.o(i.xQueueGiveMutexRecursive) refers to tasks.o(i.xTaskGetCurrentTaskHandle) for xTaskGetCurrentTaskHandle
    queue.o(i.xQueueGiveMutexRecursive) refers to queue.o(i.xQueueGenericSend) for xQueueGenericSend
    queue.o(i.xQueuePeek) refers to tasks.o(i.xTaskGetSchedulerState) for xTaskGetSchedulerState
    queue.o(i.xQueuePeek) refers to port.o(i.vPortEnterCritical) for vPortEnterCritical
    queue.o(i.xQueuePeek) refers to queue.o(i.prvCopyDataFromQueue) for prvCopyDataFromQueue
    queue.o(i.xQueuePeek) refers to tasks.o(i.xTaskRemoveFromEventList) for xTaskRemoveFromEventList
    queue.o(i.xQueuePeek) refers to port.o(i.vPortExitCritical) for vPortExitCritical
    queue.o(i.xQueuePeek) refers to tasks.o(i.vTaskInternalSetTimeOutState) for vTaskInternalSetTimeOutState
    queue.o(i.xQueuePeek) refers to tasks.o(i.vTaskSuspendAll) for vTaskSuspendAll
    queue.o(i.xQueuePeek) refers to tasks.o(i.xTaskCheckForTimeOut) for xTaskCheckForTimeOut
    queue.o(i.xQueuePeek) refers to queue.o(i.prvUnlockQueue) for prvUnlockQueue
    queue.o(i.xQueuePeek) refers to tasks.o(i.xTaskResumeAll) for xTaskResumeAll
    queue.o(i.xQueuePeek) refers to queue.o(i.prvIsQueueEmpty) for prvIsQueueEmpty
    queue.o(i.xQueuePeek) refers to tasks.o(i.vTaskPlaceOnEventList) for vTaskPlaceOnEventList
    queue.o(i.xQueuePeekFromISR) refers to port.o(i.vPortValidateInterruptPriority) for vPortValidateInterruptPriority
    queue.o(i.xQueuePeekFromISR) refers to queue.o(i.prvCopyDataFromQueue) for prvCopyDataFromQueue
    queue.o(i.xQueueReceive) refers to tasks.o(i.xTaskGetSchedulerState) for xTaskGetSchedulerState
    queue.o(i.xQueueReceive) refers to port.o(i.vPortEnterCritical) for vPortEnterCritical
    queue.o(i.xQueueReceive) refers to queue.o(i.prvCopyDataFromQueue) for prvCopyDataFromQueue
    queue.o(i.xQueueReceive) refers to tasks.o(i.xTaskRemoveFromEventList) for xTaskRemoveFromEventList
    queue.o(i.xQueueReceive) refers to port.o(i.vPortExitCritical) for vPortExitCritical
    queue.o(i.xQueueReceive) refers to tasks.o(i.vTaskInternalSetTimeOutState) for vTaskInternalSetTimeOutState
    queue.o(i.xQueueReceive) refers to tasks.o(i.vTaskSuspendAll) for vTaskSuspendAll
    queue.o(i.xQueueReceive) refers to tasks.o(i.xTaskCheckForTimeOut) for xTaskCheckForTimeOut
    queue.o(i.xQueueReceive) refers to queue.o(i.prvUnlockQueue) for prvUnlockQueue
    queue.o(i.xQueueReceive) refers to tasks.o(i.xTaskResumeAll) for xTaskResumeAll
    queue.o(i.xQueueReceive) refers to queue.o(i.prvIsQueueEmpty) for prvIsQueueEmpty
    queue.o(i.xQueueReceive) refers to tasks.o(i.vTaskPlaceOnEventList) for vTaskPlaceOnEventList
    queue.o(i.xQueueReceiveFromISR) refers to port.o(i.vPortValidateInterruptPriority) for vPortValidateInterruptPriority
    queue.o(i.xQueueReceiveFromISR) refers to queue.o(i.prvCopyDataFromQueue) for prvCopyDataFromQueue
    queue.o(i.xQueueReceiveFromISR) refers to tasks.o(i.xTaskRemoveFromEventList) for xTaskRemoveFromEventList
    queue.o(i.xQueueRemoveFromSet) refers to port.o(i.vPortEnterCritical) for vPortEnterCritical
    queue.o(i.xQueueRemoveFromSet) refers to port.o(i.vPortExitCritical) for vPortExitCritical
    queue.o(i.xQueueSelectFromSet) refers to queue.o(i.xQueueReceive) for xQueueReceive
    queue.o(i.xQueueSelectFromSetFromISR) refers to queue.o(i.xQueueReceiveFromISR) for xQueueReceiveFromISR
    queue.o(i.xQueueSemaphoreTake) refers to tasks.o(i.xTaskGetSchedulerState) for xTaskGetSchedulerState
    queue.o(i.xQueueSemaphoreTake) refers to port.o(i.vPortEnterCritical) for vPortEnterCritical
    queue.o(i.xQueueSemaphoreTake) refers to tasks.o(i.pvTaskIncrementMutexHeldCount) for pvTaskIncrementMutexHeldCount
    queue.o(i.xQueueSemaphoreTake) refers to tasks.o(i.xTaskRemoveFromEventList) for xTaskRemoveFromEventList
    queue.o(i.xQueueSemaphoreTake) refers to port.o(i.vPortExitCritical) for vPortExitCritical
    queue.o(i.xQueueSemaphoreTake) refers to tasks.o(i.vTaskInternalSetTimeOutState) for vTaskInternalSetTimeOutState
    queue.o(i.xQueueSemaphoreTake) refers to tasks.o(i.vTaskSuspendAll) for vTaskSuspendAll
    queue.o(i.xQueueSemaphoreTake) refers to tasks.o(i.xTaskCheckForTimeOut) for xTaskCheckForTimeOut
    queue.o(i.xQueueSemaphoreTake) refers to queue.o(i.prvUnlockQueue) for prvUnlockQueue
    queue.o(i.xQueueSemaphoreTake) refers to tasks.o(i.xTaskResumeAll) for xTaskResumeAll
    queue.o(i.xQueueSemaphoreTake) refers to queue.o(i.prvIsQueueEmpty) for prvIsQueueEmpty
    queue.o(i.xQueueSemaphoreTake) refers to tasks.o(i.xTaskPriorityInherit) for xTaskPriorityInherit
    queue.o(i.xQueueSemaphoreTake) refers to tasks.o(i.vTaskPlaceOnEventList) for vTaskPlaceOnEventList
    queue.o(i.xQueueSemaphoreTake) refers to tasks.o(i.vTaskPriorityDisinheritAfterTimeout) for vTaskPriorityDisinheritAfterTimeout
    queue.o(i.xQueueTakeMutexRecursive) refers to tasks.o(i.xTaskGetCurrentTaskHandle) for xTaskGetCurrentTaskHandle
    queue.o(i.xQueueTakeMutexRecursive) refers to queue.o(i.xQueueSemaphoreTake) for xQueueSemaphoreTake
    tasks.o(i.eTaskConfirmSleepModeStatus) refers to tasks.o(.bss) for .bss
    tasks.o(i.eTaskConfirmSleepModeStatus) refers to tasks.o(.data) for .data
    tasks.o(i.eTaskGetState) refers to port.o(i.vPortEnterCritical) for vPortEnterCritical
    tasks.o(i.eTaskGetState) refers to port.o(i.vPortExitCritical) for vPortExitCritical
    tasks.o(i.eTaskGetState) refers to tasks.o(.data) for .data
    tasks.o(i.eTaskGetState) refers to tasks.o(.bss) for .bss
    tasks.o(i.pcTaskGetName) refers to tasks.o(.data) for .data
    tasks.o(i.prvAddCurrentTaskToDelayedList) refers to list.o(i.uxListRemove) for uxListRemove
    tasks.o(i.prvAddCurrentTaskToDelayedList) refers to list.o(i.vListInsertEnd) for vListInsertEnd
    tasks.o(i.prvAddCurrentTaskToDelayedList) refers to list.o(i.vListInsert) for vListInsert
    tasks.o(i.prvAddCurrentTaskToDelayedList) refers to tasks.o(.data) for .data
    tasks.o(i.prvAddCurrentTaskToDelayedList) refers to tasks.o(.bss) for .bss
    tasks.o(i.prvAddNewTaskToReadyList) refers to port.o(i.vPortEnterCritical) for vPortEnterCritical
    tasks.o(i.prvAddNewTaskToReadyList) refers to list.o(i.vListInitialise) for vListInitialise
    tasks.o(i.prvAddNewTaskToReadyList) refers to list.o(i.vListInsertEnd) for vListInsertEnd
    tasks.o(i.prvAddNewTaskToReadyList) refers to port.o(i.vPortExitCritical) for vPortExitCritical
    tasks.o(i.prvAddNewTaskToReadyList) refers to tasks.o(.data) for .data
    tasks.o(i.prvAddNewTaskToReadyList) refers to tasks.o(.bss) for .bss
    tasks.o(i.prvDeleteTCB) refers to heap_4.o(i.vPortFree) for vPortFree
    tasks.o(i.prvGetExpectedIdleTime) refers to tasks.o(.data) for .data
    tasks.o(i.prvGetExpectedIdleTime) refers to tasks.o(.bss) for .bss
    tasks.o(i.prvIdleTask) refers to port.o(i.vPortEnterCritical) for vPortEnterCritical
    tasks.o(i.prvIdleTask) refers to list.o(i.uxListRemove) for uxListRemove
    tasks.o(i.prvIdleTask) refers to port.o(i.vPortExitCritical) for vPortExitCritical
    tasks.o(i.prvIdleTask) refers to tasks.o(i.prvDeleteTCB) for prvDeleteTCB
    tasks.o(i.prvIdleTask) refers to blinky.o(i.vApplicationIdleHook) for vApplicationIdleHook
    tasks.o(i.prvIdleTask) refers to tasks.o(i.prvGetExpectedIdleTime) for prvGetExpectedIdleTime
    tasks.o(i.prvIdleTask) refers to tasks.o(i.vTaskSuspendAll) for vTaskSuspendAll
    tasks.o(i.prvIdleTask) refers to port.o(i.vPortSuppressTicksAndSleep) for vPortSuppressTicksAndSleep
    tasks.o(i.prvIdleTask) refers to tasks.o(i.xTaskResumeAll) for xTaskResumeAll
    tasks.o(i.prvIdleTask) refers to tasks.o(.data) for .data
    tasks.o(i.prvIdleTask) refers to tasks.o(.bss) for .bss
    tasks.o(i.prvInitialiseNewTask) refers to memseta.o(.text) for __aeabi_memset
    tasks.o(i.prvInitialiseNewTask) refers to list.o(i.vListInitialiseItem) for vListInitialiseItem
    tasks.o(i.prvInitialiseNewTask) refers to port.o(i.pxPortInitialiseStack) for pxPortInitialiseStack
    tasks.o(i.prvListTasksWithinSingleList) refers to tasks.o(i.vTaskGetInfo) for vTaskGetInfo
    tasks.o(i.prvResetNextTaskUnblockTime) refers to tasks.o(.data) for .data
    tasks.o(i.prvTaskIsTaskSuspended) refers to tasks.o(.bss) for .bss
    tasks.o(i.pvTaskIncrementMutexHeldCount) refers to tasks.o(.data) for .data
    tasks.o(i.ulTaskNotifyTake) refers to port.o(i.vPortEnterCritical) for vPortEnterCritical
    tasks.o(i.ulTaskNotifyTake) refers to tasks.o(i.prvAddCurrentTaskToDelayedList) for prvAddCurrentTaskToDelayedList
    tasks.o(i.ulTaskNotifyTake) refers to port.o(i.vPortExitCritical) for vPortExitCritical
    tasks.o(i.ulTaskNotifyTake) refers to tasks.o(.data) for .data
    tasks.o(i.ulTaskNotifyValueClear) refers to port.o(i.vPortEnterCritical) for vPortEnterCritical
    tasks.o(i.ulTaskNotifyValueClear) refers to port.o(i.vPortExitCritical) for vPortExitCritical
    tasks.o(i.ulTaskNotifyValueClear) refers to tasks.o(.data) for .data
    tasks.o(i.uxTaskGetNumberOfTasks) refers to tasks.o(.data) for .data
    tasks.o(i.uxTaskGetStackHighWaterMark) refers to tasks.o(i.prvTaskCheckFreeStackSpace) for prvTaskCheckFreeStackSpace
    tasks.o(i.uxTaskGetStackHighWaterMark) refers to tasks.o(.data) for .data
    tasks.o(i.uxTaskGetStackHighWaterMark2) refers to tasks.o(i.prvTaskCheckFreeStackSpace) for prvTaskCheckFreeStackSpace
    tasks.o(i.uxTaskGetStackHighWaterMark2) refers to tasks.o(.data) for .data
    tasks.o(i.uxTaskGetSystemState) refers to tasks.o(i.vTaskSuspendAll) for vTaskSuspendAll
    tasks.o(i.uxTaskGetSystemState) refers to tasks.o(i.prvListTasksWithinSingleList) for prvListTasksWithinSingleList
    tasks.o(i.uxTaskGetSystemState) refers to tasks.o(i.xTaskResumeAll) for xTaskResumeAll
    tasks.o(i.uxTaskGetSystemState) refers to tasks.o(.data) for .data
    tasks.o(i.uxTaskGetSystemState) refers to tasks.o(.bss) for .bss
    tasks.o(i.uxTaskPriorityGet) refers to port.o(i.vPortEnterCritical) for vPortEnterCritical
    tasks.o(i.uxTaskPriorityGet) refers to port.o(i.vPortExitCritical) for vPortExitCritical
    tasks.o(i.uxTaskPriorityGet) refers to tasks.o(.data) for .data
    tasks.o(i.uxTaskPriorityGetFromISR) refers to port.o(i.vPortValidateInterruptPriority) for vPortValidateInterruptPriority
    tasks.o(i.uxTaskPriorityGetFromISR) refers to tasks.o(.data) for .data
    tasks.o(i.uxTaskResetEventItemValue) refers to tasks.o(.data) for .data
    tasks.o(i.vTaskDelay) refers to tasks.o(i.vTaskSuspendAll) for vTaskSuspendAll
    tasks.o(i.vTaskDelay) refers to tasks.o(i.prvAddCurrentTaskToDelayedList) for prvAddCurrentTaskToDelayedList
    tasks.o(i.vTaskDelay) refers to tasks.o(i.xTaskResumeAll) for xTaskResumeAll
    tasks.o(i.vTaskDelay) refers to tasks.o(.data) for .data
    tasks.o(i.vTaskDelayUntil) refers to tasks.o(i.vTaskSuspendAll) for vTaskSuspendAll
    tasks.o(i.vTaskDelayUntil) refers to tasks.o(i.prvAddCurrentTaskToDelayedList) for prvAddCurrentTaskToDelayedList
    tasks.o(i.vTaskDelayUntil) refers to tasks.o(i.xTaskResumeAll) for xTaskResumeAll
    tasks.o(i.vTaskDelayUntil) refers to tasks.o(.data) for .data
    tasks.o(i.vTaskDelete) refers to port.o(i.vPortEnterCritical) for vPortEnterCritical
    tasks.o(i.vTaskDelete) refers to list.o(i.uxListRemove) for uxListRemove
    tasks.o(i.vTaskDelete) refers to list.o(i.vListInsertEnd) for vListInsertEnd
    tasks.o(i.vTaskDelete) refers to tasks.o(i.prvDeleteTCB) for prvDeleteTCB
    tasks.o(i.vTaskDelete) refers to tasks.o(i.prvResetNextTaskUnblockTime) for prvResetNextTaskUnblockTime
    tasks.o(i.vTaskDelete) refers to port.o(i.vPortExitCritical) for vPortExitCritical
    tasks.o(i.vTaskDelete) refers to tasks.o(.data) for .data
    tasks.o(i.vTaskDelete) refers to tasks.o(.bss) for .bss
    tasks.o(i.vTaskEndScheduler) refers to port.o(i.vPortEndScheduler) for vPortEndScheduler
    tasks.o(i.vTaskEndScheduler) refers to tasks.o(.data) for .data
    tasks.o(i.vTaskGetInfo) refers to tasks.o(i.vTaskSuspendAll) for vTaskSuspendAll
    tasks.o(i.vTaskGetInfo) refers to tasks.o(i.xTaskResumeAll) for xTaskResumeAll
    tasks.o(i.vTaskGetInfo) refers to tasks.o(i.eTaskGetState) for eTaskGetState
    tasks.o(i.vTaskGetInfo) refers to tasks.o(i.prvTaskCheckFreeStackSpace) for prvTaskCheckFreeStackSpace
    tasks.o(i.vTaskGetInfo) refers to tasks.o(.data) for .data
    tasks.o(i.vTaskInternalSetTimeOutState) refers to tasks.o(.data) for .data
    tasks.o(i.vTaskMissedYield) refers to tasks.o(.data) for .data
    tasks.o(i.vTaskNotifyGiveFromISR) refers to port.o(i.vPortValidateInterruptPriority) for vPortValidateInterruptPriority
    tasks.o(i.vTaskNotifyGiveFromISR) refers to list.o(i.vListInsertEnd) for vListInsertEnd
    tasks.o(i.vTaskNotifyGiveFromISR) refers to list.o(i.uxListRemove) for uxListRemove
    tasks.o(i.vTaskNotifyGiveFromISR) refers to tasks.o(.data) for .data
    tasks.o(i.vTaskNotifyGiveFromISR) refers to tasks.o(.bss) for .bss
    tasks.o(i.vTaskPlaceOnEventList) refers to list.o(i.vListInsert) for vListInsert
    tasks.o(i.vTaskPlaceOnEventList) refers to tasks.o(i.prvAddCurrentTaskToDelayedList) for prvAddCurrentTaskToDelayedList
    tasks.o(i.vTaskPlaceOnEventList) refers to tasks.o(.data) for .data
    tasks.o(i.vTaskPlaceOnUnorderedEventList) refers to list.o(i.vListInsertEnd) for vListInsertEnd
    tasks.o(i.vTaskPlaceOnUnorderedEventList) refers to tasks.o(i.prvAddCurrentTaskToDelayedList) for prvAddCurrentTaskToDelayedList
    tasks.o(i.vTaskPlaceOnUnorderedEventList) refers to tasks.o(.data) for .data
    tasks.o(i.vTaskPriorityDisinheritAfterTimeout) refers to list.o(i.uxListRemove) for uxListRemove
    tasks.o(i.vTaskPriorityDisinheritAfterTimeout) refers to list.o(i.vListInsertEnd) for vListInsertEnd
    tasks.o(i.vTaskPriorityDisinheritAfterTimeout) refers to tasks.o(.data) for .data
    tasks.o(i.vTaskPriorityDisinheritAfterTimeout) refers to tasks.o(.bss) for .bss
    tasks.o(i.vTaskPrioritySet) refers to port.o(i.vPortEnterCritical) for vPortEnterCritical
    tasks.o(i.vTaskPrioritySet) refers to list.o(i.uxListRemove) for uxListRemove
    tasks.o(i.vTaskPrioritySet) refers to list.o(i.vListInsertEnd) for vListInsertEnd
    tasks.o(i.vTaskPrioritySet) refers to port.o(i.vPortExitCritical) for vPortExitCritical
    tasks.o(i.vTaskPrioritySet) refers to tasks.o(.data) for .data
    tasks.o(i.vTaskPrioritySet) refers to tasks.o(.bss) for .bss
    tasks.o(i.vTaskRemoveFromUnorderedEventList) refers to list.o(i.uxListRemove) for uxListRemove
    tasks.o(i.vTaskRemoveFromUnorderedEventList) refers to tasks.o(i.prvResetNextTaskUnblockTime) for prvResetNextTaskUnblockTime
    tasks.o(i.vTaskRemoveFromUnorderedEventList) refers to list.o(i.vListInsertEnd) for vListInsertEnd
    tasks.o(i.vTaskRemoveFromUnorderedEventList) refers to tasks.o(.data) for .data
    tasks.o(i.vTaskRemoveFromUnorderedEventList) refers to tasks.o(.bss) for .bss
    tasks.o(i.vTaskResume) refers to port.o(i.vPortEnterCritical) for vPortEnterCritical
    tasks.o(i.vTaskResume) refers to tasks.o(i.prvTaskIsTaskSuspended) for prvTaskIsTaskSuspended
    tasks.o(i.vTaskResume) refers to list.o(i.uxListRemove) for uxListRemove
    tasks.o(i.vTaskResume) refers to list.o(i.vListInsertEnd) for vListInsertEnd
    tasks.o(i.vTaskResume) refers to port.o(i.vPortExitCritical) for vPortExitCritical
    tasks.o(i.vTaskResume) refers to tasks.o(.data) for .data
    tasks.o(i.vTaskResume) refers to tasks.o(.bss) for .bss
    tasks.o(i.vTaskSetTimeOutState) refers to port.o(i.vPortEnterCritical) for vPortEnterCritical
    tasks.o(i.vTaskSetTimeOutState) refers to port.o(i.vPortExitCritical) for vPortExitCritical
    tasks.o(i.vTaskSetTimeOutState) refers to tasks.o(.data) for .data
    tasks.o(i.vTaskStartScheduler) refers to tasks.o(i.xTaskCreate) for xTaskCreate
    tasks.o(i.vTaskStartScheduler) refers to port.o(i.xPortStartScheduler) for xPortStartScheduler
    tasks.o(i.vTaskStartScheduler) refers to tasks.o(.data) for .data
    tasks.o(i.vTaskStartScheduler) refers to tasks.o(i.prvIdleTask) for prvIdleTask
    tasks.o(i.vTaskStepTick) refers to tasks.o(.data) for .data
    tasks.o(i.vTaskSuspend) refers to port.o(i.vPortEnterCritical) for vPortEnterCritical
    tasks.o(i.vTaskSuspend) refers to list.o(i.uxListRemove) for uxListRemove
    tasks.o(i.vTaskSuspend) refers to list.o(i.vListInsertEnd) for vListInsertEnd
    tasks.o(i.vTaskSuspend) refers to port.o(i.vPortExitCritical) for vPortExitCritical
    tasks.o(i.vTaskSuspend) refers to tasks.o(i.prvResetNextTaskUnblockTime) for prvResetNextTaskUnblockTime
    tasks.o(i.vTaskSuspend) refers to tasks.o(i.vTaskSwitchContext) for vTaskSwitchContext
    tasks.o(i.vTaskSuspend) refers to tasks.o(.data) for .data
    tasks.o(i.vTaskSuspend) refers to tasks.o(.bss) for .bss
    tasks.o(i.vTaskSuspendAll) refers to tasks.o(.data) for .data
    tasks.o(i.vTaskSwitchContext) refers to tasks.o(.data) for .data
    tasks.o(i.vTaskSwitchContext) refers to tasks.o(.bss) for .bss
    tasks.o(i.xTaskAbortDelay) refers to tasks.o(i.vTaskSuspendAll) for vTaskSuspendAll
    tasks.o(i.xTaskAbortDelay) refers to tasks.o(i.eTaskGetState) for eTaskGetState
    tasks.o(i.xTaskAbortDelay) refers to tasks.o(i.xTaskResumeAll) for xTaskResumeAll
    tasks.o(i.xTaskAbortDelay) refers to list.o(i.uxListRemove) for uxListRemove
    tasks.o(i.xTaskAbortDelay) refers to port.o(i.vPortEnterCritical) for vPortEnterCritical
    tasks.o(i.xTaskAbortDelay) refers to port.o(i.vPortExitCritical) for vPortExitCritical
    tasks.o(i.xTaskAbortDelay) refers to list.o(i.vListInsertEnd) for vListInsertEnd
    tasks.o(i.xTaskAbortDelay) refers to tasks.o(.data) for .data
    tasks.o(i.xTaskAbortDelay) refers to tasks.o(.bss) for .bss
    tasks.o(i.xTaskCatchUpTicks) refers to tasks.o(i.vTaskSuspendAll) for vTaskSuspendAll
    tasks.o(i.xTaskCatchUpTicks) refers to tasks.o(i.xTaskResumeAll) for xTaskResumeAll
    tasks.o(i.xTaskCatchUpTicks) refers to tasks.o(.data) for .data
    tasks.o(i.xTaskCheckForTimeOut) refers to port.o(i.vPortEnterCritical) for vPortEnterCritical
    tasks.o(i.xTaskCheckForTimeOut) refers to port.o(i.vPortExitCritical) for vPortExitCritical
    tasks.o(i.xTaskCheckForTimeOut) refers to tasks.o(i.vTaskInternalSetTimeOutState) for vTaskInternalSetTimeOutState
    tasks.o(i.xTaskCheckForTimeOut) refers to tasks.o(.data) for .data
    tasks.o(i.xTaskCreate) refers to heap_4.o(i.pvPortMalloc) for pvPortMalloc
    tasks.o(i.xTaskCreate) refers to tasks.o(i.prvInitialiseNewTask) for prvInitialiseNewTask
    tasks.o(i.xTaskCreate) refers to tasks.o(i.prvAddNewTaskToReadyList) for prvAddNewTaskToReadyList
    tasks.o(i.xTaskCreate) refers to heap_4.o(i.vPortFree) for vPortFree
    tasks.o(i.xTaskGenericNotify) refers to port.o(i.vPortEnterCritical) for vPortEnterCritical
    tasks.o(i.xTaskGenericNotify) refers to list.o(i.uxListRemove) for uxListRemove
    tasks.o(i.xTaskGenericNotify) refers to list.o(i.vListInsertEnd) for vListInsertEnd
    tasks.o(i.xTaskGenericNotify) refers to tasks.o(i.prvResetNextTaskUnblockTime) for prvResetNextTaskUnblockTime
    tasks.o(i.xTaskGenericNotify) refers to port.o(i.vPortExitCritical) for vPortExitCritical
    tasks.o(i.xTaskGenericNotify) refers to tasks.o(.data) for .data
    tasks.o(i.xTaskGenericNotify) refers to tasks.o(.bss) for .bss
    tasks.o(i.xTaskGenericNotifyFromISR) refers to port.o(i.vPortValidateInterruptPriority) for vPortValidateInterruptPriority
    tasks.o(i.xTaskGenericNotifyFromISR) refers to list.o(i.vListInsertEnd) for vListInsertEnd
    tasks.o(i.xTaskGenericNotifyFromISR) refers to list.o(i.uxListRemove) for uxListRemove
    tasks.o(i.xTaskGenericNotifyFromISR) refers to tasks.o(.data) for .data
    tasks.o(i.xTaskGenericNotifyFromISR) refers to tasks.o(.bss) for .bss
    tasks.o(i.xTaskGetCurrentTaskHandle) refers to tasks.o(.data) for .data
    tasks.o(i.xTaskGetHandle) refers to strlen.o(.text) for strlen
    tasks.o(i.xTaskGetHandle) refers to tasks.o(i.vTaskSuspendAll) for vTaskSuspendAll
    tasks.o(i.xTaskGetHandle) refers to tasks.o(i.prvSearchForNameWithinSingleList) for prvSearchForNameWithinSingleList
    tasks.o(i.xTaskGetHandle) refers to tasks.o(i.xTaskResumeAll) for xTaskResumeAll
    tasks.o(i.xTaskGetHandle) refers to tasks.o(.bss) for .bss
    tasks.o(i.xTaskGetHandle) refers to tasks.o(.data) for .data
    tasks.o(i.xTaskGetIdleTaskHandle) refers to tasks.o(.data) for .data
    tasks.o(i.xTaskGetSchedulerState) refers to tasks.o(.data) for .data
    tasks.o(i.xTaskGetTickCount) refers to tasks.o(.data) for .data
    tasks.o(i.xTaskGetTickCountFromISR) refers to port.o(i.vPortValidateInterruptPriority) for vPortValidateInterruptPriority
    tasks.o(i.xTaskGetTickCountFromISR) refers to tasks.o(.data) for .data
    tasks.o(i.xTaskIncrementTick) refers to tasks.o(i.prvResetNextTaskUnblockTime) for prvResetNextTaskUnblockTime
    tasks.o(i.xTaskIncrementTick) refers to list.o(i.uxListRemove) for uxListRemove
    tasks.o(i.xTaskIncrementTick) refers to list.o(i.vListInsertEnd) for vListInsertEnd
    tasks.o(i.xTaskIncrementTick) refers to tasks.o(.data) for .data
    tasks.o(i.xTaskIncrementTick) refers to tasks.o(.bss) for .bss
    tasks.o(i.xTaskNotifyStateClear) refers to port.o(i.vPortEnterCritical) for vPortEnterCritical
    tasks.o(i.xTaskNotifyStateClear) refers to port.o(i.vPortExitCritical) for vPortExitCritical
    tasks.o(i.xTaskNotifyStateClear) refers to tasks.o(.data) for .data
    tasks.o(i.xTaskNotifyWait) refers to port.o(i.vPortEnterCritical) for vPortEnterCritical
    tasks.o(i.xTaskNotifyWait) refers to tasks.o(i.prvAddCurrentTaskToDelayedList) for prvAddCurrentTaskToDelayedList
    tasks.o(i.xTaskNotifyWait) refers to port.o(i.vPortExitCritical) for vPortExitCritical
    tasks.o(i.xTaskNotifyWait) refers to tasks.o(.data) for .data
    tasks.o(i.xTaskPriorityDisinherit) refers to list.o(i.uxListRemove) for uxListRemove
    tasks.o(i.xTaskPriorityDisinherit) refers to list.o(i.vListInsertEnd) for vListInsertEnd
    tasks.o(i.xTaskPriorityDisinherit) refers to tasks.o(.data) for .data
    tasks.o(i.xTaskPriorityDisinherit) refers to tasks.o(.bss) for .bss
    tasks.o(i.xTaskPriorityInherit) refers to list.o(i.uxListRemove) for uxListRemove
    tasks.o(i.xTaskPriorityInherit) refers to list.o(i.vListInsertEnd) for vListInsertEnd
    tasks.o(i.xTaskPriorityInherit) refers to tasks.o(.data) for .data
    tasks.o(i.xTaskPriorityInherit) refers to tasks.o(.bss) for .bss
    tasks.o(i.xTaskRemoveFromEventList) refers to list.o(i.uxListRemove) for uxListRemove
    tasks.o(i.xTaskRemoveFromEventList) refers to list.o(i.vListInsertEnd) for vListInsertEnd
    tasks.o(i.xTaskRemoveFromEventList) refers to tasks.o(i.prvResetNextTaskUnblockTime) for prvResetNextTaskUnblockTime
    tasks.o(i.xTaskRemoveFromEventList) refers to tasks.o(.data) for .data
    tasks.o(i.xTaskRemoveFromEventList) refers to tasks.o(.bss) for .bss
    tasks.o(i.xTaskResumeAll) refers to port.o(i.vPortEnterCritical) for vPortEnterCritical
    tasks.o(i.xTaskResumeAll) refers to list.o(i.uxListRemove) for uxListRemove
    tasks.o(i.xTaskResumeAll) refers to list.o(i.vListInsertEnd) for vListInsertEnd
    tasks.o(i.xTaskResumeAll) refers to tasks.o(i.prvResetNextTaskUnblockTime) for prvResetNextTaskUnblockTime
    tasks.o(i.xTaskResumeAll) refers to tasks.o(i.xTaskIncrementTick) for xTaskIncrementTick
    tasks.o(i.xTaskResumeAll) refers to port.o(i.vPortExitCritical) for vPortExitCritical
    tasks.o(i.xTaskResumeAll) refers to tasks.o(.data) for .data
    tasks.o(i.xTaskResumeAll) refers to tasks.o(.bss) for .bss
    tasks.o(i.xTaskResumeFromISR) refers to port.o(i.vPortValidateInterruptPriority) for vPortValidateInterruptPriority
    tasks.o(i.xTaskResumeFromISR) refers to tasks.o(i.prvTaskIsTaskSuspended) for prvTaskIsTaskSuspended
    tasks.o(i.xTaskResumeFromISR) refers to list.o(i.uxListRemove) for uxListRemove
    tasks.o(i.xTaskResumeFromISR) refers to list.o(i.vListInsertEnd) for vListInsertEnd
    tasks.o(i.xTaskResumeFromISR) refers to tasks.o(.data) for .data
    tasks.o(i.xTaskResumeFromISR) refers to tasks.o(.bss) for .bss
    gpio.o(i.GPIOIntRegister) refers to gpio.o(i._GPIOIntNumberGet) for _GPIOIntNumberGet
    gpio.o(i.GPIOIntRegister) refers to interrupt.o(i.IntRegister) for IntRegister
    gpio.o(i.GPIOIntRegister) refers to interrupt.o(i.IntEnable) for IntEnable
    gpio.o(i.GPIOIntRegisterPin) refers to gpio.o(i._GPIOIntNumberGet) for _GPIOIntNumberGet
    gpio.o(i.GPIOIntRegisterPin) refers to interrupt.o(i.IntRegister) for IntRegister
    gpio.o(i.GPIOIntRegisterPin) refers to interrupt.o(i.IntEnable) for IntEnable
    gpio.o(i.GPIOIntUnregister) refers to gpio.o(i._GPIOIntNumberGet) for _GPIOIntNumberGet
    gpio.o(i.GPIOIntUnregister) refers to interrupt.o(i.IntDisable) for IntDisable
    gpio.o(i.GPIOIntUnregister) refers to interrupt.o(i.IntUnregister) for IntUnregister
    gpio.o(i.GPIOIntUnregisterPin) refers to gpio.o(i._GPIOIntNumberGet) for _GPIOIntNumberGet
    gpio.o(i.GPIOIntUnregisterPin) refers to interrupt.o(i.IntDisable) for IntDisable
    gpio.o(i.GPIOIntUnregisterPin) refers to interrupt.o(i.IntUnregister) for IntUnregister
    gpio.o(i.GPIOPinConfigure) refers to gpio.o(.constdata) for .constdata
    gpio.o(i.GPIOPinTypeADC) refers to gpio.o(i.GPIODirModeSet) for GPIODirModeSet
    gpio.o(i.GPIOPinTypeADC) refers to gpio.o(i.GPIOPadConfigSet) for GPIOPadConfigSet
    gpio.o(i.GPIOPinTypeCAN) refers to gpio.o(i.GPIODirModeSet) for GPIODirModeSet
    gpio.o(i.GPIOPinTypeCAN) refers to gpio.o(i.GPIOPadConfigSet) for GPIOPadConfigSet
    gpio.o(i.GPIOPinTypeComparator) refers to gpio.o(i.GPIODirModeSet) for GPIODirModeSet
    gpio.o(i.GPIOPinTypeComparator) refers to gpio.o(i.GPIOPadConfigSet) for GPIOPadConfigSet
    gpio.o(i.GPIOPinTypeComparatorOutput) refers to gpio.o(i.GPIODirModeSet) for GPIODirModeSet
    gpio.o(i.GPIOPinTypeComparatorOutput) refers to gpio.o(i.GPIOPadConfigSet) for GPIOPadConfigSet
    gpio.o(i.GPIOPinTypeDIVSCLK) refers to gpio.o(i.GPIODirModeSet) for GPIODirModeSet
    gpio.o(i.GPIOPinTypeDIVSCLK) refers to gpio.o(i.GPIOPadConfigSet) for GPIOPadConfigSet
    gpio.o(i.GPIOPinTypeEPI) refers to gpio.o(i.GPIODirModeSet) for GPIODirModeSet
    gpio.o(i.GPIOPinTypeEPI) refers to gpio.o(i.GPIOPadConfigSet) for GPIOPadConfigSet
    gpio.o(i.GPIOPinTypeEthernetLED) refers to gpio.o(i.GPIODirModeSet) for GPIODirModeSet
    gpio.o(i.GPIOPinTypeEthernetLED) refers to gpio.o(i.GPIOPadConfigSet) for GPIOPadConfigSet
    gpio.o(i.GPIOPinTypeEthernetMII) refers to gpio.o(i.GPIODirModeSet) for GPIODirModeSet
    gpio.o(i.GPIOPinTypeEthernetMII) refers to gpio.o(i.GPIOPadConfigSet) for GPIOPadConfigSet
    gpio.o(i.GPIOPinTypeGPIOInput) refers to gpio.o(i.GPIODirModeSet) for GPIODirModeSet
    gpio.o(i.GPIOPinTypeGPIOInput) refers to gpio.o(i.GPIOPadConfigSet) for GPIOPadConfigSet
    gpio.o(i.GPIOPinTypeGPIOOutput) refers to gpio.o(i.GPIOPadConfigSet) for GPIOPadConfigSet
    gpio.o(i.GPIOPinTypeGPIOOutput) refers to gpio.o(i.GPIODirModeSet) for GPIODirModeSet
    gpio.o(i.GPIOPinTypeGPIOOutputOD) refers to gpio.o(i.GPIOPadConfigSet) for GPIOPadConfigSet
    gpio.o(i.GPIOPinTypeGPIOOutputOD) refers to gpio.o(i.GPIODirModeSet) for GPIODirModeSet
    gpio.o(i.GPIOPinTypeHibernateRTCCLK) refers to gpio.o(i.GPIODirModeSet) for GPIODirModeSet
    gpio.o(i.GPIOPinTypeHibernateRTCCLK) refers to gpio.o(i.GPIOPadConfigSet) for GPIOPadConfigSet
    gpio.o(i.GPIOPinTypeI2C) refers to gpio.o(i.GPIODirModeSet) for GPIODirModeSet
    gpio.o(i.GPIOPinTypeI2C) refers to gpio.o(i.GPIOPadConfigSet) for GPIOPadConfigSet
    gpio.o(i.GPIOPinTypeI2CSCL) refers to gpio.o(i.GPIODirModeSet) for GPIODirModeSet
    gpio.o(i.GPIOPinTypeI2CSCL) refers to gpio.o(i.GPIOPadConfigSet) for GPIOPadConfigSet
    gpio.o(i.GPIOPinTypeLCD) refers to gpio.o(i.GPIODirModeSet) for GPIODirModeSet
    gpio.o(i.GPIOPinTypeLCD) refers to gpio.o(i.GPIOPadConfigSet) for GPIOPadConfigSet
    gpio.o(i.GPIOPinTypeOneWire) refers to gpio.o(i.GPIODirModeSet) for GPIODirModeSet
    gpio.o(i.GPIOPinTypeOneWire) refers to gpio.o(i.GPIOPadConfigSet) for GPIOPadConfigSet
    gpio.o(i.GPIOPinTypePWM) refers to gpio.o(i.GPIODirModeSet) for GPIODirModeSet
    gpio.o(i.GPIOPinTypePWM) refers to gpio.o(i.GPIOPadConfigSet) for GPIOPadConfigSet
    gpio.o(i.GPIOPinTypeQEI) refers to gpio.o(i.GPIODirModeSet) for GPIODirModeSet
    gpio.o(i.GPIOPinTypeQEI) refers to gpio.o(i.GPIOPadConfigSet) for GPIOPadConfigSet
    gpio.o(i.GPIOPinTypeSSI) refers to gpio.o(i.GPIODirModeSet) for GPIODirModeSet
    gpio.o(i.GPIOPinTypeSSI) refers to gpio.o(i.GPIOPadConfigSet) for GPIOPadConfigSet
    gpio.o(i.GPIOPinTypeTimer) refers to gpio.o(i.GPIODirModeSet) for GPIODirModeSet
    gpio.o(i.GPIOPinTypeTimer) refers to gpio.o(i.GPIOPadConfigSet) for GPIOPadConfigSet
    gpio.o(i.GPIOPinTypeTrace) refers to gpio.o(i.GPIODirModeSet) for GPIODirModeSet
    gpio.o(i.GPIOPinTypeTrace) refers to gpio.o(i.GPIOPadConfigSet) for GPIOPadConfigSet
    gpio.o(i.GPIOPinTypeUART) refers to gpio.o(i.GPIODirModeSet) for GPIODirModeSet
    gpio.o(i.GPIOPinTypeUART) refers to gpio.o(i.GPIOPadConfigSet) for GPIOPadConfigSet
    gpio.o(i.GPIOPinTypeUSBAnalog) refers to gpio.o(i.GPIODirModeSet) for GPIODirModeSet
    gpio.o(i.GPIOPinTypeUSBAnalog) refers to gpio.o(i.GPIOPadConfigSet) for GPIOPadConfigSet
    gpio.o(i.GPIOPinTypeUSBDigital) refers to gpio.o(i.GPIODirModeSet) for GPIODirModeSet
    gpio.o(i.GPIOPinTypeUSBDigital) refers to gpio.o(i.GPIOPadConfigSet) for GPIOPadConfigSet
    gpio.o(i.GPIOPinTypeWakeHigh) refers to gpio.o(i.GPIODirModeSet) for GPIODirModeSet
    gpio.o(i.GPIOPinTypeWakeHigh) refers to gpio.o(i.GPIOPadConfigSet) for GPIOPadConfigSet
    gpio.o(i.GPIOPinTypeWakeLow) refers to gpio.o(i.GPIODirModeSet) for GPIODirModeSet
    gpio.o(i.GPIOPinTypeWakeLow) refers to gpio.o(i.GPIOPadConfigSet) for GPIOPadConfigSet
    gpio.o(i._GPIOIntNumberGet) refers to gpio.o(.constdata) for .constdata
    sysctl.o(i.SysCtlClockFreqSet) refers to sysctl.o(.constdata) for .constdata
    sysctl.o(i.SysCtlClockGet) refers to sysctl.o(.constdata) for .constdata
    sysctl.o(i.SysCtlClockSet) refers to sysctl.o(.emb_text) for SysCtlDelay
    sysctl.o(i.SysCtlDeepSleep) refers to cpu.o(.emb_text) for CPUwfi
    sysctl.o(i.SysCtlIntRegister) refers to interrupt.o(i.IntRegister) for IntRegister
    sysctl.o(i.SysCtlIntRegister) refers to interrupt.o(i.IntEnable) for IntEnable
    sysctl.o(i.SysCtlIntUnregister) refers to interrupt.o(i.IntDisable) for IntDisable
    sysctl.o(i.SysCtlIntUnregister) refers to interrupt.o(i.IntUnregister) for IntUnregister
    sysctl.o(i.SysCtlSleep) refers to cpu.o(.emb_text) for CPUwfi
    sysctl.o(i.SysCtlVCOGet) refers to sysctl.o(.constdata) for .constdata
    interrupt.o(i.IntDisable) refers to interrupt.o(.constdata) for .constdata
    interrupt.o(i.IntEnable) refers to interrupt.o(.constdata) for .constdata
    interrupt.o(i.IntIsEnabled) refers to interrupt.o(.constdata) for .constdata
    interrupt.o(i.IntMasterDisable) refers to cpu.o(.emb_text) for CPUcpsid
    interrupt.o(i.IntMasterEnable) refers to cpu.o(.emb_text) for CPUcpsie
    interrupt.o(i.IntPendClear) refers to interrupt.o(.constdata) for .constdata
    interrupt.o(i.IntPendSet) refers to interrupt.o(.constdata) for .constdata
    interrupt.o(i.IntPriorityGet) refers to interrupt.o(.constdata) for .constdata
    interrupt.o(i.IntPriorityGroupingGet) refers to interrupt.o(.constdata) for .constdata
    interrupt.o(i.IntPriorityGroupingSet) refers to interrupt.o(.constdata) for .constdata
    interrupt.o(i.IntPriorityMaskGet) refers to cpu.o(.emb_text) for CPUbasepriGet
    interrupt.o(i.IntPriorityMaskSet) refers to cpu.o(.emb_text) for CPUbasepriSet
    interrupt.o(i.IntPrioritySet) refers to interrupt.o(.constdata) for .constdata
    interrupt.o(i.IntRegister) refers to interrupt.o(vtable) for vtable
    interrupt.o(i.IntUnregister) refers to interrupt.o(i._IntDefaultHandler) for _IntDefaultHandler
    interrupt.o(i.IntUnregister) refers to interrupt.o(vtable) for vtable
    entry.o(.ARM.Collect$$$$00000000) refers (Special) to entry10a.o(.ARM.Collect$$$$0000000D) for __rt_final_cpp
    entry.o(.ARM.Collect$$$$00000000) refers (Special) to entry11a.o(.ARM.Collect$$$$0000000F) for __rt_final_exit
    entry.o(.ARM.Collect$$$$00000000) refers (Special) to entry7b.o(.ARM.Collect$$$$00000008) for _main_clock
    entry.o(.ARM.Collect$$$$00000000) refers (Special) to entry8b.o(.ARM.Collect$$$$0000000A) for _main_cpp_init
    entry.o(.ARM.Collect$$$$00000000) refers (Special) to entry9a.o(.ARM.Collect$$$$0000000B) for _main_init
    entry.o(.ARM.Collect$$$$00000000) refers (Special) to entry5.o(.ARM.Collect$$$$00000004) for _main_scatterload
    entry.o(.ARM.Collect$$$$00000000) refers (Special) to entry2.o(.ARM.Collect$$$$00000001) for _main_stk
    entry2.o(.ARM.Collect$$$$00000001) refers to entry2.o(.ARM.Collect$$$$00002712) for __lit__00000000
    entry2.o(.ARM.Collect$$$$00002712) refers to startup_tm4c123.o(STACK) for __initial_sp
    entry2.o(__vectab_stack_and_reset_area) refers to startup_tm4c123.o(STACK) for __initial_sp
    entry2.o(__vectab_stack_and_reset_area) refers to entry.o(.ARM.Collect$$$$00000000) for __main
    entry5.o(.ARM.Collect$$$$00000004) refers to init.o(.text) for __scatterload
    entry9a.o(.ARM.Collect$$$$0000000B) refers to blinky.o(i.main) for main
    entry9b.o(.ARM.Collect$$$$0000000C) refers to blinky.o(i.main) for main
    init.o(.text) refers to entry5.o(.ARM.Collect$$$$00000004) for __main_after_scatterload


==============================================================================

Removing Unused input sections from the image.

    Removing blinky.o(.constdata), (4 bytes).
    Removing blinky.o(.data), (4 bytes).
    Removing startup_tm4c123.o(HEAP), (0 bytes).
    Removing system_tm4c123.o(.rev16_text), (4 bytes).
    Removing system_tm4c123.o(.revsh_text), (4 bytes).
    Removing system_tm4c123.o(.rrx_text), (6 bytes).
    Removing system_tm4c123.o(i.SystemCoreClockUpdate), (124 bytes).
    Removing system_tm4c123.o(i.getOscClk), (220 bytes).
    Removing list.o(i.vListInsert), (48 bytes).
    Removing heap_4.o(i.vPortGetHeapStats), (108 bytes).
    Removing heap_4.o(i.vPortInitialiseBlocks), (2 bytes).
    Removing heap_4.o(i.xPortGetFreeHeapSize), (12 bytes).
    Removing heap_4.o(i.xPortGetMinimumEverFreeHeapSize), (12 bytes).
    Removing port.o(i.vPortEndScheduler), (32 bytes).
    Removing port.o(i.vPortValidateInterruptPriority), (84 bytes).
    Removing queue.o(i.prvCopyDataFromQueue), (38 bytes).
    Removing queue.o(i.prvCopyDataToQueue), (108 bytes).
    Removing queue.o(i.prvIsQueueEmpty), (26 bytes).
    Removing queue.o(i.prvNotifyQueueSetContainer), (108 bytes).
    Removing queue.o(i.prvUnlockQueue), (118 bytes).
    Removing queue.o(i.ucQueueGetQueueType), (6 bytes).
    Removing queue.o(i.uxQueueGetQueueNumber), (4 bytes).
    Removing queue.o(i.uxQueueMessagesWaiting), (36 bytes).
    Removing queue.o(i.uxQueueMessagesWaitingFromISR), (22 bytes).
    Removing queue.o(i.uxQueueSpacesAvailable), (40 bytes).
    Removing queue.o(i.vQueueDelete), (22 bytes).
    Removing queue.o(i.vQueueSetQueueNumber), (4 bytes).
    Removing queue.o(i.xQueueAddToSet), (34 bytes).
    Removing queue.o(i.xQueueCreateCountingSemaphore), (58 bytes).
    Removing queue.o(i.xQueueCreateMutex), (36 bytes).
    Removing queue.o(i.xQueueCreateSet), (8 bytes).
    Removing queue.o(i.xQueueGenericCreate), (80 bytes).
    Removing queue.o(i.xQueueGenericReset), (136 bytes).
    Removing queue.o(i.xQueueGenericSend), (376 bytes).
    Removing queue.o(i.xQueueGenericSendFromISR), (212 bytes).
    Removing queue.o(i.xQueueGetMutexHolder), (26 bytes).
    Removing queue.o(i.xQueueGetMutexHolderFromISR), (30 bytes).
    Removing queue.o(i.xQueueGiveFromISR), (172 bytes).
    Removing queue.o(i.xQueueGiveMutexRecursive), (62 bytes).
    Removing queue.o(i.xQueueIsQueueEmptyFromISR), (30 bytes).
    Removing queue.o(i.xQueueIsQueueFullFromISR), (34 bytes).
    Removing queue.o(i.xQueuePeek), (312 bytes).
    Removing queue.o(i.xQueuePeekFromISR), (116 bytes).
    Removing queue.o(i.xQueueReceive), (312 bytes).
    Removing queue.o(i.xQueueReceiveFromISR), (154 bytes).
    Removing queue.o(i.xQueueRemoveFromSet), (34 bytes).
    Removing queue.o(i.xQueueSelectFromSet), (18 bytes).
    Removing queue.o(i.xQueueSelectFromSetFromISR), (18 bytes).
    Removing queue.o(i.xQueueSemaphoreTake), (376 bytes).
    Removing queue.o(i.xQueueTakeMutexRecursive), (64 bytes).
    Removing tasks.o(i.eTaskGetState), (116 bytes).
    Removing tasks.o(i.pcTaskGetName), (32 bytes).
    Removing tasks.o(i.prvAddCurrentTaskToDelayedList), (120 bytes).
    Removing tasks.o(i.prvListTasksWithinSingleList), (86 bytes).
    Removing tasks.o(i.prvSearchForNameWithinSingleList), (98 bytes).
    Removing tasks.o(i.prvTaskCheckFreeStackSpace), (20 bytes).
    Removing tasks.o(i.prvTaskIsTaskSuspended), (52 bytes).
    Removing tasks.o(i.pvTaskIncrementMutexHeldCount), (24 bytes).
    Removing tasks.o(i.ulTaskNotifyTake), (104 bytes).
    Removing tasks.o(i.ulTaskNotifyValueClear), (40 bytes).
    Removing tasks.o(i.uxTaskGetNumberOfTasks), (12 bytes).
    Removing tasks.o(i.uxTaskGetStackHighWaterMark), (16 bytes).
    Removing tasks.o(i.uxTaskGetStackHighWaterMark2), (16 bytes).
    Removing tasks.o(i.uxTaskGetSystemState), (168 bytes).
    Removing tasks.o(i.uxTaskGetTaskNumber), (8 bytes).
    Removing tasks.o(i.uxTaskPriorityGet), (28 bytes).
    Removing tasks.o(i.uxTaskPriorityGetFromISR), (44 bytes).
    Removing tasks.o(i.uxTaskResetEventItemValue), (24 bytes).
    Removing tasks.o(i.vTaskDelay), (76 bytes).
    Removing tasks.o(i.vTaskDelayUntil), (144 bytes).
    Removing tasks.o(i.vTaskDelete), (172 bytes).
    Removing tasks.o(i.vTaskEndScheduler), (28 bytes).
    Removing tasks.o(i.vTaskGetInfo), (116 bytes).
    Removing tasks.o(i.vTaskInternalSetTimeOutState), (16 bytes).
    Removing tasks.o(i.vTaskMissedYield), (12 bytes).
    Removing tasks.o(i.vTaskNotifyGiveFromISR), (180 bytes).
    Removing tasks.o(i.vTaskPlaceOnEventList), (48 bytes).
    Removing tasks.o(i.vTaskPlaceOnUnorderedEventList), (76 bytes).
    Removing tasks.o(i.vTaskPriorityDisinheritAfterTimeout), (164 bytes).
    Removing tasks.o(i.vTaskPrioritySet), (196 bytes).
    Removing tasks.o(i.vTaskRemoveFromUnorderedEventList), (116 bytes).
    Removing tasks.o(i.vTaskResume), (124 bytes).
    Removing tasks.o(i.vTaskSetTaskNumber), (8 bytes).
    Removing tasks.o(i.vTaskSetTimeOutState), (48 bytes).
    Removing tasks.o(i.vTaskSuspend), (188 bytes).
    Removing tasks.o(i.xTaskAbortDelay), (136 bytes).
    Removing tasks.o(i.xTaskCatchUpTicks), (48 bytes).
    Removing tasks.o(i.xTaskCheckForTimeOut), (136 bytes).
    Removing tasks.o(i.xTaskGenericNotify), (228 bytes).
    Removing tasks.o(i.xTaskGenericNotifyFromISR), (260 bytes).
    Removing tasks.o(i.xTaskGetCurrentTaskHandle), (12 bytes).
    Removing tasks.o(i.xTaskGetHandle), (132 bytes).
    Removing tasks.o(i.xTaskGetIdleTaskHandle), (32 bytes).
    Removing tasks.o(i.xTaskGetSchedulerState), (28 bytes).
    Removing tasks.o(i.xTaskGetTickCount), (12 bytes).
    Removing tasks.o(i.xTaskGetTickCountFromISR), (16 bytes).
    Removing tasks.o(i.xTaskNotifyStateClear), (48 bytes).
    Removing tasks.o(i.xTaskNotifyWait), (140 bytes).
    Removing tasks.o(i.xTaskPriorityDisinherit), (152 bytes).
    Removing tasks.o(i.xTaskPriorityInherit), (140 bytes).
    Removing tasks.o(i.xTaskRemoveFromEventList), (124 bytes).
    Removing tasks.o(i.xTaskResumeFromISR), (136 bytes).
    Removing gpio.o(i.GPIOADCTriggerDisable), (14 bytes).
    Removing gpio.o(i.GPIOADCTriggerEnable), (12 bytes).
    Removing gpio.o(i.GPIODMATriggerDisable), (14 bytes).
    Removing gpio.o(i.GPIODMATriggerEnable), (12 bytes).
    Removing gpio.o(i.GPIODirModeGet), (34 bytes).
    Removing gpio.o(i.GPIOIntClear), (6 bytes).
    Removing gpio.o(i.GPIOIntDisable), (14 bytes).
    Removing gpio.o(i.GPIOIntEnable), (12 bytes).
    Removing gpio.o(i.GPIOIntRegister), (26 bytes).
    Removing gpio.o(i.GPIOIntRegisterPin), (30 bytes).
    Removing gpio.o(i.GPIOIntStatus), (14 bytes).
    Removing gpio.o(i.GPIOIntTypeGet), (68 bytes).
    Removing gpio.o(i.GPIOIntTypeSet), (80 bytes).
    Removing gpio.o(i.GPIOIntUnregister), (22 bytes).
    Removing gpio.o(i.GPIOIntUnregisterPin), (26 bytes).
    Removing gpio.o(i.GPIOPadConfigGet), (204 bytes).
    Removing gpio.o(i.GPIOPinConfigure), (68 bytes).
    Removing gpio.o(i.GPIOPinRead), (6 bytes).
    Removing gpio.o(i.GPIOPinTypeADC), (28 bytes).
    Removing gpio.o(i.GPIOPinTypeCAN), (28 bytes).
    Removing gpio.o(i.GPIOPinTypeComparator), (28 bytes).
    Removing gpio.o(i.GPIOPinTypeComparatorOutput), (28 bytes).
    Removing gpio.o(i.GPIOPinTypeDIVSCLK), (28 bytes).
    Removing gpio.o(i.GPIOPinTypeEPI), (28 bytes).
    Removing gpio.o(i.GPIOPinTypeEthernetLED), (28 bytes).
    Removing gpio.o(i.GPIOPinTypeEthernetMII), (28 bytes).
    Removing gpio.o(i.GPIOPinTypeGPIOInput), (28 bytes).
    Removing gpio.o(i.GPIOPinTypeGPIOOutputOD), (28 bytes).
    Removing gpio.o(i.GPIOPinTypeHibernateRTCCLK), (28 bytes).
    Removing gpio.o(i.GPIOPinTypeI2C), (28 bytes).
    Removing gpio.o(i.GPIOPinTypeI2CSCL), (28 bytes).
    Removing gpio.o(i.GPIOPinTypeLCD), (28 bytes).
    Removing gpio.o(i.GPIOPinTypeOneWire), (28 bytes).
    Removing gpio.o(i.GPIOPinTypePWM), (28 bytes).
    Removing gpio.o(i.GPIOPinTypeQEI), (28 bytes).
    Removing gpio.o(i.GPIOPinTypeSSI), (28 bytes).
    Removing gpio.o(i.GPIOPinTypeTimer), (28 bytes).
    Removing gpio.o(i.GPIOPinTypeTrace), (28 bytes).
    Removing gpio.o(i.GPIOPinTypeUART), (28 bytes).
    Removing gpio.o(i.GPIOPinTypeUSBAnalog), (28 bytes).
    Removing gpio.o(i.GPIOPinTypeUSBDigital), (28 bytes).
    Removing gpio.o(i.GPIOPinTypeWakeHigh), (30 bytes).
    Removing gpio.o(i.GPIOPinTypeWakeLow), (30 bytes).
    Removing gpio.o(i.GPIOPinWakeStatus), (6 bytes).
    Removing gpio.o(i._GPIOIntNumberGet), (80 bytes).
    Removing gpio.o(.constdata), (552 bytes).
    Removing sysctl.o(.emb_text), (6 bytes).
    Removing sysctl.o(i.SysCtlAltClkConfig), (12 bytes).
    Removing sysctl.o(i.SysCtlClockFreqSet), (748 bytes).
    Removing sysctl.o(i.SysCtlClockGet), (340 bytes).
    Removing sysctl.o(i.SysCtlClockOutConfig), (20 bytes).
    Removing sysctl.o(i.SysCtlClockSet), (288 bytes).
    Removing sysctl.o(i.SysCtlDeepSleep), (32 bytes).
    Removing sysctl.o(i.SysCtlDeepSleepClockConfigSet), (112 bytes).
    Removing sysctl.o(i.SysCtlDeepSleepClockSet), (12 bytes).
    Removing sysctl.o(i.SysCtlDeepSleepPowerSet), (12 bytes).
    Removing sysctl.o(i.SysCtlFlashSectorSizeGet), (56 bytes).
    Removing sysctl.o(i.SysCtlFlashSizeGet), (56 bytes).
    Removing sysctl.o(i.SysCtlGPIOAHBDisable), (28 bytes).
    Removing sysctl.o(i.SysCtlGPIOAHBEnable), (24 bytes).
    Removing sysctl.o(i.SysCtlIntClear), (12 bytes).
    Removing sysctl.o(i.SysCtlIntDisable), (16 bytes).
    Removing sysctl.o(i.SysCtlIntEnable), (16 bytes).
    Removing sysctl.o(i.SysCtlIntRegister), (20 bytes).
    Removing sysctl.o(i.SysCtlIntStatus), (16 bytes).
    Removing sysctl.o(i.SysCtlIntUnregister), (18 bytes).
    Removing sysctl.o(i.SysCtlLDODeepSleepGet), (12 bytes).
    Removing sysctl.o(i.SysCtlLDODeepSleepSet), (12 bytes).
    Removing sysctl.o(i.SysCtlLDOSleepGet), (12 bytes).
    Removing sysctl.o(i.SysCtlLDOSleepSet), (12 bytes).
    Removing sysctl.o(i.SysCtlMOSCConfigSet), (12 bytes).
    Removing sysctl.o(i.SysCtlNMIClear), (16 bytes).
    Removing sysctl.o(i.SysCtlNMIStatus), (12 bytes).
    Removing sysctl.o(i.SysCtlPIOSCCalibrate), (76 bytes).
    Removing sysctl.o(i.SysCtlPWMClockGet), (24 bytes).
    Removing sysctl.o(i.SysCtlPWMClockSet), (20 bytes).
    Removing sysctl.o(i.SysCtlPeripheralClockGating), (68 bytes).
    Removing sysctl.o(i.SysCtlPeripheralDeepSleepDisable), (40 bytes).
    Removing sysctl.o(i.SysCtlPeripheralDeepSleepEnable), (40 bytes).
    Removing sysctl.o(i.SysCtlPeripheralDisable), (40 bytes).
    Removing sysctl.o(i.SysCtlPeripheralPowerOff), (40 bytes).
    Removing sysctl.o(i.SysCtlPeripheralPowerOn), (40 bytes).
    Removing sysctl.o(i.SysCtlPeripheralPresent), (44 bytes).
    Removing sysctl.o(i.SysCtlPeripheralReset), (60 bytes).
    Removing sysctl.o(i.SysCtlPeripheralSleepDisable), (40 bytes).
    Removing sysctl.o(i.SysCtlPeripheralSleepEnable), (40 bytes).
    Removing sysctl.o(i.SysCtlReset), (16 bytes).
    Removing sysctl.o(i.SysCtlResetBehaviorGet), (12 bytes).
    Removing sysctl.o(i.SysCtlResetBehaviorSet), (12 bytes).
    Removing sysctl.o(i.SysCtlResetCauseClear), (16 bytes).
    Removing sysctl.o(i.SysCtlResetCauseGet), (12 bytes).
    Removing sysctl.o(i.SysCtlSRAMSizeGet), (16 bytes).
    Removing sysctl.o(i.SysCtlSleep), (4 bytes).
    Removing sysctl.o(i.SysCtlSleepPowerSet), (12 bytes).
    Removing sysctl.o(i.SysCtlUSBPLLDisable), (16 bytes).
    Removing sysctl.o(i.SysCtlUSBPLLEnable), (16 bytes).
    Removing sysctl.o(i.SysCtlVCOGet), (120 bytes).
    Removing sysctl.o(i.SysCtlVoltageEventClear), (16 bytes).
    Removing sysctl.o(i.SysCtlVoltageEventConfig), (12 bytes).
    Removing sysctl.o(i.SysCtlVoltageEventStatus), (12 bytes).
    Removing sysctl.o(.constdata), (596 bytes).
    Removing cpu.o(.emb_text), (38 bytes).
    Removing interrupt.o(i.IntDisable), (100 bytes).
    Removing interrupt.o(i.IntEnable), (100 bytes).
    Removing interrupt.o(i.IntIsEnabled), (96 bytes).
    Removing interrupt.o(i.IntMasterDisable), (14 bytes).
    Removing interrupt.o(i.IntMasterEnable), (14 bytes).
    Removing interrupt.o(i.IntPendClear), (68 bytes).
    Removing interrupt.o(i.IntPendSet), (84 bytes).
    Removing interrupt.o(i.IntPriorityGet), (28 bytes).
    Removing interrupt.o(i.IntPriorityGroupingGet), (36 bytes).
    Removing interrupt.o(i.IntPriorityGroupingSet), (28 bytes).
    Removing interrupt.o(i.IntPriorityMaskGet), (4 bytes).
    Removing interrupt.o(i.IntPriorityMaskSet), (4 bytes).
    Removing interrupt.o(i.IntPrioritySet), (40 bytes).
    Removing interrupt.o(i.IntRegister), (52 bytes).
    Removing interrupt.o(i.IntTrigger), (12 bytes).
    Removing interrupt.o(i.IntUnregister), (20 bytes).
    Removing interrupt.o(i._IntDefaultHandler), (2 bytes).
    Removing interrupt.o(.constdata), (268 bytes).
    Removing interrupt.o(vtable), (620 bytes).

223 unused section(s) (total 15418 bytes) removed from the image.

==============================================================================

Image Symbol Table

    Local Symbols

    Symbol Name                              Value     Ov Type        Size  Object(Section)

    RESET                                    0x00000000   Section      620  startup_tm4c123.o(RESET)
    ../clib/microlib/init/entry.s            0x00000000   Number         0  entry11b.o ABSOLUTE
    ../clib/microlib/init/entry.s            0x00000000   Number         0  entry2.o ABSOLUTE
    ../clib/microlib/init/entry.s            0x00000000   Number         0  entry8a.o ABSOLUTE
    ../clib/microlib/init/entry.s            0x00000000   Number         0  entry10a.o ABSOLUTE
    ../clib/microlib/init/entry.s            0x00000000   Number         0  entry7b.o ABSOLUTE
    ../clib/microlib/init/entry.s            0x00000000   Number         0  entry5.o ABSOLUTE
    ../clib/microlib/init/entry.s            0x00000000   Number         0  entry8b.o ABSOLUTE
    ../clib/microlib/init/entry.s            0x00000000   Number         0  entry9a.o ABSOLUTE
    ../clib/microlib/init/entry.s            0x00000000   Number         0  entry9b.o ABSOLUTE
    ../clib/microlib/init/entry.s            0x00000000   Number         0  entry10b.o ABSOLUTE
    ../clib/microlib/init/entry.s            0x00000000   Number         0  entry7a.o ABSOLUTE
    ../clib/microlib/init/entry.s            0x00000000   Number         0  entry.o ABSOLUTE
    ../clib/microlib/init/entry.s            0x00000000   Number         0  entry11a.o ABSOLUTE
    ../clib/microlib/string/memcpy.c         0x00000000   Number         0  memcpyb.o ABSOLUTE
    ../clib/microlib/string/memcpy.c         0x00000000   Number         0  memcpya.o ABSOLUTE
    ../clib/microlib/string/memset.c         0x00000000   Number         0  memseta.o ABSOLUTE
    ../clib/microlib/string/strlen.c         0x00000000   Number         0  strlen.o ABSOLUTE
    C:\Users\Hassan Shafiq\AppData\Local\Arm\Packs\ARM\CMSIS-FreeRTOS\10.3.1\CMSIS\RTOS2\FreeRTOS\Source\freertos_evr.c 0x00000000   Number         0  freertos_evr.o ABSOLUTE
    C:\Users\Hassan Shafiq\AppData\Local\Arm\Packs\ARM\CMSIS-FreeRTOS\10.3.1\Source\list.c 0x00000000   Number         0  list.o ABSOLUTE
    C:\Users\Hassan Shafiq\AppData\Local\Arm\Packs\ARM\CMSIS-FreeRTOS\10.3.1\Source\portable\MemMang\heap_4.c 0x00000000   Number         0  heap_4.o ABSOLUTE
    C:\Users\Hassan Shafiq\AppData\Local\Arm\Packs\ARM\CMSIS-FreeRTOS\10.3.1\Source\portable\RVDS\ARM_CM4F\port.c 0x00000000   Number         0  port.o ABSOLUTE
    C:\Users\Hassan Shafiq\AppData\Local\Arm\Packs\ARM\CMSIS-FreeRTOS\10.3.1\Source\queue.c 0x00000000   Number         0  queue.o ABSOLUTE
    C:\Users\Hassan Shafiq\AppData\Local\Arm\Packs\ARM\CMSIS-FreeRTOS\10.3.1\Source\tasks.c 0x00000000   Number         0  tasks.o ABSOLUTE
    C:\\Users\\Hassan Shafiq\\AppData\\Local\\Arm\\Packs\\ARM\\CMSIS-FreeRTOS\\10.3.1\\Source\\portable\\RVDS\\ARM_CM4F\\port.c 0x00000000   Number         0  port.o ABSOLUTE
    RTE\Device\TM4C123GH6PM\startup_TM4C123.s 0x00000000   Number         0  startup_tm4c123.o ABSOLUTE
    RTE\Device\TM4C123GH6PM\system_TM4C123.c 0x00000000   Number         0  system_tm4c123.o ABSOLUTE
    RTE\\Device\\TM4C123GH6PM\\system_TM4C123.c 0x00000000   Number         0  system_tm4c123.o ABSOLUTE
    blinky.c                                 0x00000000   Number         0  blinky.o ABSOLUTE
    cpu.c                                    0x00000000   Number         0  cpu.o ABSOLUTE
    cpu.c                                    0x00000000   Number         0  cpu.o ABSOLUTE
    dc.s                                     0x00000000   Number         0  dc.o ABSOLUTE
    gpio.c                                   0x00000000   Number         0  gpio.o ABSOLUTE
    handlers.s                               0x00000000   Number         0  handlers.o ABSOLUTE
    init.s                                   0x00000000   Number         0  init.o ABSOLUTE
    interrupt.c                              0x00000000   Number         0  interrupt.o ABSOLUTE
    sysctl.c                                 0x00000000   Number         0  sysctl.o ABSOLUTE
    sysctl.c                                 0x00000000   Number         0  sysctl.o ABSOLUTE
    .ARM.Collect$$$$00000000                 0x0000026c   Section        0  entry.o(.ARM.Collect$$$$00000000)
    .ARM.Collect$$$$00000001                 0x0000026c   Section        4  entry2.o(.ARM.Collect$$$$00000001)
    .ARM.Collect$$$$00000004                 0x00000270   Section        4  entry5.o(.ARM.Collect$$$$00000004)
    .ARM.Collect$$$$00000008                 0x00000274   Section        0  entry7b.o(.ARM.Collect$$$$00000008)
    .ARM.Collect$$$$0000000A                 0x00000274   Section        0  entry8b.o(.ARM.Collect$$$$0000000A)
    .ARM.Collect$$$$0000000B                 0x00000274   Section        8  entry9a.o(.ARM.Collect$$$$0000000B)
    .ARM.Collect$$$$0000000D                 0x0000027c   Section        0  entry10a.o(.ARM.Collect$$$$0000000D)
    .ARM.Collect$$$$0000000F                 0x0000027c   Section        0  entry11a.o(.ARM.Collect$$$$0000000F)
    .ARM.Collect$$$$00002712                 0x0000027c   Section        4  entry2.o(.ARM.Collect$$$$00002712)
    __lit__00000000                          0x0000027c   Data           4  entry2.o(.ARM.Collect$$$$00002712)
    .emb_text                                0x00000280   Section      190  port.o(.emb_text)
    $v0                                      0x00000280   Number         0  port.o(.emb_text)
    .text                                    0x00000340   Section      252  startup_tm4c123.o(.text)
    $v0                                      0x00000340   Number         0  startup_tm4c123.o(.text)
    .text                                    0x0000043c   Section        0  memseta.o(.text)
    .text                                    0x00000460   Section       36  init.o(.text)
    i.GPIODirModeSet                         0x00000484   Section        0  gpio.o(i.GPIODirModeSet)
    i.GPIOPadConfigSet                       0x000004ac   Section        0  gpio.o(i.GPIOPadConfigSet)
    i.GPIOPinTypeGPIOOutput                  0x000005e4   Section        0  gpio.o(i.GPIOPinTypeGPIOOutput)
    i.GPIOPinWrite                           0x00000600   Section        0  gpio.o(i.GPIOPinWrite)
    i.SysCtlPeripheralEnable                 0x00000608   Section        0  sysctl.o(i.SysCtlPeripheralEnable)
    i.SysCtlPeripheralReady                  0x00000630   Section        0  sysctl.o(i.SysCtlPeripheralReady)
    i.SysTick_Handler                        0x0000065c   Section        0  port.o(i.SysTick_Handler)
    i.SystemInit                             0x00000688   Section        0  system_tm4c123.o(i.SystemInit)
    i.__scatterload_copy                     0x0000070c   Section       14  handlers.o(i.__scatterload_copy)
    i.__scatterload_null                     0x0000071a   Section        2  handlers.o(i.__scatterload_null)
    i.__scatterload_zeroinit                 0x0000071c   Section       14  handlers.o(i.__scatterload_zeroinit)
    i.eTaskConfirmSleepModeStatus            0x0000072c   Section        0  tasks.o(i.eTaskConfirmSleepModeStatus)
    i.main                                   0x0000075c   Section        0  blinky.o(i.main)
    i.prvAddNewTaskToReadyList               0x00000848   Section        0  tasks.o(i.prvAddNewTaskToReadyList)
    prvAddNewTaskToReadyList                 0x00000849   Thumb Code   196  tasks.o(i.prvAddNewTaskToReadyList)
    i.prvDeleteTCB                           0x00000918   Section        0  tasks.o(i.prvDeleteTCB)
    prvDeleteTCB                             0x00000919   Thumb Code    20  tasks.o(i.prvDeleteTCB)
    i.prvGetExpectedIdleTime                 0x0000092c   Section        0  tasks.o(i.prvGetExpectedIdleTime)
    prvGetExpectedIdleTime                   0x0000092d   Thumb Code    42  tasks.o(i.prvGetExpectedIdleTime)
    i.prvHeapInit                            0x00000960   Section        0  heap_4.o(i.prvHeapInit)
    prvHeapInit                              0x00000961   Thumb Code    66  heap_4.o(i.prvHeapInit)
    i.prvIdleTask                            0x000009ac   Section        0  tasks.o(i.prvIdleTask)
    prvIdleTask                              0x000009ad   Thumb Code   132  tasks.o(i.prvIdleTask)
    i.prvInitialiseNewTask                   0x00000a3c   Section        0  tasks.o(i.prvInitialiseNewTask)
    prvInitialiseNewTask                     0x00000a3d   Thumb Code   174  tasks.o(i.prvInitialiseNewTask)
    i.prvInsertBlockIntoFreeList             0x00000aec   Section        0  heap_4.o(i.prvInsertBlockIntoFreeList)
    prvInsertBlockIntoFreeList               0x00000aed   Thumb Code    72  heap_4.o(i.prvInsertBlockIntoFreeList)
    i.prvResetNextTaskUnblockTime            0x00000b38   Section        0  tasks.o(i.prvResetNextTaskUnblockTime)
    prvResetNextTaskUnblockTime              0x00000b39   Thumb Code    26  tasks.o(i.prvResetNextTaskUnblockTime)
    i.prvTaskExitError                       0x00000b58   Section        0  port.o(i.prvTaskExitError)
    prvTaskExitError                         0x00000b59   Thumb Code    36  port.o(i.prvTaskExitError)
    i.pvPortMalloc                           0x00000b80   Section        0  heap_4.o(i.pvPortMalloc)
    i.pxPortInitialiseStack                  0x00000c5c   Section        0  port.o(i.pxPortInitialiseStack)
    i.uxListRemove                           0x00000c88   Section        0  list.o(i.uxListRemove)
    i.vApplicationIdleHook                   0x00000cb0   Section        0  blinky.o(i.vApplicationIdleHook)
    i.vGreenLedControllerTask                0x00000ce4   Section        0  blinky.o(i.vGreenLedControllerTask)
    i.vListInitialise                        0x00000d18   Section        0  list.o(i.vListInitialise)
    i.vListInitialiseItem                    0x00000d2e   Section        0  list.o(i.vListInitialiseItem)
    i.vListInsertEnd                         0x00000d34   Section        0  list.o(i.vListInsertEnd)
    i.vPortEnterCritical                     0x00000d4c   Section        0  port.o(i.vPortEnterCritical)
    i.vPortExitCritical                      0x00000d8c   Section        0  port.o(i.vPortExitCritical)
    i.vPortFree                              0x00000db4   Section        0  heap_4.o(i.vPortFree)
    i.vPortSetupTimerInterrupt               0x00000e18   Section        0  port.o(i.vPortSetupTimerInterrupt)
    i.vPortSuppressTicksAndSleep             0x00000e60   Section        0  port.o(i.vPortSuppressTicksAndSleep)
    i.vTaskStartScheduler                    0x00000f34   Section        0  tasks.o(i.vTaskStartScheduler)
    i.vTaskStepTick                          0x00000f9c   Section        0  tasks.o(i.vTaskStepTick)
    i.vTaskSuspendAll                        0x00000fc4   Section        0  tasks.o(i.vTaskSuspendAll)
    i.vTaskSwitchContext                     0x00000fd4   Section        0  tasks.o(i.vTaskSwitchContext)
    i.xPortStartScheduler                    0x00001030   Section        0  port.o(i.xPortStartScheduler)
    i.xTaskCreate                            0x00001124   Section        0  tasks.o(i.xTaskCreate)
    i.xTaskIncrementTick                     0x0000117c   Section        0  tasks.o(i.xTaskIncrementTick)
    i.xTaskResumeAll                         0x00001248   Section        0  tasks.o(i.xTaskResumeAll)
    .data                                    0x20000000   Section       16  blinky.o(.data)
    .data                                    0x20000010   Section        4  system_tm4c123.o(.data)
    .data                                    0x20000014   Section       32  heap_4.o(.data)
    pxEnd                                    0x20000014   Data           4  heap_4.o(.data)
    xFreeBytesRemaining                      0x20000018   Data           4  heap_4.o(.data)
    xMinimumEverFreeBytesRemaining           0x2000001c   Data           4  heap_4.o(.data)
    xNumberOfSuccessfulAllocations           0x20000020   Data           4  heap_4.o(.data)
    xNumberOfSuccessfulFrees                 0x20000024   Data           4  heap_4.o(.data)
    xBlockAllocatedBit                       0x20000028   Data           4  heap_4.o(.data)
    xStart                                   0x2000002c   Data           8  heap_4.o(.data)
    .data                                    0x20000034   Section       24  port.o(.data)
    ucMaxSysCallPriority                     0x20000034   Data           1  port.o(.data)
    uxCriticalNesting                        0x20000038   Data           4  port.o(.data)
    ulTimerCountsForOneTick                  0x2000003c   Data           4  port.o(.data)
    xMaximumPossibleSuppressedTicks          0x20000040   Data           4  port.o(.data)
    ulStoppedTimerCompensation               0x20000044   Data           4  port.o(.data)
    ulMaxPRIGROUPValue                       0x20000048   Data           4  port.o(.data)
    .data                                    0x2000004c   Section       60  tasks.o(.data)
    uxDeletedTasksWaitingCleanUp             0x20000050   Data           4  tasks.o(.data)
    uxCurrentNumberOfTasks                   0x20000054   Data           4  tasks.o(.data)
    xTickCount                               0x20000058   Data           4  tasks.o(.data)
    uxTopReadyPriority                       0x2000005c   Data           4  tasks.o(.data)
    xSchedulerRunning                        0x20000060   Data           4  tasks.o(.data)
    xPendedTicks                             0x20000064   Data           4  tasks.o(.data)
    xYieldPending                            0x20000068   Data           4  tasks.o(.data)
    xNumOfOverflows                          0x2000006c   Data           4  tasks.o(.data)
    uxTaskNumber                             0x20000070   Data           4  tasks.o(.data)
    xNextTaskUnblockTime                     0x20000074   Data           4  tasks.o(.data)
    xIdleTaskHandle                          0x20000078   Data           4  tasks.o(.data)
    uxSchedulerSuspended                     0x2000007c   Data           4  tasks.o(.data)
    pxDelayedTaskList                        0x20000080   Data           4  tasks.o(.data)
    pxOverflowDelayedTaskList                0x20000084   Data           4  tasks.o(.data)
    .bss                                     0x20000088   Section     4096  heap_4.o(.bss)
    ucHeap                                   0x20000088   Data        4096  heap_4.o(.bss)
    .bss                                     0x20001088   Section      200  tasks.o(.bss)
    pxReadyTasksLists                        0x20001088   Data         100  tasks.o(.bss)
    xDelayedTaskList1                        0x200010ec   Data          20  tasks.o(.bss)
    xDelayedTaskList2                        0x20001100   Data          20  tasks.o(.bss)
    xPendingReadyList                        0x20001114   Data          20  tasks.o(.bss)
    xTasksWaitingTermination                 0x20001128   Data          20  tasks.o(.bss)
    xSuspendedTaskList                       0x2000113c   Data          20  tasks.o(.bss)
    STACK                                    0x20001150   Section      512  startup_tm4c123.o(STACK)

    Global Symbols

    Symbol Name                              Value     Ov Type        Size  Object(Section)

    BuildAttributes$$THM_ISAv4$E$P$D$K$B$S$7EM$VFPi3$EXTD16$VFPS$VFMA$PE$A:L22UL41UL21$X:L11$S22US41US21$IEEE1$IW$USESV6$~STKCKD$USESV7$~SHL$OTIME$EBA8$MICROLIB$REQ8$PRES8$EABIv2 0x00000000   Number         0  anon$$obj.o ABSOLUTE
    __ARM_use_no_argv                        0x00000000   Number         0  blinky.o ABSOLUTE
    __Vectors                                0x00000000   Data           4  startup_tm4c123.o(RESET)
    __cpp_initialize__aeabi_                  - Undefined Weak Reference
    __cxa_finalize                            - Undefined Weak Reference
    __decompress                              - Undefined Weak Reference
    _clock_init                               - Undefined Weak Reference
    _microlib_exit                            - Undefined Weak Reference
    __Vectors_End                            0x0000026c   Data           0  startup_tm4c123.o(RESET)
    __Vectors_Size                           0x0000026c   Number         0  startup_tm4c123.o ABSOLUTE
    __main                                   0x0000026d   Thumb Code     0  entry.o(.ARM.Collect$$$$00000000)
    _main_stk                                0x0000026d   Thumb Code     0  entry2.o(.ARM.Collect$$$$00000001)
    _main_scatterload                        0x00000271   Thumb Code     0  entry5.o(.ARM.Collect$$$$00000004)
    __main_after_scatterload                 0x00000275   Thumb Code     0  entry5.o(.ARM.Collect$$$$00000004)
    _main_clock                              0x00000275   Thumb Code     0  entry7b.o(.ARM.Collect$$$$00000008)
    _main_cpp_init                           0x00000275   Thumb Code     0  entry8b.o(.ARM.Collect$$$$0000000A)
    _main_init                               0x00000275   Thumb Code     0  entry9a.o(.ARM.Collect$$$$0000000B)
    __rt_final_cpp                           0x0000027d   Thumb Code     0  entry10a.o(.ARM.Collect$$$$0000000D)
    __rt_final_exit                          0x0000027d   Thumb Code     0  entry11a.o(.ARM.Collect$$$$0000000F)
    SVC_Handler                              0x00000281   Thumb Code    28  port.o(.emb_text)
    __asm___6_port_c_39a90d8d__prvStartFirstTask 0x000002a1   Thumb Code    36  port.o(.emb_text)
    __asm___6_port_c_39a90d8d__prvEnableVFP  0x000002c9   Thumb Code    16  port.o(.emb_text)
    PendSV_Handler                           0x000002dd   Thumb Code    88  port.o(.emb_text)
    vPortGetIPSR                             0x00000339   Thumb Code     6  port.o(.emb_text)
    Reset_Handler                            0x00000341   Thumb Code     8  startup_tm4c123.o(.text)
    NMI_Handler                              0x00000349   Thumb Code     2  startup_tm4c123.o(.text)
    HardFault_Handler                        0x0000034b   Thumb Code     2  startup_tm4c123.o(.text)
    MemManage_Handler                        0x0000034d   Thumb Code     2  startup_tm4c123.o(.text)
    BusFault_Handler                         0x0000034f   Thumb Code     2  startup_tm4c123.o(.text)
    UsageFault_Handler                       0x00000351   Thumb Code     2  startup_tm4c123.o(.text)
    DebugMon_Handler                         0x00000355   Thumb Code     2  startup_tm4c123.o(.text)
    GPIOA_Handler                            0x0000035b   Thumb Code     2  startup_tm4c123.o(.text)
    GPIOB_Handler                            0x0000035d   Thumb Code     2  startup_tm4c123.o(.text)
    GPIOC_Handler                            0x0000035f   Thumb Code     2  startup_tm4c123.o(.text)
    GPIOD_Handler                            0x00000361   Thumb Code     2  startup_tm4c123.o(.text)
    GPIOE_Handler                            0x00000363   Thumb Code     2  startup_tm4c123.o(.text)
    UART0_Handler                            0x00000365   Thumb Code     2  startup_tm4c123.o(.text)
    UART1_Handler                            0x00000367   Thumb Code     2  startup_tm4c123.o(.text)
    SSI0_Handler                             0x00000369   Thumb Code     2  startup_tm4c123.o(.text)
    I2C0_Handler                             0x0000036b   Thumb Code     2  startup_tm4c123.o(.text)
    PMW0_FAULT_Handler                       0x0000036d   Thumb Code     2  startup_tm4c123.o(.text)
    PWM0_0_Handler                           0x0000036f   Thumb Code     2  startup_tm4c123.o(.text)
    PWM0_1_Handler                           0x00000371   Thumb Code     2  startup_tm4c123.o(.text)
    PWM0_2_Handler                           0x00000373   Thumb Code     2  startup_tm4c123.o(.text)
    QEI0_Handler                             0x00000375   Thumb Code     2  startup_tm4c123.o(.text)
    ADC0SS0_Handler                          0x00000377   Thumb Code     2  startup_tm4c123.o(.text)
    ADC0SS1_Handler                          0x00000379   Thumb Code     2  startup_tm4c123.o(.text)
    ADC0SS2_Handler                          0x0000037b   Thumb Code     2  startup_tm4c123.o(.text)
    ADC0SS3_Handler                          0x0000037d   Thumb Code     2  startup_tm4c123.o(.text)
    WDT0_Handler                             0x0000037f   Thumb Code     2  startup_tm4c123.o(.text)
    TIMER0A_Handler                          0x00000381   Thumb Code     2  startup_tm4c123.o(.text)
    TIMER0B_Handler                          0x00000383   Thumb Code     2  startup_tm4c123.o(.text)
    TIMER1A_Handler                          0x00000385   Thumb Code     2  startup_tm4c123.o(.text)
    TIMER1B_Handler                          0x00000387   Thumb Code     2  startup_tm4c123.o(.text)
    TIMER2A_Handler                          0x00000389   Thumb Code     2  startup_tm4c123.o(.text)
    TIMER2B_Handler                          0x0000038b   Thumb Code     2  startup_tm4c123.o(.text)
    COMP0_Handler                            0x0000038d   Thumb Code     2  startup_tm4c123.o(.text)
    COMP1_Handler                            0x0000038f   Thumb Code     2  startup_tm4c123.o(.text)
    COMP2_Handler                            0x00000391   Thumb Code     2  startup_tm4c123.o(.text)
    SYSCTL_Handler                           0x00000393   Thumb Code     2  startup_tm4c123.o(.text)
    FLASH_Handler                            0x00000395   Thumb Code     2  startup_tm4c123.o(.text)
    GPIOF_Handler                            0x00000397   Thumb Code     2  startup_tm4c123.o(.text)
    GPIOG_Handler                            0x00000399   Thumb Code     2  startup_tm4c123.o(.text)
    GPIOH_Handler                            0x0000039b   Thumb Code     2  startup_tm4c123.o(.text)
    UART2_Handler                            0x0000039d   Thumb Code     2  startup_tm4c123.o(.text)
    SSI1_Handler                             0x0000039f   Thumb Code     2  startup_tm4c123.o(.text)
    TIMER3A_Handler                          0x000003a1   Thumb Code     2  startup_tm4c123.o(.text)
    TIMER3B_Handler                          0x000003a3   Thumb Code     2  startup_tm4c123.o(.text)
    I2C1_Handler                             0x000003a5   Thumb Code     2  startup_tm4c123.o(.text)
    QEI1_Handler                             0x000003a7   Thumb Code     2  startup_tm4c123.o(.text)
    CAN0_Handler                             0x000003a9   Thumb Code     2  startup_tm4c123.o(.text)
    CAN1_Handler                             0x000003ab   Thumb Code     2  startup_tm4c123.o(.text)
    CAN2_Handler                             0x000003ad   Thumb Code     2  startup_tm4c123.o(.text)
    HIB_Handler                              0x000003af   Thumb Code     2  startup_tm4c123.o(.text)
    USB0_Handler                             0x000003b1   Thumb Code     2  startup_tm4c123.o(.text)
    PWM0_3_Handler                           0x000003b3   Thumb Code     2  startup_tm4c123.o(.text)
    UDMA_Handler                             0x000003b5   Thumb Code     2  startup_tm4c123.o(.text)
    UDMAERR_Handler                          0x000003b7   Thumb Code     2  startup_tm4c123.o(.text)
    ADC1SS0_Handler                          0x000003b9   Thumb Code     2  startup_tm4c123.o(.text)
    ADC1SS1_Handler                          0x000003bb   Thumb Code     2  startup_tm4c123.o(.text)
    ADC1SS2_Handler                          0x000003bd   Thumb Code     2  startup_tm4c123.o(.text)
    ADC1SS3_Handler                          0x000003bf   Thumb Code     2  startup_tm4c123.o(.text)
    GPIOJ_Handler                            0x000003c1   Thumb Code     2  startup_tm4c123.o(.text)
    GPIOK_Handler                            0x000003c3   Thumb Code     2  startup_tm4c123.o(.text)
    GPIOL_Handler                            0x000003c5   Thumb Code     2  startup_tm4c123.o(.text)
    SSI2_Handler                             0x000003c7   Thumb Code     2  startup_tm4c123.o(.text)
    SSI3_Handler                             0x000003c9   Thumb Code     2  startup_tm4c123.o(.text)
    UART3_Handler                            0x000003cb   Thumb Code     2  startup_tm4c123.o(.text)
    UART4_Handler                            0x000003cd   Thumb Code     2  startup_tm4c123.o(.text)
    UART5_Handler                            0x000003cf   Thumb Code     2  startup_tm4c123.o(.text)
    UART6_Handler                            0x000003d1   Thumb Code     2  startup_tm4c123.o(.text)
    UART7_Handler                            0x000003d3   Thumb Code     2  startup_tm4c123.o(.text)
    I2C2_Handler                             0x000003d5   Thumb Code     2  startup_tm4c123.o(.text)
    I2C3_Handler                             0x000003d7   Thumb Code     2  startup_tm4c123.o(.text)
    TIMER4A_Handler                          0x000003d9   Thumb Code     2  startup_tm4c123.o(.text)
    TIMER4B_Handler                          0x000003db   Thumb Code     2  startup_tm4c123.o(.text)
    TIMER5A_Handler                          0x000003dd   Thumb Code     2  startup_tm4c123.o(.text)
    TIMER5B_Handler                          0x000003df   Thumb Code     2  startup_tm4c123.o(.text)
    WTIMER0A_Handler                         0x000003e1   Thumb Code     2  startup_tm4c123.o(.text)
    WTIMER0B_Handler                         0x000003e3   Thumb Code     2  startup_tm4c123.o(.text)
    WTIMER1A_Handler                         0x000003e5   Thumb Code     2  startup_tm4c123.o(.text)
    WTIMER1B_Handler                         0x000003e7   Thumb Code     2  startup_tm4c123.o(.text)
    WTIMER2A_Handler                         0x000003e9   Thumb Code     2  startup_tm4c123.o(.text)
    WTIMER2B_Handler                         0x000003eb   Thumb Code     2  startup_tm4c123.o(.text)
    WTIMER3A_Handler                         0x000003ed   Thumb Code     2  startup_tm4c123.o(.text)
    WTIMER3B_Handler                         0x000003ef   Thumb Code     2  startup_tm4c123.o(.text)
    WTIMER4A_Handler                         0x000003f1   Thumb Code     2  startup_tm4c123.o(.text)
    WTIMER4B_Handler                         0x000003f3   Thumb Code     2  startup_tm4c123.o(.text)
    WTIMER5A_Handler                         0x000003f5   Thumb Code     2  startup_tm4c123.o(.text)
    WTIMER5B_Handler                         0x000003f7   Thumb Code     2  startup_tm4c123.o(.text)
    FPU_Handler                              0x000003f9   Thumb Code     2  startup_tm4c123.o(.text)
    I2C4_Handler                             0x000003fb   Thumb Code     2  startup_tm4c123.o(.text)
    I2C5_Handler                             0x000003fd   Thumb Code     2  startup_tm4c123.o(.text)
    GPIOM_Handler                            0x000003ff   Thumb Code     2  startup_tm4c123.o(.text)
    GPION_Handler                            0x00000401   Thumb Code     2  startup_tm4c123.o(.text)
    QEI2_Handler                             0x00000403   Thumb Code     2  startup_tm4c123.o(.text)
    GPIOP0_Handler                           0x00000405   Thumb Code     2  startup_tm4c123.o(.text)
    GPIOP1_Handler                           0x00000407   Thumb Code     2  startup_tm4c123.o(.text)
    GPIOP2_Handler                           0x00000409   Thumb Code     2  startup_tm4c123.o(.text)
    GPIOP3_Handler                           0x0000040b   Thumb Code     2  startup_tm4c123.o(.text)
    GPIOP4_Handler                           0x0000040d   Thumb Code     2  startup_tm4c123.o(.text)
    GPIOP5_Handler                           0x0000040f   Thumb Code     2  startup_tm4c123.o(.text)
    GPIOP6_Handler                           0x00000411   Thumb Code     2  startup_tm4c123.o(.text)
    GPIOP7_Handler                           0x00000413   Thumb Code     2  startup_tm4c123.o(.text)
    GPIOQ0_Handler                           0x00000415   Thumb Code     2  startup_tm4c123.o(.text)
    GPIOQ1_Handler                           0x00000417   Thumb Code     2  startup_tm4c123.o(.text)
    GPIOQ2_Handler                           0x00000419   Thumb Code     2  startup_tm4c123.o(.text)
    GPIOQ3_Handler                           0x0000041b   Thumb Code     2  startup_tm4c123.o(.text)
    GPIOQ4_Handler                           0x0000041d   Thumb Code     2  startup_tm4c123.o(.text)
    GPIOQ5_Handler                           0x0000041f   Thumb Code     2  startup_tm4c123.o(.text)
    GPIOQ6_Handler                           0x00000421   Thumb Code     2  startup_tm4c123.o(.text)
    GPIOQ7_Handler                           0x00000423   Thumb Code     2  startup_tm4c123.o(.text)
    GPIOR_Handler                            0x00000425   Thumb Code     2  startup_tm4c123.o(.text)
    GPIOS_Handler                            0x00000427   Thumb Code     2  startup_tm4c123.o(.text)
    PMW1_0_Handler                           0x00000429   Thumb Code     2  startup_tm4c123.o(.text)
    PWM1_1_Handler                           0x0000042b   Thumb Code     2  startup_tm4c123.o(.text)
    PWM1_2_Handler                           0x0000042d   Thumb Code     2  startup_tm4c123.o(.text)
    PWM1_3_Handler                           0x0000042f   Thumb Code     2  startup_tm4c123.o(.text)
    PWM1_FAULT_Handler                       0x00000431   Thumb Code     2  startup_tm4c123.o(.text)
    __aeabi_memset                           0x0000043d   Thumb Code    14  memseta.o(.text)
    __aeabi_memset4                          0x0000043d   Thumb Code     0  memseta.o(.text)
    __aeabi_memset8                          0x0000043d   Thumb Code     0  memseta.o(.text)
    __aeabi_memclr                           0x0000044b   Thumb Code     4  memseta.o(.text)
    __aeabi_memclr4                          0x0000044b   Thumb Code     0  memseta.o(.text)
    __aeabi_memclr8                          0x0000044b   Thumb Code     0  memseta.o(.text)
    _memset$wrapper                          0x0000044f   Thumb Code    18  memseta.o(.text)
    __scatterload                            0x00000461   Thumb Code    28  init.o(.text)
    __scatterload_rt2                        0x00000461   Thumb Code     0  init.o(.text)
    GPIODirModeSet                           0x00000485   Thumb Code    40  gpio.o(i.GPIODirModeSet)
    GPIOPadConfigSet                         0x000004ad   Thumb Code   312  gpio.o(i.GPIOPadConfigSet)
    GPIOPinTypeGPIOOutput                    0x000005e5   Thumb Code    28  gpio.o(i.GPIOPinTypeGPIOOutput)
    GPIOPinWrite                             0x00000601   Thumb Code     6  gpio.o(i.GPIOPinWrite)
    SysCtlPeripheralEnable                   0x00000609   Thumb Code    36  sysctl.o(i.SysCtlPeripheralEnable)
    SysCtlPeripheralReady                    0x00000631   Thumb Code    40  sysctl.o(i.SysCtlPeripheralReady)
    SysTick_Handler                          0x0000065d   Thumb Code    38  port.o(i.SysTick_Handler)
    SystemInit                               0x00000689   Thumb Code    90  system_tm4c123.o(i.SystemInit)
    __scatterload_copy                       0x0000070d   Thumb Code    14  handlers.o(i.__scatterload_copy)
    __scatterload_null                       0x0000071b   Thumb Code     2  handlers.o(i.__scatterload_null)
    __scatterload_zeroinit                   0x0000071d   Thumb Code    14  handlers.o(i.__scatterload_zeroinit)
    eTaskConfirmSleepModeStatus              0x0000072d   Thumb Code    38  tasks.o(i.eTaskConfirmSleepModeStatus)
    main                                     0x0000075d   Thumb Code   186  blinky.o(i.main)
    pvPortMalloc                             0x00000b81   Thumb Code   216  heap_4.o(i.pvPortMalloc)
    pxPortInitialiseStack                    0x00000c5d   Thumb Code    40  port.o(i.pxPortInitialiseStack)
    uxListRemove                             0x00000c89   Thumb Code    38  list.o(i.uxListRemove)
    vApplicationIdleHook                     0x00000cb1   Thumb Code    42  blinky.o(i.vApplicationIdleHook)
    vGreenLedControllerTask                  0x00000ce5   Thumb Code    42  blinky.o(i.vGreenLedControllerTask)
    vListInitialise                          0x00000d19   Thumb Code    22  list.o(i.vListInitialise)
    vListInitialiseItem                      0x00000d2f   Thumb Code     6  list.o(i.vListInitialiseItem)
    vListInsertEnd                           0x00000d35   Thumb Code    24  list.o(i.vListInsertEnd)
    vPortEnterCritical                       0x00000d4d   Thumb Code    54  port.o(i.vPortEnterCritical)
    vPortExitCritical                        0x00000d8d   Thumb Code    34  port.o(i.vPortExitCritical)
    vPortFree                                0x00000db5   Thumb Code    94  heap_4.o(i.vPortFree)
    vPortSetupTimerInterrupt                 0x00000e19   Thumb Code    64  port.o(i.vPortSetupTimerInterrupt)
    vPortSuppressTicksAndSleep               0x00000e61   Thumb Code   206  port.o(i.vPortSuppressTicksAndSleep)
    vTaskStartScheduler                      0x00000f35   Thumb Code    88  tasks.o(i.vTaskStartScheduler)
    vTaskStepTick                            0x00000f9d   Thumb Code    36  tasks.o(i.vTaskStepTick)
    vTaskSuspendAll                          0x00000fc5   Thumb Code    10  tasks.o(i.vTaskSuspendAll)
    vTaskSwitchContext                       0x00000fd5   Thumb Code    82  tasks.o(i.vTaskSwitchContext)
    xPortStartScheduler                      0x00001031   Thumb Code   224  port.o(i.xPortStartScheduler)
    xTaskCreate                              0x00001125   Thumb Code    86  tasks.o(i.xTaskCreate)
    xTaskIncrementTick                       0x0000117d   Thumb Code   194  tasks.o(i.xTaskIncrementTick)
    xTaskResumeAll                           0x00001249   Thumb Code   182  tasks.o(i.xTaskResumeAll)
    Region$$Table$$Base                      0x0000130c   Number         0  anon$$obj.o(Region$$Table)
    Region$$Table$$Limit                     0x0000132c   Number         0  anon$$obj.o(Region$$Table)
    task_created                             0x20000000   Data           1  blinky.o(.data)
    green_Handle                             0x20000004   Data           4  blinky.o(.data)
    greenCounter                             0x20000008   Data           4  blinky.o(.data)
    idleCounter                              0x2000000c   Data           4  blinky.o(.data)
    SystemCoreClock                          0x20000010   Data           4  system_tm4c123.o(.data)
    pxCurrentTCB                             0x2000004c   Data           4  tasks.o(.data)
    __initial_sp                             0x20001350   Data           0  startup_tm4c123.o(STACK)



==============================================================================

Memory Map of the image

  Image Entry point : 0x00000341

  Load Region LR_IROM (Base: 0x00000000, Size: 0x000013b4, Max: 0x00040000, ABSOLUTE)

    Execution Region ER_IROM (Exec base: 0x00000000, Load base: 0x00000000, Size: 0x0000132c, Max: 0x00040000, ABSOLUTE)

    Exec Addr    Load Addr    Size         Type   Attr      Idx    E Section Name        Object

    0x00000000   0x00000000   0x0000026c   Data   RO           92    RESET               startup_tm4c123.o
    0x0000026c   0x0000026c   0x00000000   Code   RO         1808  * .ARM.Collect$$$$00000000  mc_w.l(entry.o)
    0x0000026c   0x0000026c   0x00000004   Code   RO         1819    .ARM.Collect$$$$00000001  mc_w.l(entry2.o)
    0x00000270   0x00000270   0x00000004   Code   RO         1822    .ARM.Collect$$$$00000004  mc_w.l(entry5.o)
    0x00000274   0x00000274   0x00000000   Code   RO         1824    .ARM.Collect$$$$00000008  mc_w.l(entry7b.o)
    0x00000274   0x00000274   0x00000000   Code   RO         1826    .ARM.Collect$$$$0000000A  mc_w.l(entry8b.o)
    0x00000274   0x00000274   0x00000008   Code   RO         1827    .ARM.Collect$$$$0000000B  mc_w.l(entry9a.o)
    0x0000027c   0x0000027c   0x00000000   Code   RO         1829    .ARM.Collect$$$$0000000D  mc_w.l(entry10a.o)
    0x0000027c   0x0000027c   0x00000000   Code   RO         1831    .ARM.Collect$$$$0000000F  mc_w.l(entry11a.o)
    0x0000027c   0x0000027c   0x00000004   Code   RO         1820    .ARM.Collect$$$$00002712  mc_w.l(entry2.o)
    0x00000280   0x00000280   0x000000be   Code   RO          300    .emb_text           port.o
    0x0000033e   0x0000033e   0x00000002   PAD
    0x00000340   0x00000340   0x000000fc   Code   RO           93  * .text               startup_tm4c123.o
    0x0000043c   0x0000043c   0x00000024   Code   RO         1813    .text               mc_w.l(memseta.o)
    0x00000460   0x00000460   0x00000024   Code   RO         1833    .text               mc_w.l(init.o)
    0x00000484   0x00000484   0x00000028   Code   RO         1014    i.GPIODirModeSet    driverlib.lib(gpio.o)
    0x000004ac   0x000004ac   0x00000138   Code   RO         1026    i.GPIOPadConfigSet  driverlib.lib(gpio.o)
    0x000005e4   0x000005e4   0x0000001c   Code   RO         1038    i.GPIOPinTypeGPIOOutput  driverlib.lib(gpio.o)
    0x00000600   0x00000600   0x00000006   Code   RO         1056    i.GPIOPinWrite      driverlib.lib(gpio.o)
    0x00000606   0x00000606   0x00000002   PAD
    0x00000608   0x00000608   0x00000028   Code   RO         1368    i.SysCtlPeripheralEnable  driverlib.lib(sysctl.o)
    0x00000630   0x00000630   0x0000002c   Code   RO         1372    i.SysCtlPeripheralReady  driverlib.lib(sysctl.o)
    0x0000065c   0x0000065c   0x0000002c   Code   RO          301    i.SysTick_Handler   port.o
    0x00000688   0x00000688   0x00000084   Code   RO          102    i.SystemInit        system_tm4c123.o
    0x0000070c   0x0000070c   0x0000000e   Code   RO         1837    i.__scatterload_copy  mc_w.l(handlers.o)
    0x0000071a   0x0000071a   0x00000002   Code   RO         1838    i.__scatterload_null  mc_w.l(handlers.o)
    0x0000071c   0x0000071c   0x0000000e   Code   RO         1839    i.__scatterload_zeroinit  mc_w.l(handlers.o)
    0x0000072a   0x0000072a   0x00000002   PAD
    0x0000072c   0x0000072c   0x00000030   Code   RO          609    i.eTaskConfirmSleepModeStatus  tasks.o
    0x0000075c   0x0000075c   0x000000ec   Code   RO            1    i.main              blinky.o
    0x00000848   0x00000848   0x000000d0   Code   RO          613    i.prvAddNewTaskToReadyList  tasks.o
    0x00000918   0x00000918   0x00000014   Code   RO          614    i.prvDeleteTCB      tasks.o
    0x0000092c   0x0000092c   0x00000034   Code   RO          615    i.prvGetExpectedIdleTime  tasks.o
    0x00000960   0x00000960   0x0000004c   Code   RO          233    i.prvHeapInit       heap_4.o
    0x000009ac   0x000009ac   0x00000090   Code   RO          616    i.prvIdleTask       tasks.o
    0x00000a3c   0x00000a3c   0x000000ae   Code   RO          617    i.prvInitialiseNewTask  tasks.o
    0x00000aea   0x00000aea   0x00000002   PAD
    0x00000aec   0x00000aec   0x0000004c   Code   RO          234    i.prvInsertBlockIntoFreeList  heap_4.o
    0x00000b38   0x00000b38   0x00000020   Code   RO          619    i.prvResetNextTaskUnblockTime  tasks.o
    0x00000b58   0x00000b58   0x00000028   Code   RO          302    i.prvTaskExitError  port.o
    0x00000b80   0x00000b80   0x000000dc   Code   RO          235    i.pvPortMalloc      heap_4.o
    0x00000c5c   0x00000c5c   0x0000002c   Code   RO          303    i.pxPortInitialiseStack  port.o
    0x00000c88   0x00000c88   0x00000026   Code   RO          182    i.uxListRemove      list.o
    0x00000cae   0x00000cae   0x00000002   PAD
    0x00000cb0   0x00000cb0   0x00000034   Code   RO            2    i.vApplicationIdleHook  blinky.o
    0x00000ce4   0x00000ce4   0x00000034   Code   RO            3    i.vGreenLedControllerTask  blinky.o
    0x00000d18   0x00000d18   0x00000016   Code   RO          183    i.vListInitialise   list.o
    0x00000d2e   0x00000d2e   0x00000006   Code   RO          184    i.vListInitialiseItem  list.o
    0x00000d34   0x00000d34   0x00000018   Code   RO          186    i.vListInsertEnd    list.o
    0x00000d4c   0x00000d4c   0x00000040   Code   RO          305    i.vPortEnterCritical  port.o
    0x00000d8c   0x00000d8c   0x00000028   Code   RO          306    i.vPortExitCritical  port.o
    0x00000db4   0x00000db4   0x00000064   Code   RO          236    i.vPortFree         heap_4.o
    0x00000e18   0x00000e18   0x00000048   Code   RO          307    i.vPortSetupTimerInterrupt  port.o
    0x00000e60   0x00000e60   0x000000d4   Code   RO          308    i.vPortSuppressTicksAndSleep  port.o
    0x00000f34   0x00000f34   0x00000068   Code   RO          650    i.vTaskStartScheduler  tasks.o
    0x00000f9c   0x00000f9c   0x00000028   Code   RO          651    i.vTaskStepTick     tasks.o
    0x00000fc4   0x00000fc4   0x00000010   Code   RO          653    i.vTaskSuspendAll   tasks.o
    0x00000fd4   0x00000fd4   0x0000005c   Code   RO          654    i.vTaskSwitchContext  tasks.o
    0x00001030   0x00001030   0x000000f4   Code   RO          310    i.xPortStartScheduler  port.o
    0x00001124   0x00001124   0x00000056   Code   RO          658    i.xTaskCreate       tasks.o
    0x0000117a   0x0000117a   0x00000002   PAD
    0x0000117c   0x0000117c   0x000000cc   Code   RO          667    i.xTaskIncrementTick  tasks.o
    0x00001248   0x00001248   0x000000c4   Code   RO          673    i.xTaskResumeAll    tasks.o
    0x0000130c   0x0000130c   0x00000020   Data   RO         1835    Region$$Table       anon$$obj.o


    Execution Region RW_IRAM (Exec base: 0x20000000, Load base: 0x0000132c, Size: 0x00001350, Max: 0x00008000, ABSOLUTE)

    Exec Addr    Load Addr    Size         Type   Attr      Idx    E Section Name        Object

    0x20000000   0x0000132c   0x00000010   Data   RW            6    .data               blinky.o
    0x20000010   0x0000133c   0x00000004   Data   RW          104    .data               system_tm4c123.o
    0x20000014   0x00001340   0x00000020   Data   RW          242    .data               heap_4.o
    0x20000034   0x00001360   0x00000018   Data   RW          311    .data               port.o
    0x2000004c   0x00001378   0x0000003c   Data   RW          676    .data               tasks.o
    0x20000088        -       0x00001000   Zero   RW          241    .bss                heap_4.o
    0x20001088        -       0x000000c8   Zero   RW          675    .bss                tasks.o
    0x20001150        -       0x00000200   Zero   RW           90    STACK               startup_tm4c123.o


==============================================================================

Image component sizes


      Code (inc. data)   RO Data    RW Data    ZI Data      Debug   Object Name

       340         70          0         16          0      18152   blinky.o
       472         24          0         32       4096       7819   heap_4.o
        90          0          0          0          0       5508   list.o
       950         80          0         24          0      12837   port.o
         0          0          0          0          0       5288   queue.o
       252         10        620          0        512       5528   startup_tm4c123.o
       132         42          0          4          0        991   system_tm4c123.o
      1416        110          0         60        200      19587   tasks.o

    ----------------------------------------------------------------------
      3660        336        652        136       4808      75710   Object Totals
         0          0         32          0          0          0   (incl. Generated)
         8          0          0          0          0          0   (incl. Padding)

    ----------------------------------------------------------------------

      Code (inc. data)   RO Data    RW Data    ZI Data      Debug   Library Member Name

       386          0          0          0          0       3587   gpio.o
        84          8          0          0          0       1053   sysctl.o
         0          0          0          0          0          0   entry.o
         0          0          0          0          0          0   entry10a.o
         0          0          0          0          0          0   entry11a.o
         8          4          0          0          0          0   entry2.o
         4          0          0          0          0          0   entry5.o
         0          0          0          0          0          0   entry7b.o
         0          0          0          0          0          0   entry8b.o
         8          4          0          0          0          0   entry9a.o
        30          0          0          0          0          0   handlers.o
        36          8          0          0          0         68   init.o
        36          0          0          0          0        108   memseta.o

    ----------------------------------------------------------------------
       596         24          0          0          0       4816   Library Totals
         4          0          0          0          0          0   (incl. Padding)

    ----------------------------------------------------------------------

      Code (inc. data)   RO Data    RW Data    ZI Data      Debug   Library Name

       470          8          0          0          0       4640   driverlib.lib
       122         16          0          0          0        176   mc_w.l

    ----------------------------------------------------------------------
       596         24          0          0          0       4816   Library Totals

    ----------------------------------------------------------------------

==============================================================================


      Code (inc. data)   RO Data    RW Data    ZI Data      Debug   

      4256        360        652        136       4808      77130   Grand Totals
      4256        360        652        136       4808      77130   ELF Image Totals
      4256        360        652        136          0          0   ROM Totals

==============================================================================

    Total RO  Size (Code + RO Data)                 4908 (   4.79kB)
    Total RW  Size (RW Data + ZI Data)              4944 (   4.83kB)
    Total ROM Size (Code + RO Data + RW Data)       5044 (   4.93kB)

==============================================================================

