Component: ARM Compiler 5.06 update 6 (build 750) Tool: armlink [4d35ed]

==============================================================================

Section Cross References

    main.o(i.main) refers to rt_cmsis.o(i.osThreadCreate) for osThreadCreate
    main.o(i.main) refers to main.o(.constdata) for os_thread_def_thread_1
    main.o(i.thread_1) refers to main.o(.data) for count_1
    main.o(i.thread_2) refers to main.o(.data) for count_2
    main.o(i.thread_3) refers to main.o(.data) for count_3
    main.o(.constdata) refers to main.o(i.thread_1) for thread_1
    main.o(.constdata) refers to main.o(i.thread_2) for thread_2
    main.o(.constdata) refers to main.o(i.thread_3) for thread_3
    rtx_conf_cm.o(.emb_text) refers to rt_cmsis.o(i.osKernelInitialize) for osKernelInitialize
    rtx_conf_cm.o(.emb_text) refers to rt_cmsis.o(i.osThreadCreate) for osThreadCreate
    rtx_conf_cm.o(.emb_text) refers to rt_cmsis.o(i.osKernelStart) for osKernelStart
    rtx_conf_cm.o(.emb_text) refers to exit.o(.text) for exit
    rtx_conf_cm.o(.emb_text) refers to rtx_conf_cm.o(.constdata) for os_thread_def_main
    rtx_conf_cm.o(i.__user_perthread_libspace) refers to rt_task.o(i.rt_tsk_self) for rt_tsk_self
    rtx_conf_cm.o(i.__user_perthread_libspace) refers to rt_cmsis.o(.data) for os_running
    rtx_conf_cm.o(i.__user_perthread_libspace) refers to rtx_conf_cm.o(.bss) for .bss
    rtx_conf_cm.o(i.__user_perthread_libspace) refers to libspace.o(.bss) for __libspace_start
    rtx_conf_cm.o(i._mutex_acquire) refers to rt_cmsis.o(.data) for os_running
    rtx_conf_cm.o(i._mutex_acquire) refers to rt_mutex.o(i.rt_mut_wait) for rt_mut_wait
    rtx_conf_cm.o(i._mutex_initialize) refers to rt_mutex.o(i.rt_mut_init) for rt_mut_init
    rtx_conf_cm.o(i._mutex_initialize) refers to rtx_conf_cm.o(.data) for .data
    rtx_conf_cm.o(i._mutex_initialize) refers to rtx_conf_cm.o(.bss) for .bss
    rtx_conf_cm.o(i._mutex_release) refers to rt_cmsis.o(.data) for os_running
    rtx_conf_cm.o(i._mutex_release) refers to rt_mutex.o(i.rt_mut_release) for rt_mut_release
    rtx_conf_cm.o(.constdata) refers to rt_cmsis.o(i.osTimerThread) for osTimerThread
    rtx_conf_cm.o(.constdata) refers to rtx_conf_cm.o(.bss) for os_messageQ_q_osTimerMessageQ
    rtx_conf_cm.o(.constdata) refers to main.o(i.main) for main
    startup_tm4c123.o(STACK) refers (Special) to heapauxi.o(.text) for __use_two_region_memory
    startup_tm4c123.o(HEAP) refers (Special) to heapauxi.o(.text) for __use_two_region_memory
    startup_tm4c123.o(RESET) refers (Special) to heapauxi.o(.text) for __use_two_region_memory
    startup_tm4c123.o(RESET) refers to startup_tm4c123.o(STACK) for __initial_sp
    startup_tm4c123.o(RESET) refers to startup_tm4c123.o(.text) for Reset_Handler
    startup_tm4c123.o(RESET) refers to hal_cm4.o(.emb_text) for SVC_Handler
    startup_tm4c123.o(.text) refers (Special) to heapauxi.o(.text) for __use_two_region_memory
    startup_tm4c123.o(.text) refers to system_tm4c123.o(i.SystemInit) for SystemInit
    startup_tm4c123.o(.text) refers to __main.o(!!!main) for __main
    startup_tm4c123.o(.text) refers to startup_tm4c123.o(HEAP) for Heap_Mem
    startup_tm4c123.o(.text) refers to startup_tm4c123.o(STACK) for Stack_Mem
    system_tm4c123.o(i.SystemCoreClockUpdate) refers to system_tm4c123.o(i.getOscClk) for getOscClk
    system_tm4c123.o(i.SystemCoreClockUpdate) refers to system_tm4c123.o(.data) for SystemCoreClock
    rt_cmsis.o(i.isrMessageGet) refers to rt_mailbox.o(i.isr_mbx_receive) for isr_mbx_receive
    rt_cmsis.o(i.isrMessagePut) refers to rt_mailbox.o(i.rt_mbx_check) for rt_mbx_check
    rt_cmsis.o(i.isrMessagePut) refers to rt_mailbox.o(i.isr_mbx_send) for isr_mbx_send
    rt_cmsis.o(i.isrSemaphoreRelease) refers to rt_cmsis.o(i.rt_id2obj) for rt_id2obj
    rt_cmsis.o(i.isrSemaphoreRelease) refers to rt_semaphore.o(i.isr_sem_send) for isr_sem_send
    rt_cmsis.o(i.isrSignalSet) refers to rt_cmsis.o(i.rt_tid2ptcb) for rt_tid2ptcb
    rt_cmsis.o(i.isrSignalSet) refers to rt_event.o(i.isr_evt_set) for isr_evt_set
    rt_cmsis.o(i.osDelay) refers to rt_cmsis.o(i.svcDelay) for svcDelay
    rt_cmsis.o(i.osKernelInitialize) refers to rt_cmsis.o(i.svcKernelInitialize) for svcKernelInitialize
    rt_cmsis.o(i.osKernelRunning) refers to rt_cmsis.o(i.svcKernelRunning) for svcKernelRunning
    rt_cmsis.o(i.osKernelRunning) refers to rt_cmsis.o(.data) for .data
    rt_cmsis.o(i.osKernelStart) refers to rtx_conf_cm.o(.constdata) for os_flags
    rt_cmsis.o(i.osKernelStart) refers to rt_cmsis.o(i.svcKernelStart) for svcKernelStart
    rt_cmsis.o(i.osKernelSysTick) refers to rt_cmsis.o(i.svcKernelSysTick) for svcKernelSysTick
    rt_cmsis.o(i.osMailAlloc) refers to rt_cmsis.o(i.sysMailAlloc) for sysMailAlloc
    rt_cmsis.o(i.osMailCAlloc) refers to rt_cmsis.o(i.sysMailAlloc) for sysMailAlloc
    rt_cmsis.o(i.osMailCAlloc) refers to rt_cmsis.o(i.rt_clr_box) for rt_clr_box
[...]
    _get_argv_nomalloc.o(.text) refers to defsig_rtmem_outer.o(.text) for __rt_SIGRTMEM
    _get_argv_nomalloc.o(.text) refers to sys_command.o(.text) for _sys_command_string
    sys_command.o(.text) refers (Special) to use_no_semi.o(.text) for __I$use$semihosting
    sys_command.o(.text) refers (Special) to indicate_semi.o(.text) for __semihosting_library_function
    defsig_abrt_inner.o(.text) refers to defsig_general.o(.text) for __default_signal_display
    defsig_rtred_inner.o(.text) refers to defsig_general.o(.text) for __default_signal_display
    defsig_rtmem_inner.o(.text) refers to defsig_general.o(.text) for __default_signal_display
    defsig_rtmem_outer.o(.text) refers to defsig_rtmem_inner.o(.text) for __rt_SIGRTMEM_inner
    defsig_rtmem_outer.o(.text) refers to defsig_exit.o(.text) for __sig_exit
    defsig_rtmem_formal.o(.text) refers to rt_raise.o(.text) for __rt_raise
    defsig_stak_inner.o(.text) refers to defsig_general.o(.text) for __default_signal_display
    defsig_pvfn_inner.o(.text) refers to defsig_general.o(.text) for __default_signal_display
    defsig_cppl_inner.o(.text) refers to defsig_general.o(.text) for __default_signal_display
    defsig_segv_inner.o(.text) refers to defsig_general.o(.text) for __default_signal_display
    defsig_other.o(.text) refers to defsig_general.o(.text) for __default_signal_display


==============================================================================

Removing Unused input sections from the image.

    Removing main.o(.rev16_text), (4 bytes).
    Removing main.o(.revsh_text), (4 bytes).
    Removing main.o(.rrx_text), (6 bytes).
    Removing rtx_conf_cm.o(i.__user_perthread_libspace), (44 bytes).
    Removing rtx_conf_cm.o(i._mutex_initialize), (44 bytes).
    Removing system_tm4c123.o(.rev16_text), (4 bytes).
    Removing system_tm4c123.o(.revsh_text), (4 bytes).
    Removing system_tm4c123.o(.rrx_text), (6 bytes).
    Removing system_tm4c123.o(i.SystemCoreClockUpdate), (196 bytes).
    Removing system_tm4c123.o(i.getOscClk), (244 bytes).
    Removing system_tm4c123.o(.data), (4 bytes).
    Removing rt_cmsis.o(.rev16_text), (4 bytes).
    Removing rt_cmsis.o(.revsh_text), (4 bytes).
    Removing rt_cmsis.o(.rrx_text), (6 bytes).
    Removing rt_cmsis.o(i.isrSemaphoreRelease), (40 bytes).
    Removing rt_cmsis.o(i.isrSignalSet), (36 bytes).
    Removing rt_cmsis.o(i.osDelay), (24 bytes).
    Removing rt_cmsis.o(i.osKernelRunning), (36 bytes).
    Removing rt_cmsis.o(i.osKernelSysTick), (24 bytes).
    Removing rt_cmsis.o(i.osMailAlloc), (28 bytes).
    Removing rt_cmsis.o(i.osMailCAlloc), (48 bytes).
    Removing rt_cmsis.o(i.osMailCreate), (44 bytes).
    Removing rt_cmsis.o(i.osMailFree), (28 bytes).
    Removing rt_cmsis.o(i.osMailGet), (22 bytes).
    Removing rt_cmsis.o(i.osMailPut), (20 bytes).
    Removing rt_cmsis.o(i.osMessageCreate), (44 bytes).
    Removing rt_cmsis.o(i.osMessagePut), (24 bytes).
    Removing rt_cmsis.o(i.osMutexCreate), (44 bytes).
    Removing rt_cmsis.o(i.osMutexDelete), (24 bytes).
    Removing rt_cmsis.o(i.osMutexRelease), (24 bytes).
    Removing rt_cmsis.o(i.osMutexWait), (24 bytes).
    Removing rt_cmsis.o(i.osPoolAlloc), (32 bytes).
    Removing rt_cmsis.o(i.osPoolCAlloc), (52 bytes).
    Removing rt_cmsis.o(i.osPoolCreate), (44 bytes).
    Removing rt_cmsis.o(i.osPoolFree), (32 bytes).
    Removing rt_cmsis.o(i.osSemaphoreCreate), (44 bytes).
    Removing rt_cmsis.o(i.osSemaphoreDelete), (24 bytes).
    Removing rt_cmsis.o(i.osSemaphoreRelease), (24 bytes).
    Removing rt_cmsis.o(i.osSemaphoreWait), (24 bytes).
    Removing rt_cmsis.o(i.osSignalClear), (24 bytes).
    Removing rt_cmsis.o(i.osSignalSet), (24 bytes).
    Removing rt_cmsis.o(i.osSignalWait), (24 bytes).
    Removing rt_cmsis.o(i.osThreadGetId), (24 bytes).
    Removing rt_cmsis.o(i.osThreadGetPriority), (24 bytes).
    Removing rt_cmsis.o(i.osThreadSetPriority), (24 bytes).
    Removing rt_cmsis.o(i.osThreadTerminate), (24 bytes).
    Removing rt_cmsis.o(i.osThreadYield), (24 bytes).
    Removing rt_cmsis.o(i.osTimerCreate), (44 bytes).
    Removing rt_cmsis.o(i.osTimerDelete), (24 bytes).
    Removing rt_cmsis.o(i.osTimerStart), (24 bytes).
    Removing rt_cmsis.o(i.osTimerStop), (24 bytes).
    Removing rt_cmsis.o(i.osWait), (4 bytes).
    Removing rt_cmsis.o(i.os_resume), (12 bytes).
    Removing rt_cmsis.o(i.os_suspend), (12 bytes).
    Removing rt_cmsis.o(i.rt_clr_box), (24 bytes).
    Removing rt_cmsis.o(i.rt_timer_remove), (60 bytes).
    Removing rt_cmsis.o(i.svcDelay), (18 bytes).
    Removing rt_cmsis.o(i.svcKernelRunning), (12 bytes).
    Removing rt_cmsis.o(i.svcKernelSysTick), (56 bytes).
    Removing rt_cmsis.o(i.svcMailCreate), (66 bytes).
    Removing rt_cmsis.o(i.svcMessagePut), (54 bytes).
    Removing rt_cmsis.o(i.svcMutexCreate), (28 bytes).
    Removing rt_cmsis.o(i.svcMutexDelete), (26 bytes).
    Removing rt_cmsis.o(i.svcMutexRelease), (34 bytes).
    Removing rt_cmsis.o(i.svcMutexWait), (58 bytes).
    Removing rt_cmsis.o(i.svcPoolCreate), (40 bytes).
    Removing rt_cmsis.o(i.svcSemaphoreCreate), (36 bytes).
    Removing rt_cmsis.o(i.svcSemaphoreDelete), (26 bytes).
    Removing rt_cmsis.o(i.svcSemaphoreRelease), (40 bytes).
    Removing rt_cmsis.o(i.svcSemaphoreWait), (50 bytes).
    Removing rt_cmsis.o(i.svcSignalClear), (36 bytes).
    Removing rt_cmsis.o(i.svcSignalSet), (36 bytes).
    Removing rt_cmsis.o(i.svcSignalWait), (84 bytes).
    Removing rt_cmsis.o(i.svcThreadGetPriority), (18 bytes).
    Removing rt_cmsis.o(i.svcThreadSetPriority), (46 bytes).
    Removing rt_cmsis.o(i.svcThreadYield), (10 bytes).
    Removing rt_cmsis.o(i.svcTimerCreate), (56 bytes).
    Removing rt_cmsis.o(i.svcTimerDelete), (40 bytes).
    Removing rt_cmsis.o(i.svcTimerStart), (100 bytes).
    Removing rt_cmsis.o(i.svcTimerStop), (36 bytes).
    Removing rt_cmsis.o(i.sysMailAlloc), (88 bytes).
    Removing rt_cmsis.o(i.sysMailFree), (96 bytes).
    Removing rt_cmsis.o(i.sysPoolAlloc), (10 bytes).
    Removing rt_cmsis.o(i.sysPoolFree), (20 bytes).
    Removing rt_cmsis.o(i.sysUserTimerUpdate), (48 bytes).
    Removing rt_cmsis.o(i.sysUserTimerWakeupTime), (20 bytes).
    Removing rt_task.o(i.rt_tsk_pass), (48 bytes).
    Removing rt_mutex.o(i.rt_mut_delete), (176 bytes).
    Removing rt_mutex.o(i.rt_mut_init), (16 bytes).
    Removing rt_system.o(.emb_text), (0 bytes).
    Removing rt_system.o(i.os_tick_ovf), (16 bytes).
    Removing rt_system.o(i.os_tick_val), (20 bytes).
    Removing rt_system.o(i.rt_resume), (136 bytes).
    Removing rt_system.o(i.rt_suspend), (36 bytes).
    Removing rt_system.o(i.rt_tsk_lock), (80 bytes).
    Removing rt_system.o(i.rt_tsk_unlock), (80 bytes).
    Removing rt_event.o(i.isr_evt_set), (40 bytes).
    Removing rt_event.o(i.rt_evt_clr), (28 bytes).
    Removing rt_event.o(i.rt_evt_get), (12 bytes).
    Removing rt_event.o(i.rt_evt_set), (92 bytes).
    Removing rt_event.o(i.rt_evt_wait), (60 bytes).
    Removing rt_list.o(i.rt_get_same_rdy_prio), (36 bytes).
    Removing rt_mailbox.o(i.rt_mbx_send), (152 bytes).
    Removing rt_semaphore.o(i.isr_sem_send), (16 bytes).
    Removing rt_semaphore.o(i.rt_sem_delete), (92 bytes).
    Removing rt_semaphore.o(i.rt_sem_init), (12 bytes).
    Removing rt_semaphore.o(i.rt_sem_send), (42 bytes).
    Removing rt_semaphore.o(i.rt_sem_wait), (64 bytes).
    Removing rt_time.o(i.rt_dly_wait), (6 bytes).
    Removing rt_time.o(i.rt_itv_set), (24 bytes).
    Removing rt_time.o(i.rt_itv_wait), (40 bytes).
    Removing rt_time.o(i.rt_time_get), (12 bytes).
    Removing rt_membox.o(i._calloc_box), (30 bytes).

113 unused section(s) (total 4458 bytes) removed from the image.

==============================================================================

Image Symbol Table

    Local Symbols

    Symbol Name                              Value     Ov Type        Size  Object(Section)

    RESET                                    0x00000000   Section      620  startup_tm4c123.o(RESET)
    ../clib/angel/boardlib.s                 0x00000000   Number         0  boardinit2.o ABSOLUTE
    ../clib/angel/boardlib.s                 0x00000000   Number         0  boardshut.o ABSOLUTE
    ../clib/angel/boardlib.s                 0x00000000   Number         0  boardinit1.o ABSOLUTE
    ../clib/angel/handlers.s                 0x00000000   Number         0  __scatter_copy.o ABSOLUTE
    ../clib/angel/handlers.s                 0x00000000   Number         0  __scatter_zi.o ABSOLUTE
    ../clib/angel/kernel.s                   0x00000000   Number         0  __rtentry4.o ABSOLUTE
    ../clib/angel/kernel.s                   0x00000000   Number         0  rtexit2.o ABSOLUTE
    ../clib/angel/kernel.s                   0x00000000   Number         0  __rtentry.o ABSOLUTE
    ../clib/angel/kernel.s                   0x00000000   Number         0  rtexit.o ABSOLUTE
    ../clib/angel/kernel.s                   0x00000000   Number         0  __rtentry2.o ABSOLUTE
    ../clib/angel/rt.s                       0x00000000   Number         0  rt_raise.o ABSOLUTE
    ../clib/angel/rt.s                       0x00000000   Number         0  aeabi_ldiv0.o ABSOLUTE
    ../clib/angel/rt.s                       0x00000000   Number         0  aeabi_ldiv0_sigfpe.o ABSOLUTE
    ../clib/angel/rt.s                       0x00000000   Number         0  rt_div0.o ABSOLUTE
    ../clib/angel/scatter.s                  0x00000000   Number         0  __scatter.o ABSOLUTE
    ../clib/angel/startup.s                  0x00000000   Number         0  __main.o ABSOLUTE
    ../clib/angel/sys.s                      0x00000000   Number         0  use_no_semi.o ABSOLUTE
    ../clib/angel/sys.s                      0x00000000   Number         0  sys_stackheap_outer.o ABSOLUTE
    ../clib/angel/sys.s                      0x00000000   Number         0  libspace.o ABSOLUTE
    ../clib/angel/sys.s                      0x00000000   Number         0  indicate_semi.o ABSOLUTE
    ../clib/angel/sysapp.c                   0x00000000   Number         0  sys_exit.o ABSOLUTE
    ../clib/angel/sysapp.c                   0x00000000   Number         0  sys_wrch.o ABSOLUTE
    ../clib/angel/sysapp.c                   0x00000000   Number         0  sys_command.o ABSOLUTE
    ../clib/armsys.c                         0x00000000   Number         0  no_argv.o ABSOLUTE
    ../clib/armsys.c                         0x00000000   Number         0  _get_argv_nomalloc.o ABSOLUTE
    ../clib/armsys.c                         0x00000000   Number         0  argv_veneer.o ABSOLUTE
    ../clib/armsys.c                         0x00000000   Number         0  argv_veneer.o ABSOLUTE
    ../clib/heapalloc.c                      0x00000000   Number         0  hrguard.o ABSOLUTE
    ../clib/heapaux.c                        0x00000000   Number         0  heapauxi.o ABSOLUTE
    ../clib/libinit.s                        0x00000000   Number         0  libshutdown.o ABSOLUTE
    ../clib/libinit.s                        0x00000000   Number         0  libinit.o ABSOLUTE
    ../clib/libinit.s                        0x00000000   Number         0  libinit2.o ABSOLUTE
    ../clib/libinit.s                        0x00000000   Number         0  libshutdown2.o ABSOLUTE
    ../clib/longlong.s                       0x00000000   Number         0  lludivv7m.o ABSOLUTE
    ../clib/signal.c                         0x00000000   Number         0  defsig_pvfn_inner.o ABSOLUTE
    ../clib/signal.c                         0x00000000   Number         0  defsig_fpe_formal.o ABSOLUTE
    ../clib/signal.c                         0x00000000   Number         0  defsig_other.o ABSOLUTE
    ../clib/signal.c                         0x00000000   Number         0  defsig_segv_inner.o ABSOLUTE
    ../clib/signal.c                         0x00000000   Number         0  defsig_cppl_inner.o ABSOLUTE
    ../clib/signal.c                         0x00000000   Number         0  defsig_stak_inner.o ABSOLUTE
    ../clib/signal.c                         0x00000000   Number         0  defsig_rtmem_outer.o ABSOLUTE
    ../clib/signal.c                         0x00000000   Number         0  defsig_rtmem_inner.o ABSOLUTE
    ../clib/signal.c                         0x00000000   Number         0  defsig_rtred_inner.o ABSOLUTE
    ../clib/signal.c                         0x00000000   Number         0  __raise.o ABSOLUTE
    ../clib/signal.c                         0x00000000   Number         0  defsig_general.o ABSOLUTE
    ../clib/signal.c                         0x00000000   Number         0  defsig_abrt_inner.o ABSOLUTE
    ../clib/signal.c                         0x00000000   Number         0  defsig_fpe_outer.o ABSOLUTE
    ../clib/signal.c                         0x00000000   Number         0  defsig_exit.o ABSOLUTE
    ../clib/signal.c                         0x00000000   Number         0  defsig_fpe_inner.o ABSOLUTE
    ../clib/signal.c                         0x00000000   Number         0  defsig_rtmem_formal.o ABSOLUTE
    ../clib/signal.s                         0x00000000   Number         0  defsig.o ABSOLUTE
    ../clib/stdlib.c                         0x00000000   Number         0  exit.o ABSOLUTE
    ../fplib/fpinit.s                        0x00000000   Number         0  fpinit.o ABSOLUTE
    ..\HAL_CM.c                              0x00000000   Number         0  hal_cm.o ABSOLUTE
    ..\\rt_CMSIS.c                           0x00000000   Number         0  rt_cmsis.o ABSOLUTE
    ..\\rt_System.c                          0x00000000   Number         0  rt_system.o ABSOLUTE
    ..\rt_CMSIS.c                            0x00000000   Number         0  rt_cmsis.o ABSOLUTE
    ..\rt_Event.c                            0x00000000   Number         0  rt_event.o ABSOLUTE
    ..\rt_List.c                             0x00000000   Number         0  rt_list.o ABSOLUTE
    ..\rt_Mailbox.c                          0x00000000   Number         0  rt_mailbox.o ABSOLUTE
    ..\rt_MemBox.c                           0x00000000   Number         0  rt_membox.o ABSOLUTE
    ..\rt_Memory.c                           0x00000000   Number         0  rt_memory.o ABSOLUTE
    ..\rt_Mutex.c                            0x00000000   Number         0  rt_mutex.o ABSOLUTE
    ..\rt_Robin.c                            0x00000000   Number         0  rt_robin.o ABSOLUTE
    ..\rt_Semaphore.c                        0x00000000   Number         0  rt_semaphore.o ABSOLUTE
    ..\rt_System.c                           0x00000000   Number         0  rt_system.o ABSOLUTE
    ..\rt_Task.c                             0x00000000   Number         0  rt_task.o ABSOLUTE
    ..\rt_Time.c                             0x00000000   Number         0  rt_time.o ABSOLUTE
    HAL_CM4.c                                0x00000000   Number         0  hal_cm4.o ABSOLUTE
    HAL_CM4.c                                0x00000000   Number         0  hal_cm4.o ABSOLUTE
    RTE\CMSIS\RTX_Conf_CM.c                  0x00000000   Number         0  rtx_conf_cm.o ABSOLUTE
    RTE\Device\TM4C123GH6PM\startup_TM4C123.s 0x00000000   Number         0  startup_tm4c123.o ABSOLUTE
    RTE\Device\TM4C123GH6PM\system_TM4C123.c 0x00000000   Number         0  system_tm4c123.o ABSOLUTE
    RTE\\CMSIS\\RTX_Conf_CM.c                0x00000000   Number         0  rtx_conf_cm.o ABSOLUTE
    RTE\\Device\\TM4C123GH6PM\\system_TM4C123.c 0x00000000   Number         0  system_tm4c123.o ABSOLUTE
    SVC_Table.s                              0x00000000   Number         0  svc_table.o ABSOLUTE
    dc.s                                     0x00000000   Number         0  dc.o ABSOLUTE
    main.c                                   0x00000000   Number         0  main.o ABSOLUTE
    main.c                                   0x00000000   Number         0  main.o ABSOLUTE
    !!!main                                  0x0000026c   Section        8  __main.o(!!!main)
    !!!scatter                               0x00000274   Section       52  __scatter.o(!!!scatter)
    !!handler_copy                           0x000002a8   Section       26  __scatter_copy.o(!!handler_copy)
    !!handler_zi                             0x000002c4   Section       28  __scatter_zi.o(!!handler_zi)
    .ARM.Collect$$libinit$$00000000          0x000002e0   Section        2  libinit.o(.ARM.Collect$$libinit$$00000000)
    .ARM.Collect$$libinit$$00000001          0x000002e2   Section        4  libinit2.o(.ARM.Collect$$libinit$$00000001)
    .ARM.Collect$$libinit$$00000004          0x000002e6   Section        0  libinit2.o(.ARM.Collect$$libinit$$00000004)
    .ARM.Collect$$libinit$$0000000A          0x000002e6   Section        0  libinit2.o(.ARM.Collect$$libinit$$0000000A)
    .ARM.Collect$$libinit$$0000000C          0x000002e6   Section        0  libinit2.o(.ARM.Collect$$libinit$$0000000C)
    .ARM.Collect$$libinit$$0000000E          0x000002e6   Section        0  libinit2.o(.ARM.Collect$$libinit$$0000000E)
    .ARM.Collect$$libinit$$00000011          0x000002e6   Section        0  libinit2.o(.ARM.Collect$$libinit$$00000011)
    .ARM.Collect$$libinit$$00000013          0x000002e6   Section        0  libinit2.o(.ARM.Collect$$libinit$$00000013)
    .ARM.Collect$$libinit$$00000015          0x000002e6   Section        0  libinit2.o(.ARM.Collect$$libinit$$00000015)
    .ARM.Collect$$libinit$$00000017          0x000002e6   Section        0  libinit2.o(.ARM.Collect$$libinit$$00000017)
    .ARM.Collect$$libinit$$00000019          0x000002e6   Section        0  libinit2.o(.ARM.Collect$$libinit$$00000019)
    .ARM.Collect$$libinit$$0000001B          0x000002e6   Section        0  libinit2.o(.ARM.Collect$$libinit$$0000001B)
    .ARM.Collect$$libinit$$0000001D          0x000002e6   Section        0  libinit2.o(.ARM.Collect$$libinit$$0000001D)
    .ARM.Collect$$libinit$$0000001F          0x000002e6   Section        0  libinit2.o(.ARM.Collect$$libinit$$0000001F)
    .ARM.Collect$$libinit$$00000021          0x000002e6   Section        0  libinit2.o(.ARM.Collect$$libinit$$00000021)
    .ARM.Collect$$libinit$$00000023          0x000002e6   Section        0  libinit2.o(.ARM.Collect$$libinit$$00000023)
    .ARM.Collect$$libinit$$00000025          0x000002e6   Section        0  libinit2.o(.ARM.Collect$$libinit$$00000025)
    .ARM.Collect$$libinit$$0000002C          0x000002e6   Section        0  libinit2.o(.ARM.Collect$$libinit$$0000002C)
    .ARM.Collect$$libinit$$0000002E          0x000002e6   Section        0  libinit2.o(.ARM.Collect$$libinit$$0000002E)
    .ARM.Collect$$libinit$$00000030          0x000002e6   Section        0  libinit2.o(.ARM.Collect$$libinit$$00000030)
    .ARM.Collect$$libinit$$00000032          0x000002e6   Section        0  libinit2.o(.ARM.Collect$$libinit$$00000032)
    .ARM.Collect$$libinit$$00000033          0x000002e6   Section        2  libinit2.o(.ARM.Collect$$libinit$$00000033)
    .ARM.Collect$$libshutdown$$00000000      0x000002e8   Section        2  libshutdown.o(.ARM.Collect$$libshutdown$$00000000)
    .ARM.Collect$$libshutdown$$00000002      0x000002ea   Section        0  libshutdown2.o(.ARM.Collect$$libshutdown$$00000002)
    .ARM.Collect$$libshutdown$$00000004      0x000002ea   Section        0  libshutdown2.o(.ARM.Collect$$libshutdown$$00000004)
    .ARM.Collect$$libshutdown$$00000007      0x000002ea   Section        0  libshutdown2.o(.ARM.Collect$$libshutdown$$00000007)
    .ARM.Collect$$libshutdown$$0000000A      0x000002ea   Section        0  libshutdown2.o(.ARM.Collect$$libshutdown$$0000000A)
    .ARM.Collect$$libshutdown$$0000000C      0x000002ea   Section        0  libshutdown2.o(.ARM.Collect$$libshutdown$$0000000C)
    .ARM.Collect$$libshutdown$$0000000F      0x000002ea   Section        0  libshutdown2.o(.ARM.Collect$$libshutdown$$0000000F)
    .ARM.Collect$$libshutdown$$00000010      0x000002ea   Section        2  libshutdown2.o(.ARM.Collect$$libshutdown$$00000010)
    .ARM.Collect$$rtentry$$00000000          0x000002ec   Section        0  __rtentry.o(.ARM.Collect$$rtentry$$00000000)
    .ARM.Collect$$rtentry$$00000002          0x000002ec   Section        0  __rtentry2.o(.ARM.Collect$$rtentry$$00000002)
    .ARM.Collect$$rtentry$$00000004          0x000002ec   Section        6  __rtentry4.o(.ARM.Collect$$rtentry$$00000004)
    .ARM.Collect$$rtentry$$00000009          0x000002f2   Section        0  __rtentry2.o(.ARM.Collect$$rtentry$$00000009)
    .ARM.Collect$$rtentry$$0000000A          0x000002f2   Section        4  __rtentry2.o(.ARM.Collect$$rtentry$$0000000A)
    .ARM.Collect$$rtentry$$0000000B          0x000002f6   Section        8  __rtentry2.o(.ARM.Collect$$rtentry$$0000000B)
    .ARM.Collect$$rtentry$$0000000D          0x000002fe   Section        8  __rtentry2.o(.ARM.Collect$$rtentry$$0000000D)
    .ARM.Collect$$rtexit$$00000000           0x00000306   Section        2  rtexit.o(.ARM.Collect$$rtexit$$00000000)
    .ARM.Collect$$rtexit$$00000002           0x00000308   Section        0  rtexit2.o(.ARM.Collect$$rtexit$$00000002)
    .ARM.Collect$$rtexit$$00000003           0x00000308   Section        4  rtexit2.o(.ARM.Collect$$rtexit$$00000003)
    .ARM.Collect$$rtexit$$00000004           0x0000030c   Section        6  rtexit2.o(.ARM.Collect$$rtexit$$00000004)
    .emb_text                                0x00000314   Section       28  rtx_conf_cm.o(.emb_text)
    $v0                                      0x00000314   Number         0  rtx_conf_cm.o(.emb_text)
    .emb_text                                0x00000330   Section      408  hal_cm4.o(.emb_text)
    $v0                                      0x00000330   Number         0  hal_cm4.o(.emb_text)
    .text                                    0x000004c8   Section      276  startup_tm4c123.o(.text)
    $v0                                      0x000004c8   Number         0  startup_tm4c123.o(.text)
    .text                                    0x000005dc   Section        8  libspace.o(.text)
    .text                                    0x000005e4   Section        0  exit.o(.text)
    .text                                    0x000005f6   Section        0  heapauxi.o(.text)
    .text                                    0x000005fc   Section        0  sys_exit.o(.text)
    .text                                    0x00000608   Section       74  sys_stackheap_outer.o(.text)
    .text                                    0x00000652   Section        2  use_no_semi.o(.text)
    .text                                    0x00000654   Section        0  indicate_semi.o(.text)
    SVC_TABLE                                0x00000654   Section        4  svc_table.o(SVC_TABLE)
    i.SystemInit                             0x00000658   Section        0  system_tm4c123.o(i.SystemInit)
    i._init_box                              0x000006f0   Section        0  rt_membox.o(i._init_box)
    i._mutex_acquire                         0x00000738   Section        0  rtx_conf_cm.o(i._mutex_acquire)
    __tagsym$$used                           0x00000739   Number         0  rtx_conf_cm.o(i._mutex_acquire)
    i._mutex_release                         0x00000758   Section        0  rtx_conf_cm.o(i._mutex_release)
    __tagsym$$used                           0x00000759   Number         0  rtx_conf_cm.o(i._mutex_release)
    i.dbg_init                               0x00000774   Section        0  hal_cm.o(i.dbg_init)
    i.dbg_task_notify                        0x000007a4   Section        0  hal_cm.o(i.dbg_task_notify)
    i.dbg_task_switch                        0x000007c4   Section        0  hal_cm.o(i.dbg_task_switch)
    i.isrMessageGet                          0x000007d4   Section        0  rt_cmsis.o(i.isrMessageGet)
    i.isrMessagePut                          0x000007fe   Section        0  rt_cmsis.o(i.isrMessagePut)
    i.isr_mbx_receive                        0x0000082c   Section        0  rt_mailbox.o(i.isr_mbx_receive)
    i.isr_mbx_send                           0x00000882   Section        0  rt_mailbox.o(i.isr_mbx_send)
    i.main                                   0x00000890   Section        0  main.o(i.main)
    i.osKernelInitialize                     0x000008b8   Section        0  rt_cmsis.o(i.osKernelInitialize)
    i.osKernelStart                          0x000008dc   Section        0  rt_cmsis.o(i.osKernelStart)
    i.osMessageGet                           0x00000948   Section        0  rt_cmsis.o(i.osMessageGet)
    i.osThreadCreate                         0x00000960   Section        0  rt_cmsis.o(i.osThreadCreate)
    i.osThreadExit                           0x0000098c   Section        0  rt_cmsis.o(i.osThreadExit)
    i.osTimerCall                            0x000009a4   Section        0  rt_cmsis.o(i.osTimerCall)
    i.osTimerThread                          0x000009b0   Section        0  rt_cmsis.o(i.osTimerThread)
    i.os_error                               0x000009dc   Section        0  rtx_conf_cm.o(i.os_error)
    i.os_idle_demon                          0x000009fe   Section        0  rtx_conf_cm.o(i.os_idle_demon)
    i.os_tick_init                           0x00000a04   Section        0  rt_system.o(i.os_tick_init)
    i.os_tick_irqack                         0x00000a2c   Section        0  rt_system.o(i.os_tick_irqack)
    i.rt_alloc_box                           0x00000a2e   Section        0  rt_membox.o(i.rt_alloc_box)
    i.rt_alloc_mem                           0x00000a48   Section        0  rt_memory.o(i.rt_alloc_mem)
    i.rt_block                               0x00000a88   Section        0  rt_task.o(i.rt_block)
    i.rt_chk_robin                           0x00000ac0   Section        0  rt_robin.o(i.rt_chk_robin)
    i.rt_dec_dly                             0x00000b08   Section        0  rt_list.o(i.rt_dec_dly)
    i.rt_dispatch                            0x00000b78   Section        0  rt_task.o(i.rt_dispatch)
    i.rt_evt_psh                             0x00000bbc   Section        0  rt_event.o(i.rt_evt_psh)
    i.rt_free_box                            0x00000c0c   Section        0  rt_membox.o(i.rt_free_box)
    i.rt_free_mem                            0x00000c38   Section        0  rt_memory.o(i.rt_free_mem)
    i.rt_get_first                           0x00000c60   Section        0  rt_list.o(i.rt_get_first)
    i.rt_id2obj                              0x00000c88   Section        0  rt_cmsis.o(i.rt_id2obj)
    rt_id2obj                                0x00000c89   Thumb Code     8  rt_cmsis.o(i.rt_id2obj)
    i.rt_init_context                        0x00000c90   Section        0  rt_task.o(i.rt_init_context)
    rt_init_context                          0x00000c91   Thumb Code    66  rt_task.o(i.rt_init_context)
    i.rt_init_mem                            0x00000cd8   Section        0  rt_memory.o(i.rt_init_mem)
    i.rt_init_robin                          0x00000cf4   Section        0  rt_robin.o(i.rt_init_robin)
    i.rt_init_stack                          0x00000d0c   Section        0  hal_cm.o(i.rt_init_stack)
    i.rt_mbx_check                           0x00000d8c   Section        0  rt_mailbox.o(i.rt_mbx_check)
    i.rt_mbx_init                            0x00000d94   Section        0  rt_mailbox.o(i.rt_mbx_init)
    i.rt_mbx_psh                             0x00000db0   Section        0  rt_mailbox.o(i.rt_mbx_psh)
    i.rt_mbx_wait                            0x00000ea0   Section        0  rt_mailbox.o(i.rt_mbx_wait)
    i.rt_ms2tick                             0x00000f54   Section        0  rt_cmsis.o(i.rt_ms2tick)
    rt_ms2tick                               0x00000f55   Thumb Code    58  rt_cmsis.o(i.rt_ms2tick)
    i.rt_mut_release                         0x00000f98   Section        0  rt_mutex.o(i.rt_mut_release)
    i.rt_mut_wait                            0x00001070   Section        0  rt_mutex.o(i.rt_mut_wait)
    i.rt_pop_req                             0x000010e8   Section        0  rt_system.o(i.rt_pop_req)
    i.rt_psh_req                             0x00001164   Section        0  rt_system.o(i.rt_psh_req)
    i.rt_psq_enq                             0x00001184   Section        0  rt_list.o(i.rt_psq_enq)
    i.rt_put_dly                             0x000011e0   Section        0  rt_list.o(i.rt_put_dly)
    i.rt_put_prio                            0x00001228   Section        0  rt_list.o(i.rt_put_prio)
    i.rt_put_rdy_first                       0x00001260   Section        0  rt_list.o(i.rt_put_rdy_first)
    i.rt_resort_prio                         0x00001274   Section        0  rt_list.o(i.rt_resort_prio)
    i.rt_ret_regs                            0x000012a8   Section        0  hal_cm.o(i.rt_ret_regs)
    rt_ret_regs                              0x000012a9   Thumb Code    16  hal_cm.o(i.rt_ret_regs)
    i.rt_ret_val                             0x000012b8   Section        0  hal_cm.o(i.rt_ret_val)
    i.rt_ret_val2                            0x000012c4   Section        0  hal_cm.o(i.rt_ret_val2)
    i.rt_rmv_dly                             0x000012d4   Section        0  rt_list.o(i.rt_rmv_dly)
    i.rt_rmv_list                            0x000012fc   Section        0  rt_list.o(i.rt_rmv_list)
    i.rt_sem_psh                             0x0000132c   Section        0  rt_semaphore.o(i.rt_sem_psh)
    i.rt_stk_check                           0x00001360   Section        0  rt_system.o(i.rt_stk_check)
    i.rt_switch_req                          0x00001384   Section        0  rt_task.o(i.rt_switch_req)
    i.rt_sys_init                            0x000013ac   Section        0  rt_task.o(i.rt_sys_init)
    i.rt_sys_start                           0x00001478   Section        0  rt_task.o(i.rt_sys_start)
    i.rt_systick                             0x000014f0   Section        0  rt_system.o(i.rt_systick)
    i.rt_tid2ptcb                            0x00001530   Section        0  rt_cmsis.o(i.rt_tid2ptcb)
    rt_tid2ptcb                              0x00001531   Thumb Code    18  rt_cmsis.o(i.rt_tid2ptcb)
    i.rt_timer_insert                        0x00001544   Section        0  rt_cmsis.o(i.rt_timer_insert)
    rt_timer_insert                          0x00001545   Thumb Code    48  rt_cmsis.o(i.rt_timer_insert)
    i.rt_tsk_create                          0x00001578   Section        0  rt_task.o(i.rt_tsk_create)
    i.rt_tsk_delete                          0x00001600   Section        0  rt_task.o(i.rt_tsk_delete)
    i.rt_tsk_prio                            0x0000177c   Section        0  rt_task.o(i.rt_tsk_prio)
    i.rt_tsk_self                            0x000017f8   Section        0  rt_task.o(i.rt_tsk_self)
    i.svcKernelInitialize                    0x00001808   Section        0  rt_cmsis.o(i.svcKernelInitialize)
    i.svcKernelStart                         0x00001878   Section        0  rt_cmsis.o(i.svcKernelStart)
    i.svcMessageCreate                       0x000018c0   Section        0  rt_cmsis.o(i.svcMessageCreate)
    i.svcMessageGet                          0x000018e4   Section        0  rt_cmsis.o(i.svcMessageGet)
    i.svcThreadCreate                        0x00001920   Section        0  rt_cmsis.o(i.svcThreadCreate)
    i.svcThreadGetId                         0x0000198c   Section        0  rt_cmsis.o(i.svcThreadGetId)
    i.svcThreadTerminate                     0x000019a8   Section        0  rt_cmsis.o(i.svcThreadTerminate)
    i.svcTimerCall                           0x000019e0   Section        0  rt_cmsis.o(i.svcTimerCall)
    i.sysTimerTick                           0x000019f8   Section        0  rt_cmsis.o(i.sysTimerTick)
    i.thread_1                               0x00001a54   Section        0  main.o(i.thread_1)
    i.thread_2                               0x00001a68   Section        0  main.o(i.thread_2)
    i.thread_3                               0x00001a7c   Section        0  main.o(i.thread_3)
    x$fpl$fpinit                             0x00001a90   Section       10  fpinit.o(x$fpl$fpinit)
    $v0                                      0x00001a90   Number         0  fpinit.o(x$fpl$fpinit)
    .constdata                               0x00001a9c   Section       48  main.o(.constdata)
    .constdata                               0x00001acc   Section      104  rtx_conf_cm.o(.constdata)
    __tagsym$$used                           0x00001ae8   Number         0  rtx_conf_cm.o(.constdata)
    __tagsym$$used                           0x00001aec   Number         0  rtx_conf_cm.o(.constdata)
    __tagsym$$used                           0x00001af0   Number         0  rtx_conf_cm.o(.constdata)
    __tagsym$$used                           0x00001af4   Number         0  rtx_conf_cm.o(.constdata)
    .data                                    0x20000000   Section       12  main.o(.data)
    .data                                    0x2000000c   Section       20  rtx_conf_cm.o(.data)
    nr_mutex                                 0x2000001c   Data           4  rtx_conf_cm.o(.data)
    .data                                    0x20000020   Section        8  rt_cmsis.o(.data)
    .data                                    0x20000028   Section        8  rt_task.o(.data)
    .data                                    0x20000030   Section        8  rt_system.o(.data)
    os_lock                                  0x20000030   Data           1  rt_system.o(.data)
    os_psh_flag                              0x20000031   Data           1  rt_system.o(.data)
    pend_flags                               0x20000032   Data           1  rt_system.o(.data)
    .data                                    0x20000038   Section        4  rt_time.o(.data)
    .data                                    0x2000003c   Section        8  rt_robin.o(.data)
    .data                                    0x20000044   Section        1  hal_cm.o(.data)
    .bss                                     0x20000048   Section     3016  rtx_conf_cm.o(.bss)
    std_libspace                             0x200008f0   Data         672  rtx_conf_cm.o(.bss)
    std_libmutex                             0x20000b90   Data         128  rtx_conf_cm.o(.bss)
    .bss                                     0x20000c10   Section       52  rt_task.o(.bss)
    .bss                                     0x20000c44   Section       48  rt_list.o(.bss)
    .bss                                     0x20000c74   Section       96  libspace.o(.bss)
    HEAP                                     0x20000cd8   Section        0  startup_tm4c123.o(HEAP)
    STACK                                    0x20000cd8   Section      512  startup_tm4c123.o(STACK)
    Heap_Mem                                 0x20000cd8   Data           0  startup_tm4c123.o(HEAP)
    Stack_Mem                                0x20000cd8   Data         512  startup_tm4c123.o(STACK)
    __initial_sp                             0x20000ed8   Data           0  startup_tm4c123.o(STACK)

    Global Symbols

    Symbol Name                              Value     Ov Type        Size  Object(Section)

    BuildAttributes$$THM_ISAv4$E$P$D$K$B$S$7EM$VFPi3$EXTD16$VFPS$VFMA$PE$A:L22UL41UL21$X:L11$S22US41US21$IEEE1$IW$USESV6$~STKCKD$USESV7$~SHL$OSPACE$ROPI$EBA8$UX$STANDARDLIB$REQ8$PRES8$EABIv2 0x00000000   Number         0  anon$$obj.o ABSOLUTE
    __ARM_use_no_argv                        0x00000000   Number         0  main.o ABSOLUTE
    __Vectors                                0x00000000   Data           4  startup_tm4c123.o(RESET)
    __ARM_exceptions_init                     - Undefined Weak Reference
    __alloca_initialize                       - Undefined Weak Reference
    __arm_preinit_                            - Undefined Weak Reference
    __cpp_initialize__aeabi_                  - Undefined Weak Reference
    __cxa_finalize                            - Undefined Weak Reference
    __rt_locale                               - Undefined Weak Reference
    __sigvec_lookup                           - Undefined Weak Reference
    _atexit_init                              - Undefined Weak Reference
    _call_atexit_fns                          - Undefined Weak Reference
    _clock_init                               - Undefined Weak Reference
    _fp_trap_init                             - Undefined Weak Reference
    _fp_trap_shutdown                         - Undefined Weak Reference
    _get_lc_collate                           - Undefined Weak Reference
    _get_lc_ctype                             - Undefined Weak Reference
    _get_lc_monetary                          - Undefined Weak Reference
    _get_lc_numeric                           - Undefined Weak Reference
    _get_lc_time                              - Undefined Weak Reference
    _getenv_init                              - Undefined Weak Reference
    _handle_redirection                       - Undefined Weak Reference
    _init_alloc                               - Undefined Weak Reference
    _init_user_alloc                          - Undefined Weak Reference
    _initio                                   - Undefined Weak Reference
    _rand_init                                - Undefined Weak Reference
    _signal_finish                            - Undefined Weak Reference
    _signal_init                              - Undefined Weak Reference
    _terminate_alloc                          - Undefined Weak Reference
    _terminate_user_alloc                     - Undefined Weak Reference
    _terminateio                              - Undefined Weak Reference
    __Vectors_End                            0x0000026c   Data           0  startup_tm4c123.o(RESET)
    __Vectors_Size                           0x0000026c   Number         0  startup_tm4c123.o ABSOLUTE
    __main                                   0x0000026d   Thumb Code     8  __main.o(!!!main)
    __scatterload                            0x00000275   Thumb Code     0  __scatter.o(!!!scatter)
    __scatterload_rt2                        0x00000275   Thumb Code    44  __scatter.o(!!!scatter)
    __scatterload_rt2_thumb_only             0x00000275   Thumb Code     0  __scatter.o(!!!scatter)
    __scatterload_null                       0x00000283   Thumb Code     0  __scatter.o(!!!scatter)
    __scatterload_copy                       0x000002a9   Thumb Code    26  __scatter_copy.o(!!handler_copy)
    __scatterload_zeroinit                   0x000002c5   Thumb Code    28  __scatter_zi.o(!!handler_zi)
    __rt_lib_init                            0x000002e1   Thumb Code     0  libinit.o(.ARM.Collect$$libinit$$00000000)
    __rt_lib_init_fp_1                       0x000002e3   Thumb Code     0  libinit2.o(.ARM.Collect$$libinit$$00000001)
    __rt_lib_init_alloca_1                   0x000002e7   Thumb Code     0  libinit2.o(.ARM.Collect$$libinit$$0000002E)
    __rt_lib_init_argv_1                     0x000002e7   Thumb Code     0  libinit2.o(.ARM.Collect$$libinit$$0000002C)
    __rt_lib_init_atexit_1                   0x000002e7   Thumb Code     0  libinit2.o(.ARM.Collect$$libinit$$0000001B)
    __rt_lib_init_clock_1                    0x000002e7   Thumb Code     0  libinit2.o(.ARM.Collect$$libinit$$00000021)
    __rt_lib_init_cpp_1                      0x000002e7   Thumb Code     0  libinit2.o(.ARM.Collect$$libinit$$00000032)
    __rt_lib_init_exceptions_1               0x000002e7   Thumb Code     0  libinit2.o(.ARM.Collect$$libinit$$00000030)
    __rt_lib_init_fp_trap_1                  0x000002e7   Thumb Code     0  libinit2.o(.ARM.Collect$$libinit$$0000001F)
    __rt_lib_init_getenv_1                   0x000002e7   Thumb Code     0  libinit2.o(.ARM.Collect$$libinit$$00000023)
    __rt_lib_init_heap_1                     0x000002e7   Thumb Code     0  libinit2.o(.ARM.Collect$$libinit$$0000000A)
    __rt_lib_init_lc_collate_1               0x000002e7   Thumb Code     0  libinit2.o(.ARM.Collect$$libinit$$00000011)
    __rt_lib_init_lc_ctype_1                 0x000002e7   Thumb Code     0  libinit2.o(.ARM.Collect$$libinit$$00000013)
    __rt_lib_init_lc_monetary_1              0x000002e7   Thumb Code     0  libinit2.o(.ARM.Collect$$libinit$$00000015)
    __rt_lib_init_lc_numeric_1               0x000002e7   Thumb Code     0  libinit2.o(.ARM.Collect$$libinit$$00000017)
    __rt_lib_init_lc_time_1                  0x000002e7   Thumb Code     0  libinit2.o(.ARM.Collect$$libinit$$00000019)
    __rt_lib_init_preinit_1                  0x000002e7   Thumb Code     0  libinit2.o(.ARM.Collect$$libinit$$00000004)
    __rt_lib_init_rand_1                     0x000002e7   Thumb Code     0  libinit2.o(.ARM.Collect$$libinit$$0000000E)
    __rt_lib_init_return                     0x000002e7   Thumb Code     0  libinit2.o(.ARM.Collect$$libinit$$00000033)
    __rt_lib_init_signal_1                   0x000002e7   Thumb Code     0  libinit2.o(.ARM.Collect$$libinit$$0000001D)
    __rt_lib_init_stdio_1                    0x000002e7   Thumb Code     0  libinit2.o(.ARM.Collect$$libinit$$00000025)
    __rt_lib_init_user_alloc_1               0x000002e7   Thumb Code     0  libinit2.o(.ARM.Collect$$libinit$$0000000C)
    __rt_lib_shutdown                        0x000002e9   Thumb Code     0  libshutdown.o(.ARM.Collect$$libshutdown$$00000000)
    __rt_lib_shutdown_cpp_1                  0x000002eb   Thumb Code     0  libshutdown2.o(.ARM.Collect$$libshutdown$$00000002)
    __rt_lib_shutdown_fp_trap_1              0x000002eb   Thumb Code     0  libshutdown2.o(.ARM.Collect$$libshutdown$$00000007)
    __rt_lib_shutdown_heap_1                 0x000002eb   Thumb Code     0  libshutdown2.o(.ARM.Collect$$libshutdown$$0000000F)
    __rt_lib_shutdown_return                 0x000002eb   Thumb Code     0  libshutdown2.o(.ARM.Collect$$libshutdown$$00000010)
    __rt_lib_shutdown_signal_1               0x000002eb   Thumb Code     0  libshutdown2.o(.ARM.Collect$$libshutdown$$0000000A)
    __rt_lib_shutdown_stdio_1                0x000002eb   Thumb Code     0  libshutdown2.o(.ARM.Collect$$libshutdown$$00000004)
    __rt_lib_shutdown_user_alloc_1           0x000002eb   Thumb Code     0  libshutdown2.o(.ARM.Collect$$libshutdown$$0000000C)
    __rt_entry                               0x000002ed   Thumb Code     0  __rtentry.o(.ARM.Collect$$rtentry$$00000000)
    __rt_entry_presh_1                       0x000002ed   Thumb Code     0  __rtentry2.o(.ARM.Collect$$rtentry$$00000002)
    __rt_entry_sh                            0x000002ed   Thumb Code     0  __rtentry4.o(.ARM.Collect$$rtentry$$00000004)
    __rt_entry_li                            0x000002f3   Thumb Code     0  __rtentry2.o(.ARM.Collect$$rtentry$$0000000A)
    __rt_entry_postsh_1                      0x000002f3   Thumb Code     0  __rtentry2.o(.ARM.Collect$$rtentry$$00000009)
    __rt_entry_postli_1                      0x000002f7   Thumb Code     0  __rtentry2.o(.ARM.Collect$$rtentry$$0000000B)
    __rt_entry_main                          0x000002ff   Thumb Code     0  __rtentry2.o(.ARM.Collect$$rtentry$$0000000D)
    __rt_exit                                0x00000307   Thumb Code     0  rtexit.o(.ARM.Collect$$rtexit$$00000000)
    __rt_exit_ls                             0x00000309   Thumb Code     0  rtexit2.o(.ARM.Collect$$rtexit$$00000003)
    __rt_exit_prels_1                        0x00000309   Thumb Code     0  rtexit2.o(.ARM.Collect$$rtexit$$00000002)
    __rt_exit_exit                           0x0000030d   Thumb Code     0  rtexit2.o(.ARM.Collect$$rtexit$$00000004)
    _platform_post_lib_init                  0x00000315   Thumb Code    24  rtx_conf_cm.o(.emb_text)
    rt_set_PSP                               0x00000331   Thumb Code     6  hal_cm4.o(.emb_text)
    rt_get_PSP                               0x00000337   Thumb Code     6  hal_cm4.o(.emb_text)
    os_set_env                               0x0000033d   Thumb Code    24  hal_cm4.o(.emb_text)
    _alloc_box                               0x00000359   Thumb Code    28  hal_cm4.o(.emb_text)
    _free_box                                0x00000379   Thumb Code    28  hal_cm4.o(.emb_text)
    SVC_Handler                              0x00000399   Thumb Code   168  hal_cm4.o(.emb_text)
    PendSV_Handler                           0x00000451   Thumb Code    96  hal_cm4.o(.emb_text)
    __RL_RTX_VER                             0x00000482   Number         0  rt_system.o ABSOLUTE
    SysTick_Handler                          0x000004b5   Thumb Code     8  hal_cm4.o(.emb_text)
    OS_Tick_Handler                          0x000004bd   Thumb Code    12  hal_cm4.o(.emb_text)
    Reset_Handler                            0x000004c9   Thumb Code     8  startup_tm4c123.o(.text)
    NMI_Handler                              0x000004d1   Thumb Code     2  startup_tm4c123.o(.text)
    HardFault_Handler                        0x000004d3   Thumb Code     2  startup_tm4c123.o(.text)
    MemManage_Handler                        0x000004d5   Thumb Code     2  startup_tm4c123.o(.text)
    BusFault_Handler                         0x000004d7   Thumb Code     2  startup_tm4c123.o(.text)
    UsageFault_Handler                       0x000004d9   Thumb Code     2  startup_tm4c123.o(.text)
    DebugMon_Handler                         0x000004dd   Thumb Code     2  startup_tm4c123.o(.text)
    GPIOA_Handler                            0x000004e3   Thumb Code     2  startup_tm4c123.o(.text)
    GPIOB_Handler                            0x000004e5   Thumb Code     2  startup_tm4c123.o(.text)
    GPIOC_Handler                            0x000004e7   Thumb Code     2  startup_tm4c123.o(.text)
    GPIOD_Handler                            0x000004e9   Thumb Code     2  startup_tm4c123.o(.text)
    GPIOE_Handler                            0x000004eb   Thumb Code     2  startup_tm4c123.o(.text)
    UART0_Handler                            0x000004ed   Thumb Code     2  startup_tm4c123.o(.text)
    UART1_Handler                            0x000004ef   Thumb Code     2  startup_tm4c123.o(.text)
    SSI0_Handler                             0x000004f1   Thumb Code     2  startup_tm4c123.o(.text)
    I2C0_Handler                             0x000004f3   Thumb Code     2  startup_tm4c123.o(.text)
    PMW0_FAULT_Handler                       0x000004f5   Thumb Code     2  startup_tm4c123.o(.text)
    PWM0_0_Handler                           0x000004f7   Thumb Code     2  startup_tm4c123.o(.text)
    PWM0_1_Handler                           0x000004f9   Thumb Code     2  startup_tm4c123.o(.text)
    PWM0_2_Handler                           0x000004fb   Thumb Code     2  startup_tm4c123.o(.text)
    QEI0_Handler                             0x000004fd   Thumb Code     2  startup_tm4c123.o(.text)
    ADC0SS0_Handler                          0x000004ff   Thumb Code     2  startup_tm4c123.o(.text)
    ADC0SS1_Handler                          0x00000501   Thumb Code     2  startup_tm4c123.o(.text)
    ADC0SS2_Handler                          0x00000503   Thumb Code     2  startup_tm4c123.o(.text)
    ADC0SS3_Handler                          0x00000505   Thumb Code     2  startup_tm4c123.o(.text)
    WDT0_Handler                             0x00000507   Thumb Code     2  startup_tm4c123.o(.text)
    TIMER0A_Handler                          0x00000509   Thumb Code     2  startup_tm4c123.o(.text)
    TIMER0B_Handler                          0x0000050b   Thumb Code     2  startup_tm4c123.o(.text)
    TIMER1A_Handler                          0x0000050d   Thumb Code     2  startup_tm4c123.o(.text)
    TIMER1B_Handler                          0x0000050f   Thumb Code     2  startup_tm4c123.o(.text)
    TIMER2A_Handler                          0x00000511   Thumb Code     2  startup_tm4c123.o(.text)
    TIMER2B_Handler                          0x00000513   Thumb Code     2  startup_tm4c123.o(.text)
    COMP0_Handler                            0x00000515   Thumb Code     2  startup_tm4c123.o(.text)
    COMP1_Handler                            0x00000517   Thumb Code     2  startup_tm4c123.o(.text)
    COMP2_Handler                            0x00000519   Thumb Code     2  startup_tm4c123.o(.text)
    SYSCTL_Handler                           0x0000051b   Thumb Code     2  startup_tm4c123.o(.text)
    FLASH_Handler                            0x0000051d   Thumb Code     2  startup_tm4c123.o(.text)
    GPIOF_Handler                            0x0000051f   Thumb Code     2  startup_tm4c123.o(.text)
    GPIOG_Handler                            0x00000521   Thumb Code     2  startup_tm4c123.o(.text)
    GPIOH_Handler                            0x00000523   Thumb Code     2  startup_tm4c123.o(.text)
    UART2_Handler                            0x00000525   Thumb Code     2  startup_tm4c123.o(.text)
    SSI1_Handler                             0x00000527   Thumb Code     2  startup_tm4c123.o(.text)
    TIMER3A_Handler                          0x00000529   Thumb Code     2  startup_tm4c123.o(.text)
    TIMER3B_Handler                          0x0000052b   Thumb Code     2  startup_tm4c123.o(.text)
    I2C1_Handler                             0x0000052d   Thumb Code     2  startup_tm4c123.o(.text)
    QEI1_Handler                             0x0000052f   Thumb Code     2  startup_tm4c123.o(.text)
    CAN0_Handler                             0x00000531   Thumb Code     2  startup_tm4c123.o(.text)
    CAN1_Handler                             0x00000533   Thumb Code     2  startup_tm4c123.o(.text)
    CAN2_Handler                             0x00000535   Thumb Code     2  startup_tm4c123.o(.text)
    HIB_Handler                              0x00000537   Thumb Code     2  startup_tm4c123.o(.text)
    USB0_Handler                             0x00000539   Thumb Code     2  startup_tm4c123.o(.text)
    PWM0_3_Handler                           0x0000053b   Thumb Code     2  startup_tm4c123.o(.text)
    UDMA_Handler                             0x0000053d   Thumb Code     2  startup_tm4c123.o(.text)
    UDMAERR_Handler                          0x0000053f   Thumb Code     2  startup_tm4c123.o(.text)
    ADC1SS0_Handler                          0x00000541   Thumb Code     2  startup_tm4c123.o(.text)
    ADC1SS1_Handler                          0x00000543   Thumb Code     2  startup_tm4c123.o(.text)
    ADC1SS2_Handler                          0x00000545   Thumb Code     2  startup_tm4c123.o(.text)
    ADC1SS3_Handler                          0x00000547   Thumb Code     2  startup_tm4c123.o(.text)
    GPIOJ_Handler                            0x00000549   Thumb Code     2  startup_tm4c123.o(.text)
    GPIOK_Handler                            0x0000054b   Thumb Code     2  startup_tm4c123.o(.text)
    GPIOL_Handler                            0x0000054d   Thumb Code     2  startup_tm4c123.o(.text)
    SSI2_Handler                             0x0000054f   Thumb Code     2  startup_tm4c123.o(.text)
    SSI3_Handler                             0x00000551   Thumb Code     2  startup_tm4c123.o(.text)
    UART3_Handler                            0x00000553   Thumb Code     2  startup_tm4c123.o(.text)
    UART4_Handler                            0x00000555   Thumb Code     2  startup_tm4c123.o(.text)
    UART5_Handler                            0x00000557   Thumb Code     2  startup_tm4c123.o(.text)
    UART6_Handler                            0x00000559   Thumb Code     2  startup_tm4c123.o(.text)
    UART7_Handler                            0x0000055b   Thumb Code     2  startup_tm4c123.o(.text)
    I2C2_Handler                             0x0000055d   Thumb Code     2  startup_tm4c123.o(.text)
    I2C3_Handler                             0x0000055f   Thumb Code     2  startup_tm4c123.o(.text)
    TIMER4A_Handler                          0x00000561   Thumb Code     2  startup_tm4c123.o(.text)
    TIMER4B_Handler                          0x00000563   Thumb Code     2  startup_tm4c123.o(.text)
    TIMER5A_Handler                          0x00000565   Thumb Code     2  startup_tm4c123.o(.text)
    TIMER5B_Handler                          0x00000567   Thumb Code     2  startup_tm4c123.o(.text)
    WTIMER0A_Handler                         0x00000569   Thumb Code     2  startup_tm4c123.o(.text)
    WTIMER0B_Handler                         0x0000056b   Thumb Code     2  startup_tm4c123.o(.text)
    WTIMER1A_Handler                         0x0000056d   Thumb Code     2  startup_tm4c123.o(.text)
    WTIMER1B_Handler                         0x0000056f   Thumb Code     2  startup_tm4c123.o(.text)
    WTIMER2A_Handler                         0x00000571   Thumb Code     2  startup_tm4c123.o(.text)
    WTIMER2B_Handler                         0x00000573   Thumb Code     2  startup_tm4c123.o(.text)
    WTIMER3A_Handler                         0x00000575   Thumb Code     2  startup_tm4c123.o(.text)
    WTIMER3B_Handler                         0x00000577   Thumb Code     2  startup_tm4c123.o(.text)
    WTIMER4A_Handler                         0x00000579   Thumb Code     2  startup_tm4c123.o(.text)
    WTIMER4B_Handler                         0x0000057b   Thumb Code     2  startup_tm4c123.o(.text)
    WTIMER5A_Handler                         0x0000057d   Thumb Code     2  startup_tm4c123.o(.text)
    WTIMER5B_Handler                         0x0000057f   Thumb Code     2  startup_tm4c123.o(.text)
    FPU_Handler                              0x00000581   Thumb Code     2  startup_tm4c123.o(.text)
    I2C4_Handler                             0x00000583   Thumb Code     2  startup_tm4c123.o(.text)
    I2C5_Handler                             0x00000585   Thumb Code     2  startup_tm4c123.o(.text)
    GPIOM_Handler                            0x00000587   Thumb Code     2  startup_tm4c123.o(.text)
    GPION_Handler                            0x00000589   Thumb Code     2  startup_tm4c123.o(.text)
    QEI2_Handler                             0x0000058b   Thumb Code     2  startup_tm4c123.o(.text)
    GPIOP0_Handler                           0x0000058d   Thumb Code     2  startup_tm4c123.o(.text)
    GPIOP1_Handler                           0x0000058f   Thumb Code     2  startup_tm4c123.o(.text)
    GPIOP2_Handler                           0x00000591   Thumb Code     2  startup_tm4c123.o(.text)
    GPIOP3_Handler                           0x00000593   Thumb Code     2  startup_tm4c123.o(.text)
    GPIOP4_Handler                           0x00000595   Thumb Code     2  startup_tm4c123.o(.text)
    GPIOP5_Handler                           0x00000597   Thumb Code     2  startup_tm4c123.o(.text)
    GPIOP6_Handler                           0x00000599   Thumb Code     2  startup_tm4c123.o(.text)
    GPIOP7_Handler                           0x0000059b   Thumb Code     2  startup_tm4c123.o(.text)
    GPIOQ0_Handler                           0x0000059d   Thumb Code     2  startup_tm4c123.o(.text)
    GPIOQ1_Handler                           0x0000059f   Thumb Code     2  startup_tm4c123.o(.text)
    GPIOQ2_Handler                           0x000005a1   Thumb Code     2  startup_tm4c123.o(.text)
    GPIOQ3_Handler                           0x000005a3   Thumb Code     2  startup_tm4c123.o(.text)
    GPIOQ4_Handler                           0x000005a5   Thumb Code     2  startup_tm4c123.o(.text)
    GPIOQ5_Handler                           0x000005a7   Thumb Code     2  startup_tm4c123.o(.text)
    GPIOQ6_Handler                           0x000005a9   Thumb Code     2  startup_tm4c123.o(.text)
    GPIOQ7_Handler                           0x000005ab   Thumb Code     2  startup_tm4c123.o(.text)
    GPIOR_Handler                            0x000005ad   Thumb Code     2  startup_tm4c123.o(.text)
    GPIOS_Handler                            0x000005af   Thumb Code     2  startup_tm4c123.o(.text)
    PMW1_0_Handler                           0x000005b1   Thumb Code     2  startup_tm4c123.o(.text)
    PWM1_1_Handler                           0x000005b3   Thumb Code     2  startup_tm4c123.o(.text)
    PWM1_2_Handler                           0x000005b5   Thumb Code     2  startup_tm4c123.o(.text)
    PWM1_3_Handler                           0x000005b7   Thumb Code     2  startup_tm4c123.o(.text)
    PWM1_FAULT_Handler                       0x000005b9   Thumb Code     2  startup_tm4c123.o(.text)
    __user_initial_stackheap                 0x000005bd   Thumb Code     0  startup_tm4c123.o(.text)
    __user_libspace                          0x000005dd   Thumb Code     8  libspace.o(.text)
    __user_perproc_libspace                  0x000005dd   Thumb Code     0  libspace.o(.text)
    exit                                     0x000005e5   Thumb Code    18  exit.o(.text)
    __use_two_region_memory                  0x000005f7   Thumb Code     2  heapauxi.o(.text)
    __rt_heap_escrow$2region                 0x000005f9   Thumb Code     2  heapauxi.o(.text)
    __rt_heap_expand$2region                 0x000005fb   Thumb Code     2  heapauxi.o(.text)
    _sys_exit                                0x000005fd   Thumb Code     8  sys_exit.o(.text)
    __user_setup_stackheap                   0x00000609   Thumb Code    74  sys_stackheap_outer.o(.text)
    __I$use$semihosting                      0x00000653   Thumb Code     0  use_no_semi.o(.text)
    __use_no_semihosting_swi                 0x00000653   Thumb Code     2  use_no_semi.o(.text)
    SVC_Count                                0x00000654   Data           4  svc_table.o(SVC_TABLE)
    __semihosting_library_function           0x00000655   Thumb Code     0  indicate_semi.o(.text)
    SVC_Table                                0x00000658   Data           0  svc_table.o(SVC_TABLE)
    SystemInit                               0x00000659   Thumb Code   112  system_tm4c123.o(i.SystemInit)
    _init_box                                0x000006f1   Thumb Code    70  rt_membox.o(i._init_box)
    _mutex_acquire                           0x00000739   Thumb Code    22  rtx_conf_cm.o(i._mutex_acquire)
    _mutex_release                           0x00000759   Thumb Code    18  rtx_conf_cm.o(i._mutex_release)
    dbg_init                                 0x00000775   Thumb Code    34  hal_cm.o(i.dbg_init)
    dbg_task_notify                          0x000007a5   Thumb Code    32  hal_cm.o(i.dbg_task_notify)
    dbg_task_switch                          0x000007c5   Thumb Code    16  hal_cm.o(i.dbg_task_switch)
    isrMessageGet                            0x000007d5   Thumb Code    42  rt_cmsis.o(i.isrMessageGet)
    isrMessagePut                            0x000007ff   Thumb Code    44  rt_cmsis.o(i.isrMessagePut)
    isr_mbx_receive                          0x0000082d   Thumb Code    86  rt_mailbox.o(i.isr_mbx_receive)
    isr_mbx_send                             0x00000883   Thumb Code    14  rt_mailbox.o(i.isr_mbx_send)
    main                                     0x00000891   Thumb Code    28  main.o(i.main)
    osKernelInitialize                       0x000008b9   Thumb Code    30  rt_cmsis.o(i.osKernelInitialize)
    osKernelStart                            0x000008dd   Thumb Code    98  rt_cmsis.o(i.osKernelStart)
    osMessageGet                             0x00000949   Thumb Code    18  rt_cmsis.o(i.osMessageGet)
    osThreadCreate                           0x00000961   Thumb Code    36  rt_cmsis.o(i.osThreadCreate)
    osThreadExit                             0x0000098d   Thumb Code    14  rt_cmsis.o(i.osThreadExit)
    osTimerCall                              0x000009a5   Thumb Code     8  rt_cmsis.o(i.osTimerCall)
    osTimerThread                            0x000009b1   Thumb Code    38  rt_cmsis.o(i.osTimerThread)
    os_error                                 0x000009dd   Thumb Code    34  rtx_conf_cm.o(i.os_error)
    os_idle_demon                            0x000009ff   Thumb Code     4  rtx_conf_cm.o(i.os_idle_demon)
    os_tick_init                             0x00000a05   Thumb Code    32  rt_system.o(i.os_tick_init)
    os_tick_irqack                           0x00000a2d   Thumb Code     2  rt_system.o(i.os_tick_irqack)
    rt_alloc_box                             0x00000a2f   Thumb Code    26  rt_membox.o(i.rt_alloc_box)
    rt_alloc_mem                             0x00000a49   Thumb Code    62  rt_memory.o(i.rt_alloc_mem)
    rt_block                                 0x00000a89   Thumb Code    48  rt_task.o(i.rt_block)
    rt_chk_robin                             0x00000ac1   Thumb Code    60  rt_robin.o(i.rt_chk_robin)
    rt_dec_dly                               0x00000b09   Thumb Code   102  rt_list.o(i.rt_dec_dly)
    rt_dispatch                              0x00000b79   Thumb Code    60  rt_task.o(i.rt_dispatch)
    rt_evt_psh                               0x00000bbd   Thumb Code    76  rt_event.o(i.rt_evt_psh)
    rt_free_box                              0x00000c0d   Thumb Code    44  rt_membox.o(i.rt_free_box)
    rt_free_mem                              0x00000c39   Thumb Code    40  rt_memory.o(i.rt_free_mem)
    rt_get_first                             0x00000c61   Thumb Code    40  rt_list.o(i.rt_get_first)
    rt_init_mem                              0x00000cd9   Thumb Code    26  rt_memory.o(i.rt_init_mem)
    rt_init_robin                            0x00000cf5   Thumb Code    14  rt_robin.o(i.rt_init_robin)
    rt_init_stack                            0x00000d0d   Thumb Code   118  hal_cm.o(i.rt_init_stack)
    rt_mbx_check                             0x00000d8d   Thumb Code     8  rt_mailbox.o(i.rt_mbx_check)
    rt_mbx_init                              0x00000d95   Thumb Code    26  rt_mailbox.o(i.rt_mbx_init)
    rt_mbx_psh                               0x00000db1   Thumb Code   236  rt_mailbox.o(i.rt_mbx_psh)
    rt_mbx_wait                              0x00000ea1   Thumb Code   174  rt_mailbox.o(i.rt_mbx_wait)
    rt_mut_release                           0x00000f99   Thumb Code   208  rt_mutex.o(i.rt_mut_release)
    rt_mut_wait                              0x00001071   Thumb Code   114  rt_mutex.o(i.rt_mut_wait)
    rt_pop_req                               0x000010e9   Thumb Code   112  rt_system.o(i.rt_pop_req)
    rt_psh_req                               0x00001165   Thumb Code    22  rt_system.o(i.rt_psh_req)
    rt_psq_enq                               0x00001185   Thumb Code    88  rt_list.o(i.rt_psq_enq)
    rt_put_dly                               0x000011e1   Thumb Code    68  rt_list.o(i.rt_put_dly)
    rt_put_prio                              0x00001229   Thumb Code    54  rt_list.o(i.rt_put_prio)
    rt_put_rdy_first                         0x00001261   Thumb Code    14  rt_list.o(i.rt_put_rdy_first)
    rt_resort_prio                           0x00001275   Thumb Code    46  rt_list.o(i.rt_resort_prio)
    rt_ret_val                               0x000012b9   Thumb Code    12  hal_cm.o(i.rt_ret_val)
    rt_ret_val2                              0x000012c5   Thumb Code    16  hal_cm.o(i.rt_ret_val2)
    rt_rmv_dly                               0x000012d5   Thumb Code    40  rt_list.o(i.rt_rmv_dly)
    rt_rmv_list                              0x000012fd   Thumb Code    44  rt_list.o(i.rt_rmv_list)
    rt_sem_psh                               0x0000132d   Thumb Code    48  rt_semaphore.o(i.rt_sem_psh)
    rt_stk_check                             0x00001361   Thumb Code    28  rt_system.o(i.rt_stk_check)
    rt_switch_req                            0x00001385   Thumb Code    30  rt_task.o(i.rt_switch_req)
    rt_sys_init                              0x000013ad   Thumb Code   138  rt_task.o(i.rt_sys_init)
    rt_sys_start                             0x00001479   Thumb Code   110  rt_task.o(i.rt_sys_start)
    rt_systick                               0x000014f1   Thumb Code    50  rt_system.o(i.rt_systick)
    rt_tsk_create                            0x00001579   Thumb Code   118  rt_task.o(i.rt_tsk_create)
    rt_tsk_delete                            0x00001601   Thumb Code   352  rt_task.o(i.rt_tsk_delete)
    rt_tsk_prio                              0x0000177d   Thumb Code   108  rt_task.o(i.rt_tsk_prio)
    rt_tsk_self                              0x000017f9   Thumb Code    12  rt_task.o(i.rt_tsk_self)
    svcKernelInitialize                      0x00001809   Thumb Code    80  rt_cmsis.o(i.svcKernelInitialize)
    svcKernelStart                           0x00001879   Thumb Code    62  rt_cmsis.o(i.svcKernelStart)
    svcMessageCreate                         0x000018c1   Thumb Code    36  rt_cmsis.o(i.svcMessageCreate)
    svcMessageGet                            0x000018e5   Thumb Code    58  rt_cmsis.o(i.svcMessageGet)
    svcThreadCreate                          0x00001921   Thumb Code    96  rt_cmsis.o(i.svcThreadCreate)
    svcThreadGetId                           0x0000198d   Thumb Code    22  rt_cmsis.o(i.svcThreadGetId)
    svcThreadTerminate                       0x000019a9   Thumb Code    50  rt_cmsis.o(i.svcThreadTerminate)
    svcTimerCall                             0x000019e1   Thumb Code    24  rt_cmsis.o(i.svcTimerCall)
    sysTimerTick                             0x000019f9   Thumb Code    84  rt_cmsis.o(i.sysTimerTick)
    thread_1                                 0x00001a55   Thumb Code    14  main.o(i.thread_1)
    thread_2                                 0x00001a69   Thumb Code    14  main.o(i.thread_2)
    thread_3                                 0x00001a7d   Thumb Code    14  main.o(i.thread_3)
    _fp_init                                 0x00001a91   Thumb Code    10  fpinit.o(x$fpl$fpinit)
    __fplib_config_fpu_vfp                   0x00001a99   Thumb Code     0  fpinit.o(x$fpl$fpinit)
    __fplib_config_pureend_doubles           0x00001a99   Thumb Code     0  fpinit.o(x$fpl$fpinit)
    os_thread_def_thread_1                   0x00001a9c   Data          16  main.o(.constdata)
    os_thread_def_thread_2                   0x00001aac   Data          16  main.o(.constdata)
    os_thread_def_thread_3                   0x00001abc   Data          16  main.o(.constdata)
    os_maxtaskrun                            0x00001acc   Data           2  rtx_conf_cm.o(.constdata)
    os_stackinfo                             0x00001ad0   Data           4  rtx_conf_cm.o(.constdata)
    os_rrobin                                0x00001ad4   Data           4  rtx_conf_cm.o(.constdata)
    os_tickfreq                              0x00001ad8   Data           4  rtx_conf_cm.o(.constdata)
    os_tickus_i                              0x00001adc   Data           2  rtx_conf_cm.o(.constdata)
    os_tickus_f                              0x00001ade   Data           2  rtx_conf_cm.o(.constdata)
    os_trv                                   0x00001ae0   Data           4  rtx_conf_cm.o(.constdata)
    os_flags                                 0x00001ae4   Data           1  rtx_conf_cm.o(.constdata)
    CMSIS_RTOS_API_Version                   0x00001ae8   Data           4  rtx_conf_cm.o(.constdata)
    CMSIS_RTOS_RTX_Version                   0x00001aec   Data           4  rtx_conf_cm.o(.constdata)
    os_clockrate                             0x00001af0   Data           4  rtx_conf_cm.o(.constdata)
    os_timernum                              0x00001af4   Data           4  rtx_conf_cm.o(.constdata)
    mp_tcb_size                              0x00001af8   Data           2  rtx_conf_cm.o(.constdata)
    mp_stk_size                              0x00001afc   Data           4  rtx_conf_cm.o(.constdata)
    os_stack_sz                              0x00001b00   Data           4  rtx_conf_cm.o(.constdata)
    os_fifo_size                             0x00001b04   Data           1  rtx_conf_cm.o(.constdata)
    os_thread_def_osTimerThread              0x00001b08   Data          16  rtx_conf_cm.o(.constdata)
    os_messageQ_def_osTimerMessageQ          0x00001b18   Data           8  rtx_conf_cm.o(.constdata)
    mp_tmr_size                              0x00001b20   Data           2  rtx_conf_cm.o(.constdata)
    os_thread_def_main                       0x00001b24   Data          16  rtx_conf_cm.o(.constdata)
    Region$$Table$$Base                      0x00001b34   Number         0  anon$$obj.o(Region$$Table)
    Region$$Table$$Limit                     0x00001b54   Number         0  anon$$obj.o(Region$$Table)
    count_1                                  0x20000000   Data           4  main.o(.data)
    count_2                                  0x20000004   Data           4  main.o(.data)
    count_3                                  0x20000008   Data           4  main.o(.data)
    osThreadId_osTimerThread                 0x2000000c   Data           4  rtx_conf_cm.o(.data)
    osMessageQId_osTimerMessageQ             0x20000010   Data           4  rtx_conf_cm.o(.data)
    os_tmr                                   0x20000014   Data           4  rtx_conf_cm.o(.data)
    m_tmr                                    0x20000018   Data           4  rtx_conf_cm.o(.data)
    os_initialized                           0x20000020   Data           1  rt_cmsis.o(.data)
    os_running                               0x20000021   Data           1  rt_cmsis.o(.data)
    os_timer_head                            0x20000024   Data           4  rt_cmsis.o(.data)
    os_tsk                                   0x20000028   Data           8  rt_task.o(.data)
    os_tick_irqn                             0x20000034   Data           4  rt_system.o(.data)
    os_time                                  0x20000038   Data           4  rt_time.o(.data)
    os_robin                                 0x2000003c   Data           8  rt_robin.o(.data)
    dbg_msg                                  0x20000044   Data           1  hal_cm.o(.data)
    mp_tcb                                   0x20000048   Data         376  rtx_conf_cm.o(.bss)
    mp_stk                                   0x200001c0   Data        1216  rtx_conf_cm.o(.bss)
    os_stack_mem                             0x20000680   Data         432  rtx_conf_cm.o(.bss)
    os_fifo                                  0x20000830   Data         132  rtx_conf_cm.o(.bss)
    os_active_TCB                            0x200008b4   Data          28  rtx_conf_cm.o(.bss)
    os_messageQ_q_osTimerMessageQ            0x200008d0   Data          32  rtx_conf_cm.o(.bss)
    os_idle_TCB                              0x20000c10   Data          52  rt_task.o(.bss)
    os_rdy                                   0x20000c44   Data          24  rt_list.o(.bss)
    os_dly                                   0x20000c5c   Data          24  rt_list.o(.bss)
    __libspace_start                         0x20000c74   Data          96  libspace.o(.bss)
    __temporary_stack_top$libspace           0x20000cd4   Data           0  libspace.o(.bss)



==============================================================================

Memory Map of the image

  Image Entry point : 0x000004c9

  Load Region LR_1 (Base: 0x00000000, Size: 0x00001b9c, Max: 0xffffffff, ABSOLUTE)

    Execution Region ER_RO (Exec base: 0x00000000, Load base: 0x00000000, Size: 0x00001b54, Max: 0xffffffff, ABSOLUTE)

    Exec Addr    Load Addr    Size         Type   Attr      Idx    E Section Name        Object

    0x00000000   0x00000000   0x0000026c   Data   RO          146    RESET               startup_tm4c123.o
    0x0000026c   0x0000026c   0x00000008   Code   RO         1419  * !!!main             c_w.l(__main.o)
    0x00000274   0x00000274   0x00000034   Code   RO         1580    !!!scatter          c_w.l(__scatter.o)
    0x000002a8   0x000002a8   0x0000001a   Code   RO         1582    !!handler_copy      c_w.l(__scatter_copy.o)
    0x000002c2   0x000002c2   0x00000002   PAD
    0x000002c4   0x000002c4   0x0000001c   Code   RO         1584    !!handler_zi        c_w.l(__scatter_zi.o)
    0x000002e0   0x000002e0   0x00000002   Code   RO         1466    .ARM.Collect$$libinit$$00000000  c_w.l(libinit.o)
    0x000002e2   0x000002e2   0x00000004   Code   RO         1477    .ARM.Collect$$libinit$$00000001  c_w.l(libinit2.o)
    0x000002e6   0x000002e6   0x00000000   Code   RO         1480    .ARM.Collect$$libinit$$00000004  c_w.l(libinit2.o)
    0x000002e6   0x000002e6   0x00000000   Code   RO         1483    .ARM.Collect$$libinit$$0000000A  c_w.l(libinit2.o)
    0x000002e6   0x000002e6   0x00000000   Code   RO         1485    .ARM.Collect$$libinit$$0000000C  c_w.l(libinit2.o)
    0x000002e6   0x000002e6   0x00000000   Code   RO         1487    .ARM.Collect$$libinit$$0000000E  c_w.l(libinit2.o)
    0x000002e6   0x000002e6   0x00000000   Code   RO         1490    .ARM.Collect$$libinit$$00000011  c_w.l(libinit2.o)
    0x000002e6   0x000002e6   0x00000000   Code   RO         1492    .ARM.Collect$$libinit$$00000013  c_w.l(libinit2.o)
    0x000002e6   0x000002e6   0x00000000   Code   RO         1494    .ARM.Collect$$libinit$$00000015  c_w.l(libinit2.o)
    0x000002e6   0x000002e6   0x00000000   Code   RO         1496    .ARM.Collect$$libinit$$00000017  c_w.l(libinit2.o)
    0x000002e6   0x000002e6   0x00000000   Code   RO         1498    .ARM.Collect$$libinit$$00000019  c_w.l(libinit2.o)
    0x000002e6   0x000002e6   0x00000000   Code   RO         1500    .ARM.Collect$$libinit$$0000001B  c_w.l(libinit2.o)
    0x000002e6   0x000002e6   0x00000000   Code   RO         1502    .ARM.Collect$$libinit$$0000001D  c_w.l(libinit2.o)
    0x000002e6   0x000002e6   0x00000000   Code   RO         1504    .ARM.Collect$$libinit$$0000001F  c_w.l(libinit2.o)
    0x000002e6   0x000002e6   0x00000000   Code   RO         1506    .ARM.Collect$$libinit$$00000021  c_w.l(libinit2.o)
    0x000002e6   0x000002e6   0x00000000   Code   RO         1508    .ARM.Collect$$libinit$$00000023  c_w.l(libinit2.o)
    0x000002e6   0x000002e6   0x00000000   Code   RO         1510    .ARM.Collect$$libinit$$00000025  c_w.l(libinit2.o)
    0x000002e6   0x000002e6   0x00000000   Code   RO         1514    .ARM.Collect$$libinit$$0000002C  c_w.l(libinit2.o)
    0x000002e6   0x000002e6   0x00000000   Code   RO         1516    .ARM.Collect$$libinit$$0000002E  c_w.l(libinit2.o)
    0x000002e6   0x000002e6   0x00000000   Code   RO         1518    .ARM.Collect$$libinit$$00000030  c_w.l(libinit2.o)
    0x000002e6   0x000002e6   0x00000000   Code   RO         1520    .ARM.Collect$$libinit$$00000032  c_w.l(libinit2.o)
    0x000002e6   0x000002e6   0x00000002   Code   RO         1521    .ARM.Collect$$libinit$$00000033  c_w.l(libinit2.o)
    0x000002e8   0x000002e8   0x00000002   Code   RO         1467    .ARM.Collect$$libshutdown$$00000000  c_w.l(libshutdown.o)
    0x000002ea   0x000002ea   0x00000000   Code   RO         1523    .ARM.Collect$$libshutdown$$00000002  c_w.l(libshutdown2.o)
    0x000002ea   0x000002ea   0x00000000   Code   RO         1525    .ARM.Collect$$libshutdown$$00000004  c_w.l(libshutdown2.o)
    0x000002ea   0x000002ea   0x00000000   Code   RO         1528    .ARM.Collect$$libshutdown$$00000007  c_w.l(libshutdown2.o)
    0x000002ea   0x000002ea   0x00000000   Code   RO         1531    .ARM.Collect$$libshutdown$$0000000A  c_w.l(libshutdown2.o)
    0x000002ea   0x000002ea   0x00000000   Code   RO         1533    .ARM.Collect$$libshutdown$$0000000C  c_w.l(libshutdown2.o)
    0x000002ea   0x000002ea   0x00000000   Code   RO         1536    .ARM.Collect$$libshutdown$$0000000F  c_w.l(libshutdown2.o)
    0x000002ea   0x000002ea   0x00000002   Code   RO         1537    .ARM.Collect$$libshutdown$$00000010  c_w.l(libshutdown2.o)
    0x000002ec   0x000002ec   0x00000000   Code   RO         1421    .ARM.Collect$$rtentry$$00000000  c_w.l(__rtentry.o)
    0x000002ec   0x000002ec   0x00000000   Code   RO         1429    .ARM.Collect$$rtentry$$00000002  c_w.l(__rtentry2.o)
    0x000002ec   0x000002ec   0x00000006   Code   RO         1441    .ARM.Collect$$rtentry$$00000004  c_w.l(__rtentry4.o)
    0x000002f2   0x000002f2   0x00000000   Code   RO         1431    .ARM.Collect$$rtentry$$00000009  c_w.l(__rtentry2.o)
    0x000002f2   0x000002f2   0x00000004   Code   RO         1432    .ARM.Collect$$rtentry$$0000000A  c_w.l(__rtentry2.o)
    0x000002f6   0x000002f6   0x00000008   Code   RO         1433    .ARM.Collect$$rtentry$$0000000B  c_w.l(__rtentry2.o)
    0x000002fe   0x000002fe   0x00000008   Code   RO         1435    .ARM.Collect$$rtentry$$0000000D  c_w.l(__rtentry2.o)
    0x00000306   0x00000306   0x00000002   Code   RO         1422    .ARM.Collect$$rtexit$$00000000  c_w.l(rtexit.o)
    0x00000308   0x00000308   0x00000000   Code   RO         1444    .ARM.Collect$$rtexit$$00000002  c_w.l(rtexit2.o)
    0x00000308   0x00000308   0x00000004   Code   RO         1445    .ARM.Collect$$rtexit$$00000003  c_w.l(rtexit2.o)
    0x0000030c   0x0000030c   0x00000006   Code   RO         1446    .ARM.Collect$$rtexit$$00000004  c_w.l(rtexit2.o)
    0x00000312   0x00000312   0x00000002   PAD
    0x00000314   0x00000314   0x0000001c   Code   RO           86    .emb_text           rtx_conf_cm.o
    0x00000330   0x00000330   0x00000198   Code   RO         1395    .emb_text           RTX_CM4.lib(hal_cm4.o)
    0x000004c8   0x000004c8   0x00000114   Code   RO          147  * .text               startup_tm4c123.o
    0x000005dc   0x000005dc   0x00000008   Code   RO         1410    .text               c_w.l(libspace.o)
    0x000005e4   0x000005e4   0x00000012   Code   RO         1415    .text               c_w.l(exit.o)
    0x000005f6   0x000005f6   0x00000006   Code   RO         1417    .text               c_w.l(heapauxi.o)
    0x000005fc   0x000005fc   0x0000000c   Code   RO         1452    .text               c_w.l(sys_exit.o)
    0x00000608   0x00000608   0x0000004a   Code   RO         1454    .text               c_w.l(sys_stackheap_outer.o)
    0x00000652   0x00000652   0x00000002   Code   RO         1468    .text               c_w.l(use_no_semi.o)
    0x00000654   0x00000654   0x00000000   Code   RO         1470    .text               c_w.l(indicate_semi.o)
    0x00000654   0x00000654   0x00000004   Code   RO         1405    SVC_TABLE           RTX_CM4.lib(svc_table.o)
    0x00000658   0x00000658   0x00000098   Code   RO          155    i.SystemInit        system_tm4c123.o
    0x000006f0   0x000006f0   0x00000046   Code   RO         1289    i._init_box         RTX_CM4.lib(rt_membox.o)
    0x00000736   0x00000736   0x00000002   PAD
    0x00000738   0x00000738   0x00000020   Code   RO           88    i._mutex_acquire    rtx_conf_cm.o
    0x00000758   0x00000758   0x0000001c   Code   RO           90    i._mutex_release    rtx_conf_cm.o
    0x00000774   0x00000774   0x00000030   Code   RO         1342    i.dbg_init          RTX_CM4.lib(hal_cm.o)
    0x000007a4   0x000007a4   0x00000020   Code   RO         1343    i.dbg_task_notify   RTX_CM4.lib(hal_cm.o)
    0x000007c4   0x000007c4   0x00000010   Code   RO         1344    i.dbg_task_switch   RTX_CM4.lib(hal_cm.o)
    0x000007d4   0x000007d4   0x0000002a   Code   RO          195    i.isrMessageGet     RTX_CM4.lib(rt_cmsis.o)
    0x000007fe   0x000007fe   0x0000002c   Code   RO          196    i.isrMessagePut     RTX_CM4.lib(rt_cmsis.o)
    0x0000082a   0x0000082a   0x00000002   PAD
    0x0000082c   0x0000082c   0x00000056   Code   RO         1144    i.isr_mbx_receive   RTX_CM4.lib(rt_mailbox.o)
    0x00000882   0x00000882   0x0000000e   Code   RO         1145    i.isr_mbx_send      RTX_CM4.lib(rt_mailbox.o)
    0x00000890   0x00000890   0x00000028   Code   RO            4    i.main              main.o
    0x000008b8   0x000008b8   0x00000024   Code   RO          200    i.osKernelInitialize  RTX_CM4.lib(rt_cmsis.o)
    0x000008dc   0x000008dc   0x0000006c   Code   RO          202    i.osKernelStart     RTX_CM4.lib(rt_cmsis.o)
    0x00000948   0x00000948   0x00000018   Code   RO          211    i.osMessageGet      RTX_CM4.lib(rt_cmsis.o)
    0x00000960   0x00000960   0x0000002c   Code   RO          228    i.osThreadCreate    RTX_CM4.lib(rt_cmsis.o)
    0x0000098c   0x0000098c   0x00000018   Code   RO          229    i.osThreadExit      RTX_CM4.lib(rt_cmsis.o)
    0x000009a4   0x000009a4   0x0000000c   Code   RO          235    i.osTimerCall       RTX_CM4.lib(rt_cmsis.o)
    0x000009b0   0x000009b0   0x0000002c   Code   RO          240    i.osTimerThread     RTX_CM4.lib(rt_cmsis.o)
    0x000009dc   0x000009dc   0x00000022   Code   RO           91    i.os_error          rtx_conf_cm.o
    0x000009fe   0x000009fe   0x00000004   Code   RO           92    i.os_idle_demon     rtx_conf_cm.o
    0x00000a02   0x00000a02   0x00000002   PAD
    0x00000a04   0x00000a04   0x00000028   Code   RO          936    i.os_tick_init      RTX_CM4.lib(rt_system.o)
    0x00000a2c   0x00000a2c   0x00000002   Code   RO          937    i.os_tick_irqack    RTX_CM4.lib(rt_system.o)
    0x00000a2e   0x00000a2e   0x0000001a   Code   RO         1290    i.rt_alloc_box      RTX_CM4.lib(rt_membox.o)
    0x00000a48   0x00000a48   0x0000003e   Code   RO         1318    i.rt_alloc_mem      RTX_CM4.lib(rt_memory.o)
    0x00000a86   0x00000a86   0x00000002   PAD
    0x00000a88   0x00000a88   0x00000038   Code   RO          817    i.rt_block          RTX_CM4.lib(rt_task.o)
    0x00000ac0   0x00000ac0   0x00000048   Code   RO         1267    i.rt_chk_robin      RTX_CM4.lib(rt_robin.o)
    0x00000b08   0x00000b08   0x00000070   Code   RO         1068    i.rt_dec_dly        RTX_CM4.lib(rt_list.o)
    0x00000b78   0x00000b78   0x00000044   Code   RO          818    i.rt_dispatch       RTX_CM4.lib(rt_task.o)
    0x00000bbc   0x00000bbc   0x00000050   Code   RO         1029    i.rt_evt_psh        RTX_CM4.lib(rt_event.o)
    0x00000c0c   0x00000c0c   0x0000002c   Code   RO         1291    i.rt_free_box       RTX_CM4.lib(rt_membox.o)
    0x00000c38   0x00000c38   0x00000028   Code   RO         1319    i.rt_free_mem       RTX_CM4.lib(rt_memory.o)
    0x00000c60   0x00000c60   0x00000028   Code   RO         1069    i.rt_get_first      RTX_CM4.lib(rt_list.o)
    0x00000c88   0x00000c88   0x00000008   Code   RO          245    i.rt_id2obj         RTX_CM4.lib(rt_cmsis.o)
    0x00000c90   0x00000c90   0x00000048   Code   RO          819    i.rt_init_context   RTX_CM4.lib(rt_task.o)
    0x00000cd8   0x00000cd8   0x0000001a   Code   RO         1320    i.rt_init_mem       RTX_CM4.lib(rt_memory.o)
    0x00000cf2   0x00000cf2   0x00000002   PAD
    0x00000cf4   0x00000cf4   0x00000018   Code   RO         1268    i.rt_init_robin     RTX_CM4.lib(rt_robin.o)
    0x00000d0c   0x00000d0c   0x00000080   Code   RO         1345    i.rt_init_stack     RTX_CM4.lib(hal_cm.o)
    0x00000d8c   0x00000d8c   0x00000008   Code   RO         1146    i.rt_mbx_check      RTX_CM4.lib(rt_mailbox.o)
    0x00000d94   0x00000d94   0x0000001a   Code   RO         1147    i.rt_mbx_init       RTX_CM4.lib(rt_mailbox.o)
    0x00000dae   0x00000dae   0x00000002   PAD
    0x00000db0   0x00000db0   0x000000f0   Code   RO         1148    i.rt_mbx_psh        RTX_CM4.lib(rt_mailbox.o)
    0x00000ea0   0x00000ea0   0x000000b4   Code   RO         1150    i.rt_mbx_wait       RTX_CM4.lib(rt_mailbox.o)
    0x00000f54   0x00000f54   0x00000044   Code   RO          246    i.rt_ms2tick        RTX_CM4.lib(rt_cmsis.o)
    0x00000f98   0x00000f98   0x000000d8   Code   RO          903    i.rt_mut_release    RTX_CM4.lib(rt_mutex.o)
    0x00001070   0x00001070   0x00000078   Code   RO          904    i.rt_mut_wait       RTX_CM4.lib(rt_mutex.o)
    0x000010e8   0x000010e8   0x0000007c   Code   RO          940    i.rt_pop_req        RTX_CM4.lib(rt_system.o)
    0x00001164   0x00001164   0x00000020   Code   RO          941    i.rt_psh_req        RTX_CM4.lib(rt_system.o)
    0x00001184   0x00001184   0x0000005c   Code   RO         1071    i.rt_psq_enq        RTX_CM4.lib(rt_list.o)
    0x000011e0   0x000011e0   0x00000048   Code   RO         1072    i.rt_put_dly        RTX_CM4.lib(rt_list.o)
    0x00001228   0x00001228   0x00000036   Code   RO         1073    i.rt_put_prio       RTX_CM4.lib(rt_list.o)
    0x0000125e   0x0000125e   0x00000002   PAD
    0x00001260   0x00001260   0x00000014   Code   RO         1074    i.rt_put_rdy_first  RTX_CM4.lib(rt_list.o)
    0x00001274   0x00001274   0x00000034   Code   RO         1075    i.rt_resort_prio    RTX_CM4.lib(rt_list.o)
    0x000012a8   0x000012a8   0x00000010   Code   RO         1346    i.rt_ret_regs       RTX_CM4.lib(hal_cm.o)
    0x000012b8   0x000012b8   0x0000000c   Code   RO         1347    i.rt_ret_val        RTX_CM4.lib(hal_cm.o)
    0x000012c4   0x000012c4   0x00000010   Code   RO         1348    i.rt_ret_val2       RTX_CM4.lib(hal_cm.o)
    0x000012d4   0x000012d4   0x00000028   Code   RO         1076    i.rt_rmv_dly        RTX_CM4.lib(rt_list.o)
    0x000012fc   0x000012fc   0x00000030   Code   RO         1077    i.rt_rmv_list       RTX_CM4.lib(rt_list.o)
    0x0000132c   0x0000132c   0x00000034   Code   RO         1195    i.rt_sem_psh        RTX_CM4.lib(rt_semaphore.o)
    0x00001360   0x00001360   0x00000024   Code   RO          943    i.rt_stk_check      RTX_CM4.lib(rt_system.o)
    0x00001384   0x00001384   0x00000028   Code   RO          820    i.rt_switch_req     RTX_CM4.lib(rt_task.o)
    0x000013ac   0x000013ac   0x000000cc   Code   RO          821    i.rt_sys_init       RTX_CM4.lib(rt_task.o)
    0x00001478   0x00001478   0x00000078   Code   RO          822    i.rt_sys_start      RTX_CM4.lib(rt_task.o)
    0x000014f0   0x000014f0   0x00000040   Code   RO          945    i.rt_systick        RTX_CM4.lib(rt_system.o)
    0x00001530   0x00001530   0x00000012   Code   RO          247    i.rt_tid2ptcb       RTX_CM4.lib(rt_cmsis.o)
    0x00001542   0x00001542   0x00000002   PAD
    0x00001544   0x00001544   0x00000034   Code   RO          248    i.rt_timer_insert   RTX_CM4.lib(rt_cmsis.o)
    0x00001578   0x00001578   0x00000088   Code   RO          823    i.rt_tsk_create     RTX_CM4.lib(rt_task.o)
    0x00001600   0x00001600   0x0000017c   Code   RO          824    i.rt_tsk_delete     RTX_CM4.lib(rt_task.o)
    0x0000177c   0x0000177c   0x0000007c   Code   RO          826    i.rt_tsk_prio       RTX_CM4.lib(rt_task.o)
    0x000017f8   0x000017f8   0x00000010   Code   RO          827    i.rt_tsk_self       RTX_CM4.lib(rt_task.o)
    0x00001808   0x00001808   0x00000070   Code   RO          251    i.svcKernelInitialize  RTX_CM4.lib(rt_cmsis.o)
    0x00001878   0x00001878   0x00000048   Code   RO          253    i.svcKernelStart    RTX_CM4.lib(rt_cmsis.o)
    0x000018c0   0x000018c0   0x00000024   Code   RO          256    i.svcMessageCreate  RTX_CM4.lib(rt_cmsis.o)
    0x000018e4   0x000018e4   0x0000003a   Code   RO          257    i.svcMessageGet     RTX_CM4.lib(rt_cmsis.o)
    0x0000191e   0x0000191e   0x00000002   PAD
    0x00001920   0x00001920   0x0000006c   Code   RO          271    i.svcThreadCreate   RTX_CM4.lib(rt_cmsis.o)
    0x0000198c   0x0000198c   0x0000001c   Code   RO          272    i.svcThreadGetId    RTX_CM4.lib(rt_cmsis.o)
    0x000019a8   0x000019a8   0x00000038   Code   RO          275    i.svcThreadTerminate  RTX_CM4.lib(rt_cmsis.o)
    0x000019e0   0x000019e0   0x00000018   Code   RO          277    i.svcTimerCall      RTX_CM4.lib(rt_cmsis.o)
    0x000019f8   0x000019f8   0x0000005c   Code   RO          286    i.sysTimerTick      RTX_CM4.lib(rt_cmsis.o)
    0x00001a54   0x00001a54   0x00000014   Code   RO            5    i.thread_1          main.o
    0x00001a68   0x00001a68   0x00000014   Code   RO            6    i.thread_2          main.o
    0x00001a7c   0x00001a7c   0x00000014   Code   RO            7    i.thread_3          main.o
    0x00001a90   0x00001a90   0x0000000a   Code   RO         1544    x$fpl$fpinit        fz_wm.l(fpinit.o)
    0x00001a9a   0x00001a9a   0x00000002   PAD
    0x00001a9c   0x00001a9c   0x00000030   Data   RO            8    .constdata          main.o
    0x00001acc   0x00001acc   0x00000068   Data   RO           94    .constdata          rtx_conf_cm.o
    0x00001b34   0x00001b34   0x00000020   Data   RO         1578    Region$$Table       anon$$obj.o


    Execution Region ER_RW (Exec base: 0x20000000, Load base: 0x00001b54, Size: 0x00000048, Max: 0xffffffff, ABSOLUTE)

    Exec Addr    Load Addr    Size         Type   Attr      Idx    E Section Name        Object

    0x20000000   0x00001b54   0x0000000c   Data   RW            9    .data               main.o
    0x2000000c   0x00001b60   0x00000014   Data   RW           95    .data               rtx_conf_cm.o
    0x20000020   0x00001b74   0x00000008   Data   RW          289    .data               RTX_CM4.lib(rt_cmsis.o)
    0x20000028   0x00001b7c   0x00000008   Data   RW          829    .data               RTX_CM4.lib(rt_task.o)
    0x20000030   0x00001b84   0x00000008   Data   RW          948    .data               RTX_CM4.lib(rt_system.o)
    0x20000038   0x00001b8c   0x00000004   Data   RW         1238    .data               RTX_CM4.lib(rt_time.o)
    0x2000003c   0x00001b90   0x00000008   Data   RW         1269    .data               RTX_CM4.lib(rt_robin.o)
    0x20000044   0x00001b98   0x00000001   Data   RW         1349    .data               RTX_CM4.lib(hal_cm.o)


    Execution Region ER_ZI (Exec base: 0x20000048, Load base: 0x00001b9c, Size: 0x00000e90, Max: 0xffffffff, ABSOLUTE)

    Exec Addr    Load Addr    Size         Type   Attr      Idx    E Section Name        Object

    0x20000048        -       0x00000bc8   Zero   RW           93    .bss                rtx_conf_cm.o
    0x20000c10        -       0x00000034   Zero   RW          828    .bss                RTX_CM4.lib(rt_task.o)
    0x20000c44        -       0x00000030   Zero   RW         1078    .bss                RTX_CM4.lib(rt_list.o)
    0x20000c74        -       0x00000060   Zero   RW         1411    .bss                c_w.l(libspace.o)
    0x20000cd4   0x00001b9c   0x00000004   PAD
    0x20000cd8        -       0x00000000   Zero   RW          145    HEAP                startup_tm4c123.o
    0x20000cd8        -       0x00000200   Zero   RW          144    STACK               startup_tm4c123.o


==============================================================================

Image component sizes


      Code (inc. data)   RO Data    RW Data    ZI Data      Debug   Object Name

       100         30         48         12          0      11605   main.o
       126         26        104         20       3016       9607   rtx_conf_cm.o
       276         24        620          0        512       5464   startup_tm4c123.o
       152         40          0          0          0        613   system_tm4c123.o

    ----------------------------------------------------------------------
       656        120        804         32       3528      27289   Object Totals
         0          0         32          0          0          0   (incl. Generated)
         2          0          0          0          0          0   (incl. Padding)

    ----------------------------------------------------------------------

      Code (inc. data)   RO Data    RW Data    ZI Data      Debug   Library Member Name

       268         24          0          1          0       4440   hal_cm.o
       408         34          0          0          0        812   hal_cm4.o
      1110        138          0          8          0      34881   rt_cmsis.o
        80          4          0          0          0        697   rt_event.o
       530         34          0          0         48       8589   rt_list.o
       554         10          0          0          0       4177   rt_mailbox.o
       140          0          0          0          0       2033   rt_membox.o
       128          0          0          0          0       2411   rt_memory.o
       336         14          0          0          0       1719   rt_mutex.o
        96         22          0          8          0       1230   rt_robin.o
        52          4          0          0          0        613   rt_semaphore.o
       298         52          0          8          0       6427   rt_system.o
      1216        174          0          8         52      10017   rt_task.o
         0          0          0          4          0        206   rt_time.o
         4          4          0          0          0        196   svc_table.o
         8          0          0          0          0         68   __main.o
         0          0          0          0          0          0   __rtentry.o
        20          0          0          0          0          0   __rtentry2.o
         6          0          0          0          0          0   __rtentry4.o
        52          8          0          0          0          0   __scatter.o
        26          0          0          0          0          0   __scatter_copy.o
        28          0          0          0          0          0   __scatter_zi.o
        18          0          0          0          0         80   exit.o
         6          0          0          0          0        152   heapauxi.o
         0          0          0          0          0          0   indicate_semi.o
         2          0          0          0          0          0   libinit.o
         6          0          0          0          0          0   libinit2.o
         2          0          0          0          0          0   libshutdown.o
         2          0          0          0          0          0   libshutdown2.o
         8          4          0          0         96         68   libspace.o
         2          0          0          0          0          0   rtexit.o
        10          0          0          0          0          0   rtexit2.o
        12          4          0          0          0         68   sys_exit.o
        74          0          0          0          0         80   sys_stackheap_outer.o
         2          0          0          0          0         68   use_no_semi.o
        10          0          0          0          0        116   fpinit.o

    ----------------------------------------------------------------------
      5536        530          0         40        200      79148   Library Totals
        22          0          0          3          4          0   (incl. Padding)

    ----------------------------------------------------------------------

      Code (inc. data)   RO Data    RW Data    ZI Data      Debug   Library Name

      5220        514          0         37        100      78448   RTX_CM4.lib
       284         16          0          0         96        584   c_w.l
        10          0          0          0          0        116   fz_wm.l

    ----------------------------------------------------------------------
      5536        530          0         40        200      79148   Library Totals

    ----------------------------------------------------------------------

==============================================================================


      Code (inc. data)   RO Data    RW Data    ZI Data      Debug   

      6192        650        804         72       3728      98981   Grand Totals
      6192        650        804         72       3728      98981   ELF Image Totals
      6192        650        804         72          0          0   ROM Totals

==============================================================================

    Total RO  Size (Code + RO Data)                 6996 (   6.83kB)
    Total RW  Size (RW Data + ZI Data)              3800 (   3.71kB)
    Total ROM Size (Code + RO Data + RW Data)       7068 (   6.90kB)

==============================================================================

